<html>
<body>
<pre>
<h1>µVision Build Log</h1>
<h2>Tool Versions:</h2>
IDE-Version: ¦ÌVision V5.14.0.0
Copyright (C) 2015 ARM Ltd and ARM Germany GmbH. All rights reserved.
License Information: lejia Microsoft, Microsoft, LIC=Y2BZ9-4ENU1-MR6XP-M9GQM-CSL4X-7CYUH
 
Tool Versions:
Toolchain:       MDK-ARM Professional  Version: 5.14.0.0
Toolchain Path:  H:\SoftWare\Keil_v5\ARM\ARMCC\Bin
C Compiler:      Armcc.exe V5.05 update 1 (build 106)
Assembler:       Armasm.exe V5.05 update 1 (build 106)
Linker/Locator:  ArmLink.exe V5.05 update 1 (build 106)
Library Manager: ArmAr.exe V5.05 update 1 (build 106)
Hex Converter:   FromElf.exe V5.05 update 1 (build 106)
CPU DLL:         SARMCM3.DLL V5.14.0.0
Dialog DLL:      DCM.DLL V1.13.1.0
Target DLL:      STLink\ST-LINKIII-KEIL_SWO.dll V2.0.14.0_KEIL
Dialog DLL:      TCM.DLL V1.14.4.0
 
<h2>Project:</h2>
G:\work\ZXKJ\project-shair\code\DB000-Bootloader\USER\IAP.uvprojx
Project File Date:  10/12/2017

<h2>Output:</h2>
Build target 'IAP'
compiling main.c...
compiling stm32f10x_it.c...
compiling sim800C.c...
..\HARDWARE\GSM\sim800C.c(1148): warning:  #550-D: variable "ftp_recv_len" was set but never used
        int ftp_recv_len = 0;
..\HARDWARE\GSM\sim800C.c: 1 warning, 0 errors
linking...
Program Size: Code=12672 RO-data=404 RW-data=100 ZI-data=14236  
FromELF: creating hex file...
"..\OBJ\IAP.axf" - 0 Error(s), 1 Warning(s).

<h2>Collection of Component include folders:</h2>
  G:\work\ZXKJ\project-shair\code\DB000-Bootloader\USER\RTE
  H:\SoftWare\Keil_v5\ARM\PACK\Keil\STM32F1xx_DFP\2.2.0

<h2>Collection of Component Files used:</h2>
</pre>
</body>
</html>
