Component: ARM Compiler 5.05 update 1 (build 106) Tool: armlink [4d0efa]

==============================================================================

Section Cross References

    main.o(i.GPRS_USART) refers to stm32f10x_gpio.o(i.GPIO_Init) for GPIO_Init
    main.o(i.GPRS_USART) refers to stm32f10x_gpio.o(i.GPIO_ResetBits) for GPIO_ResetBits
    main.o(i.GPRS_USART) refers to stm32f10x_gpio.o(i.GPIO_SetBits) for GPIO_SetBits
    main.o(i.GPRS_USART) refers to uart.o(i.USART1Conf) for USART1Conf
    main.o(i.NVIC_Configuration) refers to misc.o(i.NVIC_PriorityGroupConfig) for NVIC_PriorityGroupConfig
    main.o(i.NVIC_Configuration) refers to misc.o(i.NVIC_Init) for NVIC_Init
    main.o(i.main) refers to _printf_percent.o(.ARM.Collect$$_printf_percent$$00000000) for _printf_percent
    main.o(i.main) refers to _printf_d.o(.ARM.Collect$$_printf_percent$$00000009) for _printf_d
    main.o(i.main) refers to _printf_dec.o(.text) for _printf_int_dec
    main.o(i.main) refers to main.o(i.NVIC_Configuration) for NVIC_Configuration
    main.o(i.main) refers to delay.o(i.delay_init) for delay_init
    main.o(i.main) refers to buzzer.o(i.TIM1_Int_Init) for TIM1_Int_Init
    main.o(i.main) refers to interface.o(i.TIM2_Init) for TIM2_Init
    main.o(i.main) refers to serialportapi.o(i.UartBegin) for UartBegin
    main.o(i.main) refers to uart.o(i.USART2Conf) for USART2Conf
    main.o(i.main) refers to w25qxx.o(i.W25QXX_Init) for W25QXX_Init
    main.o(i.main) refers to sim800c.o(i.delay) for delay
    main.o(i.main) refers to noretval__2printf.o(.text) for __2printf
    main.o(i.main) refers to buzzer.o(i.beep_on) for beep_on
    main.o(i.main) refers to w25qxx.o(i.W25QXX_ReadID) for W25QXX_ReadID
    main.o(i.main) refers to stmflash.o(i.Flash_Read_Number) for Flash_Read_Number
    main.o(i.main) refers to iap.o(i.APP_W25qxx_to_Flash) for APP_W25qxx_to_Flash
    main.o(i.main) refers to iap.o(i.APP_Flash_to_W25qxx) for APP_Flash_to_W25qxx
    main.o(i.main) refers to stmflash.o(i.Flash_Write_Number) for Flash_Write_Number
    main.o(i.main) refers to sim800c.o(i.GSM_restart) for GSM_restart
    main.o(i.main) refers to sim800c.o(i.GSMInit) for GSMInit
    main.o(i.main) refers to iap.o(i.Jump_to_App) for Jump_to_App
    main.o(i.main) refers to uart.o(i.U1_PutChar) for U1_PutChar
    main.o(i.main) refers to main.o(i.GPRS_USART) for GPRS_USART
    main.o(i.main) refers to main.o(.data) for http_buf
    stm32f10x_it.o(i.TIM2_IRQHandler) refers to stm32f10x_tim.o(i.TIM_GetITStatus) for TIM_GetITStatus
    stm32f10x_it.o(i.TIM2_IRQHandler) refers to stm32f10x_tim.o(i.TIM_ClearITPendingBit) for TIM_ClearITPendingBit
    stm32f10x_it.o(i.TIM2_IRQHandler) refers to sim800c.o(i.timer1msINT) for timer1msINT
    stm32f10x_it.o(i.USART1_IRQHandler) refers to stm32f10x_usart.o(i.USART_GetITStatus) for USART_GetITStatus
    stm32f10x_it.o(i.USART1_IRQHandler) refers to stm32f10x_usart.o(i.USART_ClearITPendingBit) for USART_ClearITPendingBit
    stm32f10x_it.o(i.USART1_IRQHandler) refers to stm32f10x_usart.o(i.USART_ReceiveData) for USART_ReceiveData
    stm32f10x_it.o(i.USART1_IRQHandler) refers to serialportapi.o(i.SerialInt) for SerialInt
    stm32f10x_it.o(i.USART2_IRQHandler) refers to stm32f10x_usart.o(i.USART_GetITStatus) for USART_GetITStatus
    stm32f10x_it.o(i.USART2_IRQHandler) refers to stm32f10x_usart.o(i.USART_ClearITPendingBit) for USART_ClearITPendingBit
    stm32f10x_it.o(i.USART2_IRQHandler) refers to stm32f10x_usart.o(i.USART_ReceiveData) for USART_ReceiveData
    stm32f10x_it.o(i.USART2_IRQHandler) refers to uart.o(.data) for USART_RX_CNT
    stm32f10x_it.o(i.USART2_IRQHandler) refers to uart.o(.bss) for USART_RX_BUF
    system_stm32f10x.o(i.SetSysClock) refers to system_stm32f10x.o(i.SetSysClockTo72) for SetSysClockTo72
    system_stm32f10x.o(i.SystemCoreClockUpdate) refers to system_stm32f10x.o(.data) for SystemCoreClock
    system_stm32f10x.o(i.SystemInit) refers to system_stm32f10x.o(i.SetSysClock) for SetSysClock
    led.o(i.LED_Init) refers to stm32f10x_rcc.o(i.RCC_APB2PeriphClockCmd) for RCC_APB2PeriphClockCmd
    led.o(i.LED_Init) refers to stm32f10x_gpio.o(i.GPIO_Init) for GPIO_Init
    led.o(i.LED_Init) refers to stm32f10x_gpio.o(i.GPIO_SetBits) for GPIO_SetBits
    key.o(i.KEY_Init) refers to stm32f10x_rcc.o(i.RCC_APB2PeriphClockCmd) for RCC_APB2PeriphClockCmd
    key.o(i.KEY_Init) refers to stm32f10x_gpio.o(i.GPIO_Init) for GPIO_Init
    key.o(i.KEY_Scan) refers to stm32f10x_gpio.o(i.GPIO_ReadInputDataBit) for GPIO_ReadInputDataBit
    key.o(i.KEY_Scan) refers to delay.o(i.delay_ms) for delay_ms
    key.o(i.KEY_Scan) refers to key.o(.data) for key_up
    stmflash.o(i.Flash_Read_Number) refers to stmflash.o(i.STMFLASH_Read) for STMFLASH_Read
    stmflash.o(i.Flash_Read_Str) refers to stmflash.o(i.STMFLASH_Read) for STMFLASH_Read
    stmflash.o(i.Flash_Write_Number) refers to stmflash.o(i.STMFLASH_Write) for STMFLASH_Write
[...]
    .ARM.Collect$$libshutdown$$00000003      0x0800018e   Section        0  libshutdown2.o(.ARM.Collect$$libshutdown$$00000003)
    .ARM.Collect$$libshutdown$$00000006      0x0800018e   Section        0  libshutdown2.o(.ARM.Collect$$libshutdown$$00000006)
    .ARM.Collect$$libshutdown$$00000009      0x0800018e   Section        0  libshutdown2.o(.ARM.Collect$$libshutdown$$00000009)
    .ARM.Collect$$libshutdown$$0000000B      0x0800018e   Section        0  libshutdown2.o(.ARM.Collect$$libshutdown$$0000000B)
    .ARM.Collect$$libshutdown$$0000000E      0x0800018e   Section        0  libshutdown2.o(.ARM.Collect$$libshutdown$$0000000E)
    .ARM.Collect$$libshutdown$$0000000F      0x0800018e   Section        2  libshutdown2.o(.ARM.Collect$$libshutdown$$0000000F)
    .ARM.Collect$$rtentry$$00000000          0x08000190   Section        0  __rtentry.o(.ARM.Collect$$rtentry$$00000000)
    .ARM.Collect$$rtentry$$00000002          0x08000190   Section        0  __rtentry2.o(.ARM.Collect$$rtentry$$00000002)
    .ARM.Collect$$rtentry$$00000004          0x08000190   Section        6  __rtentry4.o(.ARM.Collect$$rtentry$$00000004)
    .ARM.Collect$$rtentry$$00000009          0x08000196   Section        0  __rtentry2.o(.ARM.Collect$$rtentry$$00000009)
    .ARM.Collect$$rtentry$$0000000A          0x08000196   Section        4  __rtentry2.o(.ARM.Collect$$rtentry$$0000000A)
    .ARM.Collect$$rtentry$$0000000C          0x0800019a   Section        0  __rtentry2.o(.ARM.Collect$$rtentry$$0000000C)
    .ARM.Collect$$rtentry$$0000000D          0x0800019a   Section        8  __rtentry2.o(.ARM.Collect$$rtentry$$0000000D)
    .ARM.Collect$$rtexit$$00000000           0x080001a2   Section        2  rtexit.o(.ARM.Collect$$rtexit$$00000000)
    .ARM.Collect$$rtexit$$00000002           0x080001a4   Section        0  rtexit2.o(.ARM.Collect$$rtexit$$00000002)
    .ARM.Collect$$rtexit$$00000003           0x080001a4   Section        4  rtexit2.o(.ARM.Collect$$rtexit$$00000003)
    .ARM.Collect$$rtexit$$00000004           0x080001a8   Section        6  rtexit2.o(.ARM.Collect$$rtexit$$00000004)
    .emb_text                                0x080001b0   Section        6  sys.o(.emb_text)
    .text                                    0x080001b8   Section       64  startup_stm32f10x_md.o(.text)
    .text                                    0x080001f8   Section        2  use_no_semi_2.o(.text)
    .text                                    0x080001fc   Section        0  noretval__2printf.o(.text)
    .text                                    0x08000214   Section        0  noretval__2sprintf.o(.text)
    .text                                    0x0800023c   Section        0  _printf_pad.o(.text)
    .text                                    0x0800028a   Section        0  _printf_str.o(.text)
    .text                                    0x080002dc   Section        0  _printf_dec.o(.text)
    .text                                    0x08000354   Section        0  _printf_hex_int.o(.text)
    .text                                    0x080003ac   Section        0  __printf_flags_wp.o(.text)
    .text                                    0x080004e4   Section        0  atoi.o(.text)
    .text                                    0x080004fe   Section        0  strstr.o(.text)
    .text                                    0x08000522   Section        0  strcpy.o(.text)
    .text                                    0x0800056a   Section        0  strlen.o(.text)
    .text                                    0x080005a8   Section      100  rt_memcpy_w.o(.text)
    .text                                    0x0800060c   Section       68  rt_memclr.o(.text)
    .text                                    0x08000650   Section       86  strncpy.o(.text)
    .text                                    0x080006a8   Section      128  strcmpv7m.o(.text)
    .text                                    0x08000728   Section        0  heapauxi.o(.text)
    .text                                    0x0800072e   Section        2  use_no_semi.o(.text)
    .text                                    0x08000730   Section        8  rt_errno_addr_intlibspace.o(.text)
    .text                                    0x08000738   Section        0  _printf_intcommon.o(.text)
    .text                                    0x080007ec   Section        0  _printf_char_common.o(.text)
    _printf_input_char                       0x080007ed   Thumb Code    10  _printf_char_common.o(.text)
    .text                                    0x0800081c   Section        0  _sputc.o(.text)
    .text                                    0x08000826   Section        0  _printf_char.o(.text)
    .text                                    0x08000854   Section        0  _printf_char_file.o(.text)
    .text                                    0x08000878   Section        0  strtol.o(.text)
    .text                                    0x080008e8   Section       78  rt_memclr_w.o(.text)
    .text                                    0x08000938   Section        8  libspace.o(.text)
    .text                                    0x08000940   Section       16  rt_ctype_table.o(.text)
    .text                                    0x08000950   Section        0  _strtoul.o(.text)
    .text                                    0x080009ee   Section        0  ferror.o(.text)
    .text                                    0x080009f6   Section       74  sys_stackheap_outer.o(.text)
    .text                                    0x08000a40   Section        8  rt_locale_intlibspace.o(.text)
    .text                                    0x08000a48   Section        0  _chval.o(.text)
    .text                                    0x08000a64   Section        0  exit.o(.text)
    i.APP_Flash_to_W25qxx                    0x08000a70   Section        0  iap.o(i.APP_Flash_to_W25qxx)
    i.APP_W25qxx_to_Flash                    0x08000c28   Section        0  iap.o(i.APP_W25qxx_to_Flash)
    i.BusFault_Handler                       0x08000de4   Section        0  stm32f10x_it.o(i.BusFault_Handler)
    i.CheckState                             0x08000de8   Section        0  sim800c.o(i.CheckState)
    i.ClearRecBuf                            0x08000ff0   Section        0  sim800c.o(i.ClearRecBuf)
    i.ClearRxBuf                             0x08000ffc   Section        0  serialportapi.o(i.ClearRxBuf)
    i.ConectTest                             0x08001018   Section        0  sim800c.o(i.ConectTest)
    i.DebugMon_Handler                       0x08001088   Section        0  stm32f10x_it.o(i.DebugMon_Handler)
    i.FLASH_ErasePage                        0x0800108c   Section        0  stm32f10x_flash.o(i.FLASH_ErasePage)
    i.FLASH_GetBank1Status                   0x080010d8   Section        0  stm32f10x_flash.o(i.FLASH_GetBank1Status)
    i.FLASH_Lock                             0x0800110c   Section        0  stm32f10x_flash.o(i.FLASH_Lock)
    i.FLASH_ProgramHalfWord                  0x08001120   Section        0  stm32f10x_flash.o(i.FLASH_ProgramHalfWord)
    i.FLASH_Unlock                           0x08001160   Section        0  stm32f10x_flash.o(i.FLASH_Unlock)
    i.FLASH_WaitForLastOperation             0x08001178   Section        0  stm32f10x_flash.o(i.FLASH_WaitForLastOperation)
    i.Flash_Read_Number                      0x0800119e   Section        0  stmflash.o(i.Flash_Read_Number)
    i.Flash_Read_Str                         0x080011bc   Section        0  stmflash.o(i.Flash_Read_Str)
    i.Flash_Write_Number                     0x080011d2   Section        0  stmflash.o(i.Flash_Write_Number)
    i.FtpInit                                0x080011f8   Section        0  sim800c.o(i.FtpInit)
    i.GPIO_Init                              0x08001554   Section        0  stm32f10x_gpio.o(i.GPIO_Init)
    i.GPIO_ResetBits                         0x0800166a   Section        0  stm32f10x_gpio.o(i.GPIO_ResetBits)
    i.GPIO_SetBits                           0x0800166e   Section        0  stm32f10x_gpio.o(i.GPIO_SetBits)
    i.GPRS_USART                             0x08001674   Section        0  main.o(i.GPRS_USART)
    i.GSMInit                                0x080016cc   Section        0  sim800c.o(i.GSMInit)
    i.GSM_restart                            0x08001730   Section        0  sim800c.o(i.GSM_restart)
    i.HardFault_Handler                      0x08001790   Section        0  stm32f10x_it.o(i.HardFault_Handler)
    i.Jump_to_App                            0x08001794   Section        0  iap.o(i.Jump_to_App)
    i.MemManage_Handler                      0x08001848   Section        0  stm32f10x_it.o(i.MemManage_Handler)
    i.NMI_Handler                            0x0800184c   Section        0  stm32f10x_it.o(i.NMI_Handler)
    i.NVIC_Configuration                     0x0800184e   Section        0  main.o(i.NVIC_Configuration)
    i.NVIC_Init                              0x08001878   Section        0  misc.o(i.NVIC_Init)
    i.NVIC_PriorityGroupConfig               0x080018e8   Section        0  misc.o(i.NVIC_PriorityGroupConfig)
    i.PendSV_Handler                         0x080018fc   Section        0  stm32f10x_it.o(i.PendSV_Handler)
    i.RCC_APB1PeriphClockCmd                 0x08001900   Section        0  stm32f10x_rcc.o(i.RCC_APB1PeriphClockCmd)
    i.RCC_APB2PeriphClockCmd                 0x08001920   Section        0  stm32f10x_rcc.o(i.RCC_APB2PeriphClockCmd)
    i.RCC_GetClocksFreq                      0x08001940   Section        0  stm32f10x_rcc.o(i.RCC_GetClocksFreq)
    i.SPI2_Init                              0x08001a14   Section        0  spi.o(i.SPI2_Init)
    i.SPI2_ReadWriteByte                     0x08001aa8   Section        0  spi.o(i.SPI2_ReadWriteByte)
    i.SPI2_SetSpeed                          0x08001afc   Section        0  spi.o(i.SPI2_SetSpeed)
    i.SPI_Cmd                                0x08001b24   Section        0  stm32f10x_spi.o(i.SPI_Cmd)
    i.SPI_I2S_GetFlagStatus                  0x08001b3c   Section        0  stm32f10x_spi.o(i.SPI_I2S_GetFlagStatus)
    i.SPI_I2S_ReceiveData                    0x08001b4e   Section        0  stm32f10x_spi.o(i.SPI_I2S_ReceiveData)
    i.SPI_I2S_SendData                       0x08001b54   Section        0  stm32f10x_spi.o(i.SPI_I2S_SendData)
    i.SPI_Init                               0x08001b58   Section        0  stm32f10x_spi.o(i.SPI_Init)
    i.STMFLASH_Read                          0x08001b94   Section        0  stmflash.o(i.STMFLASH_Read)
    i.STMFLASH_ReadHalfWord                  0x08001bb6   Section        0  stmflash.o(i.STMFLASH_ReadHalfWord)
    i.STMFLASH_Write                         0x08001bbc   Section        0  stmflash.o(i.STMFLASH_Write)
    i.STMFLASH_Write_NoCheck                 0x08001ca4   Section        0  stmflash.o(i.STMFLASH_Write_NoCheck)
    i.SVC_Handler                            0x08001cca   Section        0  stm32f10x_it.o(i.SVC_Handler)
    i.SerialAvailable                        0x08001ccc   Section        0  serialportapi.o(i.SerialAvailable)
    i.SerialInt                              0x08001cf0   Section        0  serialportapi.o(i.SerialInt)
    i.SerialPrint                            0x08001d48   Section        0  serialportapi.o(i.SerialPrint)
    i.SerialPrintln                          0x08001d9c   Section        0  serialportapi.o(i.SerialPrintln)
    i.SerialRead                             0x08001dc0   Section        0  serialportapi.o(i.SerialRead)
    i.SetSysClock                            0x08001e00   Section        0  system_stm32f10x.o(i.SetSysClock)
    SetSysClock                              0x08001e01   Thumb Code     8  system_stm32f10x.o(i.SetSysClock)
    i.SetSysClockTo72                        0x08001e08   Section        0  system_stm32f10x.o(i.SetSysClockTo72)
    SetSysClockTo72                          0x08001e09   Thumb Code   214  system_stm32f10x.o(i.SetSysClockTo72)
    i.StringAddchar                          0x08001ee8   Section        0  stringapiext.o(i.StringAddchar)
    i.StringIndex                            0x08001f00   Section        0  stringapiext.o(i.StringIndex)
    i.StringLenth                            0x08001f1c   Section        0  stringapiext.o(i.StringLenth)
    i.StringSubstring                        0x08001f28   Section        0  stringapiext.o(i.StringSubstring)
    i.SysTick_CLKSourceConfig                0x08001f68   Section        0  misc.o(i.SysTick_CLKSourceConfig)
    i.SysTick_Handler                        0x08001f90   Section        0  stm32f10x_it.o(i.SysTick_Handler)
    i.SystemInit                             0x08001f94   Section        0  system_stm32f10x.o(i.SystemInit)
    i.TIM1_Int_Init                          0x08001ff4   Section        0  buzzer.o(i.TIM1_Int_Init)
    i.TIM2_IRQHandler                        0x08002094   Section        0  stm32f10x_it.o(i.TIM2_IRQHandler)
    i.TIM2_Init                              0x080020ae   Section        0  interface.o(i.TIM2_Init)
    i.TIM_ARRPreloadConfig                   0x080020f6   Section        0  stm32f10x_tim.o(i.TIM_ARRPreloadConfig)
    i.TIM_ClearITPendingBit                  0x0800210e   Section        0  stm32f10x_tim.o(i.TIM_ClearITPendingBit)
    i.TIM_Cmd                                0x08002114   Section        0  stm32f10x_tim.o(i.TIM_Cmd)
    i.TIM_CtrlPWMOutputs                     0x0800212c   Section        0  stm32f10x_tim.o(i.TIM_CtrlPWMOutputs)
    i.TIM_GetITStatus                        0x0800214a   Section        0  stm32f10x_tim.o(i.TIM_GetITStatus)
    i.TIM_ITConfig                           0x0800216c   Section        0  stm32f10x_tim.o(i.TIM_ITConfig)
    i.TIM_OC1Init                            0x08002180   Section        0  stm32f10x_tim.o(i.TIM_OC1Init)
    i.TIM_PrescalerConfig                    0x08002218   Section        0  stm32f10x_tim.o(i.TIM_PrescalerConfig)
    i.TIM_TimeBaseInit                       0x08002220   Section        0  stm32f10x_tim.o(i.TIM_TimeBaseInit)
    i.U1_PutChar                             0x080022c4   Section        0  uart.o(i.U1_PutChar)
    i.USART1Conf                             0x080022e4   Section        0  uart.o(i.USART1Conf)
    i.USART1_IRQHandler                      0x08002398   Section        0  stm32f10x_it.o(i.USART1_IRQHandler)
    i.USART2Conf                             0x080023c4   Section        0  uart.o(i.USART2Conf)
    i.USART2_IRQHandler                      0x08002474   Section        0  stm32f10x_it.o(i.USART2_IRQHandler)
    i.USART_ClearFlag                        0x080024c0   Section        0  stm32f10x_usart.o(i.USART_ClearFlag)
    i.USART_ClearITPendingBit                0x080024d2   Section        0  stm32f10x_usart.o(i.USART_ClearITPendingBit)
    i.USART_Cmd                              0x080024f0   Section        0  stm32f10x_usart.o(i.USART_Cmd)
    i.USART_GetFlagStatus                    0x08002508   Section        0  stm32f10x_usart.o(i.USART_GetFlagStatus)
    i.USART_GetITStatus                      0x08002522   Section        0  stm32f10x_usart.o(i.USART_GetITStatus)
    i.USART_ITConfig                         0x08002576   Section        0  stm32f10x_usart.o(i.USART_ITConfig)
    i.USART_Init                             0x080025c0   Section        0  stm32f10x_usart.o(i.USART_Init)
    i.USART_ReceiveData                      0x08002698   Section        0  stm32f10x_usart.o(i.USART_ReceiveData)
    i.USART_SendData                         0x080026a2   Section        0  stm32f10x_usart.o(i.USART_SendData)
    i.UartBegin                              0x080026ac   Section        0  serialportapi.o(i.UartBegin)
    i.UsageFault_Handler                     0x080026d0   Section        0  stm32f10x_it.o(i.UsageFault_Handler)
    i.W25QXX_Erase_Sector                    0x080026d4   Section        0  w25qxx.o(i.W25QXX_Erase_Sector)
    i.W25QXX_Init                            0x0800271c   Section        0  w25qxx.o(i.W25QXX_Init)
    i.W25QXX_Read                            0x08002774   Section        0  w25qxx.o(i.W25QXX_Read)
    i.W25QXX_ReadID                          0x080027c4   Section        0  w25qxx.o(i.W25QXX_ReadID)
    i.W25QXX_ReadSR                          0x0800280c   Section        0  w25qxx.o(i.W25QXX_ReadSR)
    i.W25QXX_Wait_Busy                       0x08002838   Section        0  w25qxx.o(i.W25QXX_Wait_Busy)
    i.W25QXX_Write                           0x0800284c   Section        0  w25qxx.o(i.W25QXX_Write)
    i.W25QXX_Write_Enable                    0x08002904   Section        0  w25qxx.o(i.W25QXX_Write_Enable)
    i.W25QXX_Write_NoCheck                   0x08002924   Section        0  w25qxx.o(i.W25QXX_Write_NoCheck)
    i.W25QXX_Write_Page                      0x0800296c   Section        0  w25qxx.o(i.W25QXX_Write_Page)
    i._is_digit                              0x080029c0   Section        0  __printf_wp.o(i._is_digit)
    i._sys_exit                              0x080029ce   Section        0  uart.o(i._sys_exit)
    i.beep_on                                0x080029d4   Section        0  buzzer.o(i.beep_on)
    i.delay                                  0x08002a2c   Section        0  sim800c.o(i.delay)
    i.delay_init                             0x08002a44   Section        0  delay.o(i.delay_init)
    i.delay_ms                               0x08002a88   Section        0  delay.o(i.delay_ms)
    i.eAT                                    0x08002ad4   Section        0  sim800c.o(i.eAT)
    i.eATCIFSR                               0x08002af4   Section        0  sim800c.o(i.eATCIFSR)
    i.eATCIICR                               0x08002b58   Section        0  sim800c.o(i.eATCIICR)
    i.eATCSQ                                 0x08002b84   Section        0  sim800c.o(i.eATCSQ)
    i.eATFTPQUIT                             0x08002bd8   Section        0  sim800c.o(i.eATFTPQUIT)
    i.fputc                                  0x08002c14   Section        0  uart.o(i.fputc)
    i.iap_load_app                           0x08002c30   Section        0  iap.o(i.iap_load_app)
    i.iap_read_appbin                        0x08002c5c   Section        0  iap.o(i.iap_read_appbin)
    i.iap_write_appbin                       0x08002c74   Section        0  iap.o(i.iap_write_appbin)
    i.main                                   0x08002cdc   Section        0  main.o(i.main)
    i.millis                                 0x08002ea8   Section        0  sim800c.o(i.millis)
    i.qATCGATT                               0x08002eb4   Section        0  sim800c.o(i.qATCGATT)
    i.qATCPIN                                0x08002f10   Section        0  sim800c.o(i.qATCPIN)
    i.qATCREG0                               0x08002f68   Section        0  sim800c.o(i.qATCREG0)
    i.recvDataFilter                         0x08002fc4   Section        0  sim800c.o(i.recvDataFilter)
    i.recvFind                               0x080030b0   Section        0  sim800c.o(i.recvFind)
    i.recvFindAndFilter                      0x080030dc   Section        0  sim800c.o(i.recvFindAndFilter)
    i.recvString                             0x08003158   Section        0  sim800c.o(i.recvString)
    i.rx_empty                               0x080031aa   Section        0  sim800c.o(i.rx_empty)
    i.sATCIPMODE                             0x080031b4   Section        0  sim800c.o(i.sATCIPMODE)
    i.sATCPOWD                               0x080031e8   Section        0  sim800c.o(i.sATCPOWD)
    i.sATCSTT                                0x08003230   Section        0  sim800c.o(i.sATCSTT)
    i.sATFTPCID                              0x0800326c   Section        0  sim800c.o(i.sATFTPCID)
    i.sATFTPGET                              0x080032b0   Section        0  sim800c.o(i.sATFTPGET)
    i.sATFTPGETNAME                          0x08003398   Section        0  sim800c.o(i.sATFTPGETNAME)
    i.sATFTPGETPATH                          0x080033e0   Section        0  sim800c.o(i.sATFTPGETPATH)
    i.sATFTPPW                               0x08003428   Section        0  sim800c.o(i.sATFTPPW)
    i.sATFTPSERV                             0x0800346c   Section        0  sim800c.o(i.sATFTPSERV)
    i.sATFTPUN                               0x080034b0   Section        0  sim800c.o(i.sATFTPUN)
    i.sATSAPBR1                              0x080034f4   Section        0  sim800c.o(i.sATSAPBR1)
    i.sATSAPBR2                              0x08003548   Section        0  sim800c.o(i.sATSAPBR2)
    i.timer1msINT                            0x0800358c   Section        0  sim800c.o(i.timer1msINT)
    locale$$code                             0x0800359c   Section       44  lc_ctype_c.o(locale$$code)
    .constdata                               0x080035c8   Section       24  buzzer.o(.constdata)
    .constdata                               0x080035e0   Section      160  sim800c.o(.constdata)
    .constdata                               0x08003680   Section       40  _printf_hex_int.o(.constdata)
    uc_hextab                                0x08003680   Data          20  _printf_hex_int.o(.constdata)
    lc_hextab                                0x08003694   Data          20  _printf_hex_int.o(.constdata)
    .constdata                               0x080036a8   Section       17  __printf_flags_wp.o(.constdata)
    maptable                                 0x080036a8   Data          17  __printf_flags_wp.o(.constdata)
    .conststring                             0x080036bc   Section       88  sim800c.o(.conststring)
    locale$$data                             0x08003734   Section      272  lc_ctype_c.o(locale$$data)
    __lcctype_c_name                         0x08003738   Data           2  lc_ctype_c.o(locale$$data)
    __lcctype_c_start                        0x08003740   Data           0  lc_ctype_c.o(locale$$data)
    __lcctype_c_end                          0x08003844   Data           0  lc_ctype_c.o(locale$$data)
    .data                                    0x20000000   Section        2  main.o(.data)
    .data                                    0x20000004   Section       20  system_stm32f10x.o(.data)
    .data                                    0x20000018   Section        2  w25qxx.o(.data)
    .data                                    0x2000001a   Section        4  delay.o(.data)
    fac_us                                   0x2000001a   Data           1  delay.o(.data)
    fac_ms                                   0x2000001c   Data           2  delay.o(.data)
    .data                                    0x20000020   Section        8  uart.o(.data)
    .data                                    0x20000028   Section       20  stm32f10x_rcc.o(.data)
    APBAHBPrescTable                         0x20000028   Data          16  stm32f10x_rcc.o(.data)
    ADCPrescTable                            0x20000038   Data           4  stm32f10x_rcc.o(.data)
    .data                                    0x2000003c   Section        4  iap.o(.data)
    .data                                    0x20000040   Section       20  serialportapi.o(.data)
    _receive_buffer_tail                     0x20000040   Data           4  serialportapi.o(.data)
    _receive_buffer_head                     0x20000044   Data           4  serialportapi.o(.data)
    UartInit                                 0x2000004c   Data           4  serialportapi.o(.data)
    UartSend                                 0x20000050   Data           4  serialportapi.o(.data)
    .data                                    0x20000054   Section       16  sim800c.o(.data)
    .bss                                     0x20000064   Section     1280  stmflash.o(.bss)
    .bss                                     0x20000564   Section     4096  w25qxx.o(.bss)
    .bss                                     0x20001564   Section     1024  uart.o(.bss)
    .bss                                     0x20001964   Section     4096  iap.o(.bss)
    .bss                                     0x20002964   Section     1536  serialportapi.o(.bss)
    _receive_buffer                          0x20002964   Data        1536  serialportapi.o(.bss)
    .bss                                     0x20002f64   Section     1567  sim800c.o(.bss)
    .bss                                     0x20003584   Section       96  libspace.o(.bss)
    HEAP                                     0x200035e8   Section     1024  startup_stm32f10x_md.o(HEAP)
    Heap_Mem                                 0x200035e8   Data        1024  startup_stm32f10x_md.o(HEAP)
    STACK                                    0x200039e8   Section     2048  startup_stm32f10x_md.o(STACK)
    Stack_Mem                                0x200039e8   Data        2048  startup_stm32f10x_md.o(STACK)
    __initial_sp                             0x200041e8   Data           0  startup_stm32f10x_md.o(STACK)

    Global Symbols

    Symbol Name                              Value     Ov Type        Size  Object(Section)

    BuildAttributes$$THM_ISAv4$P$D$K$B$S$PE$A:L22UL41UL21$X:L11$S22US41US21$IEEE1$IW$USESV6$~STKCKD$USESV7$~SHL$OSPACE$ROPI$EBA8$UX$STANDARDLIB$REQ8$PRES8$EABIv2 0x00000000   Number         0  anon$$obj.o ABSOLUTE
    __ARM_use_no_argv                        0x00000000   Number         0  main.o ABSOLUTE
    _printf_flags                            0x00000000   Number         0  printf_stubs.o ABSOLUTE
    _printf_return_value                     0x00000000   Number         0  printf_stubs.o ABSOLUTE
    _printf_sizespec                         0x00000000   Number         0  printf_stubs.o ABSOLUTE
    _printf_widthprec                        0x00000000   Number         0  printf_stubs.o ABSOLUTE
    __ARM_exceptions_init                     - Undefined Weak Reference
    __alloca_initialize                       - Undefined Weak Reference
    __arm_preinit_                            - Undefined Weak Reference
    __cpp_initialize__aeabi_                  - Undefined Weak Reference
    __cxa_finalize                            - Undefined Weak Reference
    __sigvec_lookup                           - Undefined Weak Reference
    _atexit_init                              - Undefined Weak Reference
    _call_atexit_fns                          - Undefined Weak Reference
    _clock_init                               - Undefined Weak Reference
    _fp_trap_init                             - Undefined Weak Reference
    _fp_trap_shutdown                         - Undefined Weak Reference
    _get_lc_collate                           - Undefined Weak Reference
    _get_lc_monetary                          - Undefined Weak Reference
    _get_lc_numeric                           - Undefined Weak Reference
    _get_lc_time                              - Undefined Weak Reference
    _getenv_init                              - Undefined Weak Reference
    _handle_redirection                       - Undefined Weak Reference
    _init_alloc                               - Undefined Weak Reference
    _init_user_alloc                          - Undefined Weak Reference
    _initio                                   - Undefined Weak Reference
    _mutex_acquire                            - Undefined Weak Reference
    _mutex_release                            - Undefined Weak Reference
    _printf_mbtowc                            - Undefined Weak Reference
    _printf_truncate_signed                   - Undefined Weak Reference
    _printf_truncate_unsigned                 - Undefined Weak Reference
    _rand_init                                - Undefined Weak Reference
    _signal_finish                            - Undefined Weak Reference
    _signal_init                              - Undefined Weak Reference
    _terminate_alloc                          - Undefined Weak Reference
    _terminate_user_alloc                     - Undefined Weak Reference
    _terminateio                              - Undefined Weak Reference
    __Vectors_Size                           0x000000ec   Number         0  startup_stm32f10x_md.o ABSOLUTE
    __Vectors                                0x08000000   Data           4  startup_stm32f10x_md.o(RESET)
    __Vectors_End                            0x080000ec   Data           0  startup_stm32f10x_md.o(RESET)
    __main                                   0x080000ed   Thumb Code     8  __main.o(!!!main)
    __scatterload                            0x080000f5   Thumb Code     0  __scatter.o(!!!scatter)
    __scatterload_rt2                        0x080000f5   Thumb Code    44  __scatter.o(!!!scatter)
    __scatterload_rt2_thumb_only             0x080000f5   Thumb Code     0  __scatter.o(!!!scatter)
    __scatterload_null                       0x08000103   Thumb Code     0  __scatter.o(!!!scatter)
    __scatterload_copy                       0x08000129   Thumb Code    26  __scatter_copy.o(!!handler_copy)
    __scatterload_zeroinit                   0x08000145   Thumb Code    28  __scatter_zi.o(!!handler_zi)
    _printf_d                                0x08000161   Thumb Code     0  _printf_d.o(.ARM.Collect$$_printf_percent$$00000009)
    _printf_percent                          0x08000161   Thumb Code     0  _printf_percent.o(.ARM.Collect$$_printf_percent$$00000000)
    _printf_x                                0x08000167   Thumb Code     0  _printf_x.o(.ARM.Collect$$_printf_percent$$0000000C)
    _printf_s                                0x0800016d   Thumb Code     0  _printf_s.o(.ARM.Collect$$_printf_percent$$00000014)
    _printf_percent_end                      0x08000173   Thumb Code     0  _printf_percent_end.o(.ARM.Collect$$_printf_percent$$00000017)
    __rt_lib_init                            0x08000177   Thumb Code     0  libinit.o(.ARM.Collect$$libinit$$00000000)
    __rt_lib_init_fp_1                       0x08000179   Thumb Code     0  libinit2.o(.ARM.Collect$$libinit$$00000002)
    __rt_lib_init_heap_1                     0x08000179   Thumb Code     0  libinit2.o(.ARM.Collect$$libinit$$0000000A)
    __rt_lib_init_lc_common                  0x08000179   Thumb Code     0  libinit2.o(.ARM.Collect$$libinit$$0000000F)
    __rt_lib_init_preinit_1                  0x08000179   Thumb Code     0  libinit2.o(.ARM.Collect$$libinit$$00000004)
    __rt_lib_init_rand_1                     0x08000179   Thumb Code     0  libinit2.o(.ARM.Collect$$libinit$$0000000E)
    __rt_lib_init_user_alloc_1               0x08000179   Thumb Code     0  libinit2.o(.ARM.Collect$$libinit$$0000000C)
    __rt_lib_init_lc_collate_1               0x0800017f   Thumb Code     0  libinit2.o(.ARM.Collect$$libinit$$00000011)
    __rt_lib_init_lc_ctype_2                 0x0800017f   Thumb Code     0  libinit2.o(.ARM.Collect$$libinit$$00000012)
    __rt_lib_init_alloca_1                   0x0800018b   Thumb Code     0  libinit2.o(.ARM.Collect$$libinit$$0000002E)
    __rt_lib_init_argv_1                     0x0800018b   Thumb Code     0  libinit2.o(.ARM.Collect$$libinit$$0000002C)
    __rt_lib_init_atexit_1                   0x0800018b   Thumb Code     0  libinit2.o(.ARM.Collect$$libinit$$0000001B)
    __rt_lib_init_clock_1                    0x0800018b   Thumb Code     0  libinit2.o(.ARM.Collect$$libinit$$00000021)
    __rt_lib_init_cpp_1                      0x0800018b   Thumb Code     0  libinit2.o(.ARM.Collect$$libinit$$00000032)
    __rt_lib_init_exceptions_1               0x0800018b   Thumb Code     0  libinit2.o(.ARM.Collect$$libinit$$00000030)
    __rt_lib_init_fp_trap_1                  0x0800018b   Thumb Code     0  libinit2.o(.ARM.Collect$$libinit$$0000001F)
    __rt_lib_init_getenv_1                   0x0800018b   Thumb Code     0  libinit2.o(.ARM.Collect$$libinit$$00000023)
    __rt_lib_init_lc_ctype_1                 0x0800018b   Thumb Code     0  libinit2.o(.ARM.Collect$$libinit$$00000013)
    __rt_lib_init_lc_monetary_1              0x0800018b   Thumb Code     0  libinit2.o(.ARM.Collect$$libinit$$00000015)
    __rt_lib_init_lc_numeric_1               0x0800018b   Thumb Code     0  libinit2.o(.ARM.Collect$$libinit$$00000017)
    __rt_lib_init_lc_time_1                  0x0800018b   Thumb Code     0  libinit2.o(.ARM.Collect$$libinit$$00000019)
    __rt_lib_init_return                     0x0800018b   Thumb Code     0  libinit2.o(.ARM.Collect$$libinit$$00000033)
    __rt_lib_init_signal_1                   0x0800018b   Thumb Code     0  libinit2.o(.ARM.Collect$$libinit$$0000001D)
    __rt_lib_init_stdio_1                    0x0800018b   Thumb Code     0  libinit2.o(.ARM.Collect$$libinit$$00000025)
    __rt_lib_shutdown                        0x0800018d   Thumb Code     0  libshutdown.o(.ARM.Collect$$libshutdown$$00000000)
    __rt_lib_shutdown_fp_trap_1              0x0800018f   Thumb Code     0  libshutdown2.o(.ARM.Collect$$libshutdown$$00000006)
    __rt_lib_shutdown_heap_1                 0x0800018f   Thumb Code     0  libshutdown2.o(.ARM.Collect$$libshutdown$$0000000E)
    __rt_lib_shutdown_return                 0x0800018f   Thumb Code     0  libshutdown2.o(.ARM.Collect$$libshutdown$$0000000F)
    __rt_lib_shutdown_signal_1               0x0800018f   Thumb Code     0  libshutdown2.o(.ARM.Collect$$libshutdown$$00000009)
    __rt_lib_shutdown_stdio_1                0x0800018f   Thumb Code     0  libshutdown2.o(.ARM.Collect$$libshutdown$$00000003)
    __rt_lib_shutdown_user_alloc_1           0x0800018f   Thumb Code     0  libshutdown2.o(.ARM.Collect$$libshutdown$$0000000B)
    __rt_entry                               0x08000191   Thumb Code     0  __rtentry.o(.ARM.Collect$$rtentry$$00000000)
    __rt_entry_presh_1                       0x08000191   Thumb Code     0  __rtentry2.o(.ARM.Collect$$rtentry$$00000002)
    __rt_entry_sh                            0x08000191   Thumb Code     0  __rtentry4.o(.ARM.Collect$$rtentry$$00000004)
    __rt_entry_li                            0x08000197   Thumb Code     0  __rtentry2.o(.ARM.Collect$$rtentry$$0000000A)
    __rt_entry_postsh_1                      0x08000197   Thumb Code     0  __rtentry2.o(.ARM.Collect$$rtentry$$00000009)
    __rt_entry_main                          0x0800019b   Thumb Code     0  __rtentry2.o(.ARM.Collect$$rtentry$$0000000D)
    __rt_entry_postli_1                      0x0800019b   Thumb Code     0  __rtentry2.o(.ARM.Collect$$rtentry$$0000000C)
    __rt_exit                                0x080001a3   Thumb Code     0  rtexit.o(.ARM.Collect$$rtexit$$00000000)
    __rt_exit_ls                             0x080001a5   Thumb Code     0  rtexit2.o(.ARM.Collect$$rtexit$$00000003)
    __rt_exit_prels_1                        0x080001a5   Thumb Code     0  rtexit2.o(.ARM.Collect$$rtexit$$00000002)
    __rt_exit_exit                           0x080001a9   Thumb Code     0  rtexit2.o(.ARM.Collect$$rtexit$$00000004)
    MSR_MSP                                  0x080001b1   Thumb Code     6  sys.o(.emb_text)
    Reset_Handler                            0x080001b9   Thumb Code     8  startup_stm32f10x_md.o(.text)
    ADC1_2_IRQHandler                        0x080001d3   Thumb Code     0  startup_stm32f10x_md.o(.text)
    CAN1_RX1_IRQHandler                      0x080001d3   Thumb Code     0  startup_stm32f10x_md.o(.text)
    CAN1_SCE_IRQHandler                      0x080001d3   Thumb Code     0  startup_stm32f10x_md.o(.text)
    DMA1_Channel1_IRQHandler                 0x080001d3   Thumb Code     0  startup_stm32f10x_md.o(.text)
    DMA1_Channel2_IRQHandler                 0x080001d3   Thumb Code     0  startup_stm32f10x_md.o(.text)
    DMA1_Channel3_IRQHandler                 0x080001d3   Thumb Code     0  startup_stm32f10x_md.o(.text)
    DMA1_Channel4_IRQHandler                 0x080001d3   Thumb Code     0  startup_stm32f10x_md.o(.text)
    DMA1_Channel5_IRQHandler                 0x080001d3   Thumb Code     0  startup_stm32f10x_md.o(.text)
    DMA1_Channel6_IRQHandler                 0x080001d3   Thumb Code     0  startup_stm32f10x_md.o(.text)
    DMA1_Channel7_IRQHandler                 0x080001d3   Thumb Code     0  startup_stm32f10x_md.o(.text)
    EXTI0_IRQHandler                         0x080001d3   Thumb Code     0  startup_stm32f10x_md.o(.text)
    EXTI15_10_IRQHandler                     0x080001d3   Thumb Code     0  startup_stm32f10x_md.o(.text)
    EXTI1_IRQHandler                         0x080001d3   Thumb Code     0  startup_stm32f10x_md.o(.text)
    EXTI2_IRQHandler                         0x080001d3   Thumb Code     0  startup_stm32f10x_md.o(.text)
    EXTI3_IRQHandler                         0x080001d3   Thumb Code     0  startup_stm32f10x_md.o(.text)
    EXTI4_IRQHandler                         0x080001d3   Thumb Code     0  startup_stm32f10x_md.o(.text)
    EXTI9_5_IRQHandler                       0x080001d3   Thumb Code     0  startup_stm32f10x_md.o(.text)
    FLASH_IRQHandler                         0x080001d3   Thumb Code     0  startup_stm32f10x_md.o(.text)
    I2C1_ER_IRQHandler                       0x080001d3   Thumb Code     0  startup_stm32f10x_md.o(.text)
    I2C1_EV_IRQHandler                       0x080001d3   Thumb Code     0  startup_stm32f10x_md.o(.text)
    I2C2_ER_IRQHandler                       0x080001d3   Thumb Code     0  startup_stm32f10x_md.o(.text)
    I2C2_EV_IRQHandler                       0x080001d3   Thumb Code     0  startup_stm32f10x_md.o(.text)
    PVD_IRQHandler                           0x080001d3   Thumb Code     0  startup_stm32f10x_md.o(.text)
    RCC_IRQHandler                           0x080001d3   Thumb Code     0  startup_stm32f10x_md.o(.text)
    RTCAlarm_IRQHandler                      0x080001d3   Thumb Code     0  startup_stm32f10x_md.o(.text)
    RTC_IRQHandler                           0x080001d3   Thumb Code     0  startup_stm32f10x_md.o(.text)
    SPI1_IRQHandler                          0x080001d3   Thumb Code     0  startup_stm32f10x_md.o(.text)
    SPI2_IRQHandler                          0x080001d3   Thumb Code     0  startup_stm32f10x_md.o(.text)
    TAMPER_IRQHandler                        0x080001d3   Thumb Code     0  startup_stm32f10x_md.o(.text)
    TIM1_BRK_IRQHandler                      0x080001d3   Thumb Code     0  startup_stm32f10x_md.o(.text)
    TIM1_CC_IRQHandler                       0x080001d3   Thumb Code     0  startup_stm32f10x_md.o(.text)
    TIM1_TRG_COM_IRQHandler                  0x080001d3   Thumb Code     0  startup_stm32f10x_md.o(.text)
    TIM1_UP_IRQHandler                       0x080001d3   Thumb Code     0  startup_stm32f10x_md.o(.text)
    TIM3_IRQHandler                          0x080001d3   Thumb Code     0  startup_stm32f10x_md.o(.text)
    TIM4_IRQHandler                          0x080001d3   Thumb Code     0  startup_stm32f10x_md.o(.text)
    USART3_IRQHandler                        0x080001d3   Thumb Code     0  startup_stm32f10x_md.o(.text)
    USBWakeUp_IRQHandler                     0x080001d3   Thumb Code     0  startup_stm32f10x_md.o(.text)
    USB_HP_CAN1_TX_IRQHandler                0x080001d3   Thumb Code     0  startup_stm32f10x_md.o(.text)
    USB_LP_CAN1_RX0_IRQHandler               0x080001d3   Thumb Code     0  startup_stm32f10x_md.o(.text)
    WWDG_IRQHandler                          0x080001d3   Thumb Code     0  startup_stm32f10x_md.o(.text)
    __user_initial_stackheap                 0x080001d5   Thumb Code     0  startup_stm32f10x_md.o(.text)
    __use_no_semihosting                     0x080001f9   Thumb Code     2  use_no_semi_2.o(.text)
    __2printf                                0x080001fd   Thumb Code    20  noretval__2printf.o(.text)
    __2sprintf                               0x08000215   Thumb Code    34  noretval__2sprintf.o(.text)
    _printf_pre_padding                      0x0800023d   Thumb Code    44  _printf_pad.o(.text)
    _printf_post_padding                     0x08000269   Thumb Code    34  _printf_pad.o(.text)
    _printf_str                              0x0800028b   Thumb Code    82  _printf_str.o(.text)
    _printf_int_dec                          0x080002dd   Thumb Code   104  _printf_dec.o(.text)
    _printf_int_hex                          0x08000355   Thumb Code    84  _printf_hex_int.o(.text)
    _printf_longlong_hex                     0x08000355   Thumb Code     0  _printf_hex_int.o(.text)
    __printf                                 0x080003ad   Thumb Code   308  __printf_flags_wp.o(.text)
    atoi                                     0x080004e5   Thumb Code    26  atoi.o(.text)
    strstr                                   0x080004ff   Thumb Code    36  strstr.o(.text)
    strcpy                                   0x08000523   Thumb Code    72  strcpy.o(.text)
    strlen                                   0x0800056b   Thumb Code    62  strlen.o(.text)
    __aeabi_memcpy4                          0x080005a9   Thumb Code     0  rt_memcpy_w.o(.text)
    __aeabi_memcpy8                          0x080005a9   Thumb Code     0  rt_memcpy_w.o(.text)
    __rt_memcpy_w                            0x080005a9   Thumb Code   100  rt_memcpy_w.o(.text)
    _memcpy_lastbytes_aligned                0x080005f1   Thumb Code     0  rt_memcpy_w.o(.text)
    __aeabi_memclr                           0x0800060d   Thumb Code     0  rt_memclr.o(.text)
    __rt_memclr                              0x0800060d   Thumb Code    68  rt_memclr.o(.text)
    _memset                                  0x08000611   Thumb Code     0  rt_memclr.o(.text)
    strncpy                                  0x08000651   Thumb Code    86  strncpy.o(.text)
    strcmp                                   0x080006a9   Thumb Code   128  strcmpv7m.o(.text)
    __use_two_region_memory                  0x08000729   Thumb Code     2  heapauxi.o(.text)
    __rt_heap_escrow$2region                 0x0800072b   Thumb Code     2  heapauxi.o(.text)
    __rt_heap_expand$2region                 0x0800072d   Thumb Code     2  heapauxi.o(.text)
    __I$use$semihosting                      0x0800072f   Thumb Code     0  use_no_semi.o(.text)
    __use_no_semihosting_swi                 0x0800072f   Thumb Code     2  use_no_semi.o(.text)
    __aeabi_errno_addr                       0x08000731   Thumb Code     8  rt_errno_addr_intlibspace.o(.text)
    __errno$intlibspace                      0x08000731   Thumb Code     0  rt_errno_addr_intlibspace.o(.text)
    __rt_errno_addr$intlibspace              0x08000731   Thumb Code     0  rt_errno_addr_intlibspace.o(.text)
    _printf_int_common                       0x08000739   Thumb Code   178  _printf_intcommon.o(.text)
    _printf_char_common                      0x080007f7   Thumb Code    32  _printf_char_common.o(.text)
    _sputc                                   0x0800081d   Thumb Code    10  _sputc.o(.text)
    _printf_cs_common                        0x08000827   Thumb Code    20  _printf_char.o(.text)
    _printf_char                             0x0800083b   Thumb Code    16  _printf_char.o(.text)
    _printf_string                           0x0800084b   Thumb Code     8  _printf_char.o(.text)
    _printf_char_file                        0x08000855   Thumb Code    32  _printf_char_file.o(.text)
    strtol                                   0x08000879   Thumb Code   112  strtol.o(.text)
    __aeabi_memclr4                          0x080008e9   Thumb Code     0  rt_memclr_w.o(.text)
    __aeabi_memclr8                          0x080008e9   Thumb Code     0  rt_memclr_w.o(.text)
    __rt_memclr_w                            0x080008e9   Thumb Code    78  rt_memclr_w.o(.text)
    _memset_w                                0x080008ed   Thumb Code     0  rt_memclr_w.o(.text)
    __user_libspace                          0x08000939   Thumb Code     8  libspace.o(.text)
    __user_perproc_libspace                  0x08000939   Thumb Code     0  libspace.o(.text)
    __user_perthread_libspace                0x08000939   Thumb Code     0  libspace.o(.text)
    __rt_ctype_table                         0x08000941   Thumb Code    16  rt_ctype_table.o(.text)
    _strtoul                                 0x08000951   Thumb Code   158  _strtoul.o(.text)
    ferror                                   0x080009ef   Thumb Code     8  ferror.o(.text)
    __user_setup_stackheap                   0x080009f7   Thumb Code    74  sys_stackheap_outer.o(.text)
    __rt_locale                              0x08000a41   Thumb Code     8  rt_locale_intlibspace.o(.text)
    _chval                                   0x08000a49   Thumb Code    28  _chval.o(.text)
    exit                                     0x08000a65   Thumb Code    12  exit.o(.text)
    APP_Flash_to_W25qxx                      0x08000a71   Thumb Code   202  iap.o(i.APP_Flash_to_W25qxx)
    APP_W25qxx_to_Flash                      0x08000c29   Thumb Code   204  iap.o(i.APP_W25qxx_to_Flash)
    BusFault_Handler                         0x08000de5   Thumb Code     4  stm32f10x_it.o(i.BusFault_Handler)
    CheckState                               0x08000de9   Thumb Code   354  sim800c.o(i.CheckState)
    ClearRecBuf                              0x08000ff1   Thumb Code     8  sim800c.o(i.ClearRecBuf)
    ClearRxBuf                               0x08000ffd   Thumb Code    16  serialportapi.o(i.ClearRxBuf)
    ConectTest                               0x08001019   Thumb Code    72  sim800c.o(i.ConectTest)
    DebugMon_Handler                         0x08001089   Thumb Code     2  stm32f10x_it.o(i.DebugMon_Handler)
    FLASH_ErasePage                          0x0800108d   Thumb Code    72  stm32f10x_flash.o(i.FLASH_ErasePage)
    FLASH_GetBank1Status                     0x080010d9   Thumb Code    48  stm32f10x_flash.o(i.FLASH_GetBank1Status)
    FLASH_Lock                               0x0800110d   Thumb Code    14  stm32f10x_flash.o(i.FLASH_Lock)
    FLASH_ProgramHalfWord                    0x08001121   Thumb Code    60  stm32f10x_flash.o(i.FLASH_ProgramHalfWord)
    FLASH_Unlock                             0x08001161   Thumb Code    12  stm32f10x_flash.o(i.FLASH_Unlock)
    FLASH_WaitForLastOperation               0x08001179   Thumb Code    38  stm32f10x_flash.o(i.FLASH_WaitForLastOperation)
    Flash_Read_Number                        0x0800119f   Thumb Code    30  stmflash.o(i.Flash_Read_Number)
    Flash_Read_Str                           0x080011bd   Thumb Code    22  stmflash.o(i.Flash_Read_Str)
    Flash_Write_Number                       0x080011d3   Thumb Code    36  stmflash.o(i.Flash_Write_Number)
    FtpInit                                  0x080011f9   Thumb Code   488  sim800c.o(i.FtpInit)
    GPIO_Init                                0x08001555   Thumb Code   278  stm32f10x_gpio.o(i.GPIO_Init)
    GPIO_ResetBits                           0x0800166b   Thumb Code     4  stm32f10x_gpio.o(i.GPIO_ResetBits)
    GPIO_SetBits                             0x0800166f   Thumb Code     4  stm32f10x_gpio.o(i.GPIO_SetBits)
    GPRS_USART                               0x08001675   Thumb Code    78  main.o(i.GPRS_USART)
    GSMInit                                  0x080016cd   Thumb Code    88  sim800c.o(i.GSMInit)
    GSM_restart                              0x08001731   Thumb Code    48  sim800c.o(i.GSM_restart)
    HardFault_Handler                        0x08001791   Thumb Code     4  stm32f10x_it.o(i.HardFault_Handler)
    Jump_to_App                              0x08001795   Thumb Code   108  iap.o(i.Jump_to_App)
    MemManage_Handler                        0x08001849   Thumb Code     4  stm32f10x_it.o(i.MemManage_Handler)
    NMI_Handler                              0x0800184d   Thumb Code     2  stm32f10x_it.o(i.NMI_Handler)
    NVIC_Configuration                       0x0800184f   Thumb Code    42  main.o(i.NVIC_Configuration)
    NVIC_Init                                0x08001879   Thumb Code   100  misc.o(i.NVIC_Init)
    NVIC_PriorityGroupConfig                 0x080018e9   Thumb Code    10  misc.o(i.NVIC_PriorityGroupConfig)
    PendSV_Handler                           0x080018fd   Thumb Code     2  stm32f10x_it.o(i.PendSV_Handler)
    RCC_APB1PeriphClockCmd                   0x08001901   Thumb Code    26  stm32f10x_rcc.o(i.RCC_APB1PeriphClockCmd)
    RCC_APB2PeriphClockCmd                   0x08001921   Thumb Code    26  stm32f10x_rcc.o(i.RCC_APB2PeriphClockCmd)
    RCC_GetClocksFreq                        0x08001941   Thumb Code   192  stm32f10x_rcc.o(i.RCC_GetClocksFreq)
    SPI2_Init                                0x08001a15   Thumb Code   140  spi.o(i.SPI2_Init)
    SPI2_ReadWriteByte                       0x08001aa9   Thumb Code    78  spi.o(i.SPI2_ReadWriteByte)
    SPI2_SetSpeed                            0x08001afd   Thumb Code    36  spi.o(i.SPI2_SetSpeed)
    SPI_Cmd                                  0x08001b25   Thumb Code    24  stm32f10x_spi.o(i.SPI_Cmd)
    SPI_I2S_GetFlagStatus                    0x08001b3d   Thumb Code    18  stm32f10x_spi.o(i.SPI_I2S_GetFlagStatus)
    SPI_I2S_ReceiveData                      0x08001b4f   Thumb Code     6  stm32f10x_spi.o(i.SPI_I2S_ReceiveData)
    SPI_I2S_SendData                         0x08001b55   Thumb Code     4  stm32f10x_spi.o(i.SPI_I2S_SendData)
    SPI_Init                                 0x08001b59   Thumb Code    60  stm32f10x_spi.o(i.SPI_Init)
    STMFLASH_Read                            0x08001b95   Thumb Code    34  stmflash.o(i.STMFLASH_Read)
    STMFLASH_ReadHalfWord                    0x08001bb7   Thumb Code     6  stmflash.o(i.STMFLASH_ReadHalfWord)
    STMFLASH_Write                           0x08001bbd   Thumb Code   224  stmflash.o(i.STMFLASH_Write)
    STMFLASH_Write_NoCheck                   0x08001ca5   Thumb Code    38  stmflash.o(i.STMFLASH_Write_NoCheck)
    SVC_Handler                              0x08001ccb   Thumb Code     2  stm32f10x_it.o(i.SVC_Handler)
    SerialAvailable                          0x08001ccd   Thumb Code    28  serialportapi.o(i.SerialAvailable)
    SerialInt                                0x08001cf1   Thumb Code    70  serialportapi.o(i.SerialInt)
    SerialPrint                              0x08001d49   Thumb Code    74  serialportapi.o(i.SerialPrint)
    SerialPrintln                            0x08001d9d   Thumb Code    32  serialportapi.o(i.SerialPrintln)
    SerialRead                               0x08001dc1   Thumb Code    52  serialportapi.o(i.SerialRead)
    StringAddchar                            0x08001ee9   Thumb Code    24  stringapiext.o(i.StringAddchar)
    StringIndex                              0x08001f01   Thumb Code    28  stringapiext.o(i.StringIndex)
    StringLenth                              0x08001f1d   Thumb Code    12  stringapiext.o(i.StringLenth)
    StringSubstring                          0x08001f29   Thumb Code    64  stringapiext.o(i.StringSubstring)
    SysTick_CLKSourceConfig                  0x08001f69   Thumb Code    40  misc.o(i.SysTick_CLKSourceConfig)
    SysTick_Handler                          0x08001f91   Thumb Code     2  stm32f10x_it.o(i.SysTick_Handler)
    SystemInit                               0x08001f95   Thumb Code    78  system_stm32f10x.o(i.SystemInit)
    TIM1_Int_Init                            0x08001ff5   Thumb Code   150  buzzer.o(i.TIM1_Int_Init)
    TIM2_IRQHandler                          0x08002095   Thumb Code    26  stm32f10x_it.o(i.TIM2_IRQHandler)
    TIM2_Init                                0x080020af   Thumb Code    72  interface.o(i.TIM2_Init)
    TIM_ARRPreloadConfig                     0x080020f7   Thumb Code    24  stm32f10x_tim.o(i.TIM_ARRPreloadConfig)
    TIM_ClearITPendingBit                    0x0800210f   Thumb Code     6  stm32f10x_tim.o(i.TIM_ClearITPendingBit)
    TIM_Cmd                                  0x08002115   Thumb Code    24  stm32f10x_tim.o(i.TIM_Cmd)
    TIM_CtrlPWMOutputs                       0x0800212d   Thumb Code    30  stm32f10x_tim.o(i.TIM_CtrlPWMOutputs)
    TIM_GetITStatus                          0x0800214b   Thumb Code    34  stm32f10x_tim.o(i.TIM_GetITStatus)
    TIM_ITConfig                             0x0800216d   Thumb Code    18  stm32f10x_tim.o(i.TIM_ITConfig)
    TIM_OC1Init                              0x08002181   Thumb Code   132  stm32f10x_tim.o(i.TIM_OC1Init)
    TIM_PrescalerConfig                      0x08002219   Thumb Code     6  stm32f10x_tim.o(i.TIM_PrescalerConfig)
    TIM_TimeBaseInit                         0x08002221   Thumb Code   122  stm32f10x_tim.o(i.TIM_TimeBaseInit)
    U1_PutChar                               0x080022c5   Thumb Code    28  uart.o(i.U1_PutChar)
    USART1Conf                               0x080022e5   Thumb Code   172  uart.o(i.USART1Conf)
    USART1_IRQHandler                        0x08002399   Thumb Code    40  stm32f10x_it.o(i.USART1_IRQHandler)
    USART2Conf                               0x080023c5   Thumb Code   168  uart.o(i.USART2Conf)
    USART2_IRQHandler                        0x08002475   Thumb Code    62  stm32f10x_it.o(i.USART2_IRQHandler)
    USART_ClearFlag                          0x080024c1   Thumb Code    18  stm32f10x_usart.o(i.USART_ClearFlag)
    USART_ClearITPendingBit                  0x080024d3   Thumb Code    30  stm32f10x_usart.o(i.USART_ClearITPendingBit)
    USART_Cmd                                0x080024f1   Thumb Code    24  stm32f10x_usart.o(i.USART_Cmd)
    USART_GetFlagStatus                      0x08002509   Thumb Code    26  stm32f10x_usart.o(i.USART_GetFlagStatus)
    USART_GetITStatus                        0x08002523   Thumb Code    84  stm32f10x_usart.o(i.USART_GetITStatus)
    USART_ITConfig                           0x08002577   Thumb Code    74  stm32f10x_usart.o(i.USART_ITConfig)
    USART_Init                               0x080025c1   Thumb Code   210  stm32f10x_usart.o(i.USART_Init)
    USART_ReceiveData                        0x08002699   Thumb Code    10  stm32f10x_usart.o(i.USART_ReceiveData)
    USART_SendData                           0x080026a3   Thumb Code     8  stm32f10x_usart.o(i.USART_SendData)
    UartBegin                                0x080026ad   Thumb Code    26  serialportapi.o(i.UartBegin)
    UsageFault_Handler                       0x080026d1   Thumb Code     4  stm32f10x_it.o(i.UsageFault_Handler)
    W25QXX_Erase_Sector                      0x080026d5   Thumb Code    62  w25qxx.o(i.W25QXX_Erase_Sector)
    W25QXX_Init                              0x0800271d   Thumb Code    74  w25qxx.o(i.W25QXX_Init)
    W25QXX_Read                              0x08002775   Thumb Code    74  w25qxx.o(i.W25QXX_Read)
    W25QXX_ReadID                            0x080027c5   Thumb Code    64  w25qxx.o(i.W25QXX_ReadID)
    W25QXX_ReadSR                            0x0800280d   Thumb Code    36  w25qxx.o(i.W25QXX_ReadSR)
    W25QXX_Wait_Busy                         0x08002839   Thumb Code    18  w25qxx.o(i.W25QXX_Wait_Busy)
    W25QXX_Write                             0x0800284d   Thumb Code   180  w25qxx.o(i.W25QXX_Write)
    W25QXX_Write_Enable                      0x08002905   Thumb Code    24  w25qxx.o(i.W25QXX_Write_Enable)
    W25QXX_Write_NoCheck                     0x08002925   Thumb Code    70  w25qxx.o(i.W25QXX_Write_NoCheck)
    W25QXX_Write_Page                        0x0800296d   Thumb Code    80  w25qxx.o(i.W25QXX_Write_Page)
    _is_digit                                0x080029c1   Thumb Code    14  __printf_wp.o(i._is_digit)
    _sys_exit                                0x080029cf   Thumb Code     6  uart.o(i._sys_exit)
    beep_on                                  0x080029d5   Thumb Code    76  buzzer.o(i.beep_on)
    delay                                    0x08002a2d   Thumb Code    24  sim800c.o(i.delay)
    delay_init                               0x08002a45   Thumb Code    50  delay.o(i.delay_init)
    delay_ms                                 0x08002a89   Thumb Code    72  delay.o(i.delay_ms)
    eAT                                      0x08002ad5   Thumb Code    24  sim800c.o(i.eAT)
    eATCIFSR                                 0x08002af5   Thumb Code    78  sim800c.o(i.eATCIFSR)
    eATCIICR                                 0x08002b59   Thumb Code    26  sim800c.o(i.eATCIICR)
    eATCSQ                                   0x08002b85   Thumb Code    58  sim800c.o(i.eATCSQ)
    eATFTPQUIT                               0x08002bd9   Thumb Code    38  sim800c.o(i.eATFTPQUIT)
    fputc                                    0x08002c15   Thumb Code    24  uart.o(i.fputc)
    iap_load_app                             0x08002c31   Thumb Code    36  iap.o(i.iap_load_app)
    iap_read_appbin                          0x08002c5d   Thumb Code    22  iap.o(i.iap_read_appbin)
    iap_write_appbin                         0x08002c75   Thumb Code    98  iap.o(i.iap_write_appbin)
    main                                     0x08002cdd   Thumb Code   252  main.o(i.main)
    millis                                   0x08002ea9   Thumb Code     6  sim800c.o(i.millis)
    qATCGATT                                 0x08002eb5   Thumb Code    58  sim800c.o(i.qATCGATT)
    qATCPIN                                  0x08002f11   Thumb Code    60  sim800c.o(i.qATCPIN)
    qATCREG0                                 0x08002f69   Thumb Code    66  sim800c.o(i.qATCREG0)
    recvDataFilter                           0x08002fc5   Thumb Code   232  sim800c.o(i.recvDataFilter)
    recvFind                                 0x080030b1   Thumb Code    40  sim800c.o(i.recvFind)
    recvFindAndFilter                        0x080030dd   Thumb Code   120  sim800c.o(i.recvFindAndFilter)
    recvString                               0x08003159   Thumb Code    82  sim800c.o(i.recvString)
    rx_empty                                 0x080031ab   Thumb Code     8  sim800c.o(i.rx_empty)
    sATCIPMODE                               0x080031b5   Thumb Code    36  sim800c.o(i.sATCIPMODE)
    sATCPOWD                                 0x080031e9   Thumb Code    38  sim800c.o(i.sATCPOWD)
    sATCSTT                                  0x08003231   Thumb Code    42  sim800c.o(i.sATCSTT)
    sATFTPCID                                0x0800326d   Thumb Code    42  sim800c.o(i.sATFTPCID)
    sATFTPGET                                0x080032b1   Thumb Code   140  sim800c.o(i.sATFTPGET)
    sATFTPGETNAME                            0x08003399   Thumb Code    42  sim800c.o(i.sATFTPGETNAME)
    sATFTPGETPATH                            0x080033e1   Thumb Code    42  sim800c.o(i.sATFTPGETPATH)
    sATFTPPW                                 0x08003429   Thumb Code    42  sim800c.o(i.sATFTPPW)
    sATFTPSERV                               0x0800346d   Thumb Code    42  sim800c.o(i.sATFTPSERV)
    sATFTPUN                                 0x080034b1   Thumb Code    42  sim800c.o(i.sATFTPUN)
    sATSAPBR1                                0x080034f5   Thumb Code    52  sim800c.o(i.sATSAPBR1)
    sATSAPBR2                                0x08003549   Thumb Code    46  sim800c.o(i.sATSAPBR2)
    timer1msINT                              0x0800358d   Thumb Code    12  sim800c.o(i.timer1msINT)
    _get_lc_ctype                            0x0800359d   Thumb Code    44  lc_ctype_c.o(locale$$code)
    Region$$Table$$Base                      0x08003714   Number         0  anon$$obj.o(Region$$Table)
    Region$$Table$$Limit                     0x08003734   Number         0  anon$$obj.o(Region$$Table)
    __ctype                                  0x08003741   Data           0  lc_ctype_c.o(locale$$data)
    http_buf                                 0x20000000   Data           2  main.o(.data)
    SystemCoreClock                          0x20000004   Data           4  system_stm32f10x.o(.data)
    AHBPrescTable                            0x20000008   Data          16  system_stm32f10x.o(.data)
    W25QXX_TYPE                              0x20000018   Data           2  w25qxx.o(.data)
    USART_RX_STA                             0x20000020   Data           2  uart.o(.data)
    USART_RX_CNT                             0x20000022   Data           2  uart.o(.data)
    __stdout                                 0x20000024   Data           4  uart.o(.data)
    jump2app                                 0x2000003c   Data           4  iap.o(.data)
    _buffer_overflow                         0x20000048   Data           1  serialportapi.o(.data)
    sys_tick                                 0x20000054   Data           4  sim800c.o(.data)
    sim_csq                                  0x20000058   Data           1  sim800c.o(.data)
    sim_loc                                  0x2000005c   Data           4  sim800c.o(.data)
    sim_ci                                   0x20000060   Data           4  sim800c.o(.data)
    STMFLASH_BUF                             0x20000064   Data        1024  stmflash.o(.bss)
    flashbuf                                 0x20000464   Data         256  stmflash.o(.bss)
    W25QXX_BUFFER                            0x20000564   Data        4096  w25qxx.o(.bss)
    USART_RX_BUF                             0x20001564   Data        1024  uart.o(.bss)
    app_temp                                 0x20001964   Data        1024  iap.o(.bss)
    firmware_packet                          0x20001d64   Data        1024  iap.o(.bss)
    iapbuf                                   0x20002164   Data        2048  iap.o(.bss)
    data_rec                                 0x20002f64   Data        1536  sim800c.o(.bss)
    sim_ip                                   0x20003564   Data          15  sim800c.o(.bss)
    sim_imei                                 0x20003573   Data          16  sim800c.o(.bss)
    __libspace_start                         0x20003584   Data          96  libspace.o(.bss)
    __temporary_stack_top$libspace           0x200035e4   Data           0  libspace.o(.bss)



==============================================================================

Memory Map of the image

  Image Entry point : 0x080000ed

  Load Region LR_IROM1 (Base: 0x08000000, Size: 0x000038a8, Max: 0x00010000, ABSOLUTE)

    Execution Region ER_IROM1 (Base: 0x08000000, Size: 0x00003844, Max: 0x00010000, ABSOLUTE)

    Base Addr    Size         Type   Attr      Idx    E Section Name        Object

    0x08000000   0x000000ec   Data   RO          735    RESET               startup_stm32f10x_md.o
    0x080000ec   0x00000008   Code   RO         3095  * !!!main             c_w.l(__main.o)
    0x080000f4   0x00000034   Code   RO         3289    !!!scatter          c_w.l(__scatter.o)
    0x08000128   0x0000001a   Code   RO         3291    !!handler_copy      c_w.l(__scatter_copy.o)
    0x08000142   0x00000002   PAD
    0x08000144   0x0000001c   Code   RO         3293    !!handler_zi        c_w.l(__scatter_zi.o)
    0x08000160   0x00000000   Code   RO         3074    .ARM.Collect$$_printf_percent$$00000000  c_w.l(_printf_percent.o)
    0x08000160   0x00000006   Code   RO         3073    .ARM.Collect$$_printf_percent$$00000009  c_w.l(_printf_d.o)
    0x08000166   0x00000006   Code   RO         3072    .ARM.Collect$$_printf_percent$$0000000C  c_w.l(_printf_x.o)
    0x0800016c   0x00000006   Code   RO         3071    .ARM.Collect$$_printf_percent$$00000014  c_w.l(_printf_s.o)
    0x08000172   0x00000004   Code   RO         3115    .ARM.Collect$$_printf_percent$$00000017  c_w.l(_printf_percent_end.o)
    0x08000176   0x00000002   Code   RO         3167    .ARM.Collect$$libinit$$00000000  c_w.l(libinit.o)
    0x08000178   0x00000000   Code   RO         3171    .ARM.Collect$$libinit$$00000002  c_w.l(libinit2.o)
    0x08000178   0x00000000   Code   RO         3173    .ARM.Collect$$libinit$$00000004  c_w.l(libinit2.o)
    0x08000178   0x00000000   Code   RO         3176    .ARM.Collect$$libinit$$0000000A  c_w.l(libinit2.o)
    0x08000178   0x00000000   Code   RO         3178    .ARM.Collect$$libinit$$0000000C  c_w.l(libinit2.o)
    0x08000178   0x00000000   Code   RO         3180    .ARM.Collect$$libinit$$0000000E  c_w.l(libinit2.o)
    0x08000178   0x00000006   Code   RO         3181    .ARM.Collect$$libinit$$0000000F  c_w.l(libinit2.o)
    0x0800017e   0x00000000   Code   RO         3183    .ARM.Collect$$libinit$$00000011  c_w.l(libinit2.o)
    0x0800017e   0x0000000c   Code   RO         3184    .ARM.Collect$$libinit$$00000012  c_w.l(libinit2.o)
    0x0800018a   0x00000000   Code   RO         3185    .ARM.Collect$$libinit$$00000013  c_w.l(libinit2.o)
    0x0800018a   0x00000000   Code   RO         3187    .ARM.Collect$$libinit$$00000015  c_w.l(libinit2.o)
    0x0800018a   0x00000000   Code   RO         3189    .ARM.Collect$$libinit$$00000017  c_w.l(libinit2.o)
    0x0800018a   0x00000000   Code   RO         3191    .ARM.Collect$$libinit$$00000019  c_w.l(libinit2.o)
    0x0800018a   0x00000000   Code   RO         3193    .ARM.Collect$$libinit$$0000001B  c_w.l(libinit2.o)
    0x0800018a   0x00000000   Code   RO         3195    .ARM.Collect$$libinit$$0000001D  c_w.l(libinit2.o)
    0x0800018a   0x00000000   Code   RO         3197    .ARM.Collect$$libinit$$0000001F  c_w.l(libinit2.o)
    0x0800018a   0x00000000   Code   RO         3199    .ARM.Collect$$libinit$$00000021  c_w.l(libinit2.o)
    0x0800018a   0x00000000   Code   RO         3201    .ARM.Collect$$libinit$$00000023  c_w.l(libinit2.o)
    0x0800018a   0x00000000   Code   RO         3203    .ARM.Collect$$libinit$$00000025  c_w.l(libinit2.o)
    0x0800018a   0x00000000   Code   RO         3207    .ARM.Collect$$libinit$$0000002C  c_w.l(libinit2.o)
    0x0800018a   0x00000000   Code   RO         3209    .ARM.Collect$$libinit$$0000002E  c_w.l(libinit2.o)
    0x0800018a   0x00000000   Code   RO         3211    .ARM.Collect$$libinit$$00000030  c_w.l(libinit2.o)
    0x0800018a   0x00000000   Code   RO         3213    .ARM.Collect$$libinit$$00000032  c_w.l(libinit2.o)
    0x0800018a   0x00000002   Code   RO         3214    .ARM.Collect$$libinit$$00000033  c_w.l(libinit2.o)
    0x0800018c   0x00000002   Code   RO         3232    .ARM.Collect$$libshutdown$$00000000  c_w.l(libshutdown.o)
    0x0800018e   0x00000000   Code   RO         3243    .ARM.Collect$$libshutdown$$00000003  c_w.l(libshutdown2.o)
    0x0800018e   0x00000000   Code   RO         3246    .ARM.Collect$$libshutdown$$00000006  c_w.l(libshutdown2.o)
    0x0800018e   0x00000000   Code   RO         3249    .ARM.Collect$$libshutdown$$00000009  c_w.l(libshutdown2.o)
    0x0800018e   0x00000000   Code   RO         3251    .ARM.Collect$$libshutdown$$0000000B  c_w.l(libshutdown2.o)
    0x0800018e   0x00000000   Code   RO         3254    .ARM.Collect$$libshutdown$$0000000E  c_w.l(libshutdown2.o)
    0x0800018e   0x00000002   Code   RO         3255    .ARM.Collect$$libshutdown$$0000000F  c_w.l(libshutdown2.o)
    0x08000190   0x00000000   Code   RO         3099    .ARM.Collect$$rtentry$$00000000  c_w.l(__rtentry.o)
    0x08000190   0x00000000   Code   RO         3124    .ARM.Collect$$rtentry$$00000002  c_w.l(__rtentry2.o)
    0x08000190   0x00000006   Code   RO         3136    .ARM.Collect$$rtentry$$00000004  c_w.l(__rtentry4.o)
    0x08000196   0x00000000   Code   RO         3126    .ARM.Collect$$rtentry$$00000009  c_w.l(__rtentry2.o)
    0x08000196   0x00000004   Code   RO         3127    .ARM.Collect$$rtentry$$0000000A  c_w.l(__rtentry2.o)
    0x0800019a   0x00000000   Code   RO         3129    .ARM.Collect$$rtentry$$0000000C  c_w.l(__rtentry2.o)
    0x0800019a   0x00000008   Code   RO         3130    .ARM.Collect$$rtentry$$0000000D  c_w.l(__rtentry2.o)
    0x080001a2   0x00000002   Code   RO         3168    .ARM.Collect$$rtexit$$00000000  c_w.l(rtexit.o)
    0x080001a4   0x00000000   Code   RO         3216    .ARM.Collect$$rtexit$$00000002  c_w.l(rtexit2.o)
    0x080001a4   0x00000004   Code   RO         3217    .ARM.Collect$$rtexit$$00000003  c_w.l(rtexit2.o)
    0x080001a8   0x00000006   Code   RO         3218    .ARM.Collect$$rtexit$$00000004  c_w.l(rtexit2.o)
    0x080001ae   0x00000002   PAD
    0x080001b0   0x00000006   Code   RO          581    .emb_text           sys.o
    0x080001b6   0x00000002   PAD
    0x080001b8   0x00000040   Code   RO          736    .text               startup_stm32f10x_md.o
    0x080001f8   0x00000002   Code   RO         3012    .text               c_w.l(use_no_semi_2.o)
    0x080001fa   0x00000002   PAD
    0x080001fc   0x00000018   Code   RO         3018    .text               c_w.l(noretval__2printf.o)
    0x08000214   0x00000028   Code   RO         3020    .text               c_w.l(noretval__2sprintf.o)
    0x0800023c   0x0000004e   Code   RO         3024    .text               c_w.l(_printf_pad.o)
    0x0800028a   0x00000052   Code   RO         3026    .text               c_w.l(_printf_str.o)
    0x080002dc   0x00000078   Code   RO         3028    .text               c_w.l(_printf_dec.o)
    0x08000354   0x00000058   Code   RO         3033    .text               c_w.l(_printf_hex_int.o)
    0x080003ac   0x00000138   Code   RO         3063    .text               c_w.l(__printf_flags_wp.o)
    0x080004e4   0x0000001a   Code   RO         3075    .text               c_w.l(atoi.o)
    0x080004fe   0x00000024   Code   RO         3079    .text               c_w.l(strstr.o)
    0x08000522   0x00000048   Code   RO         3081    .text               c_w.l(strcpy.o)
    0x0800056a   0x0000003e   Code   RO         3083    .text               c_w.l(strlen.o)
    0x080005a8   0x00000064   Code   RO         3085    .text               c_w.l(rt_memcpy_w.o)
    0x0800060c   0x00000044   Code   RO         3087    .text               c_w.l(rt_memclr.o)
    0x08000650   0x00000056   Code   RO         3089    .text               c_w.l(strncpy.o)
    0x080006a6   0x00000002   PAD
    0x080006a8   0x00000080   Code   RO         3091    .text               c_w.l(strcmpv7m.o)
    0x08000728   0x00000006   Code   RO         3093    .text               c_w.l(heapauxi.o)
    0x0800072e   0x00000002   Code   RO         3097    .text               c_w.l(use_no_semi.o)
    0x08000730   0x00000008   Code   RO         3103    .text               c_w.l(rt_errno_addr_intlibspace.o)
    0x08000738   0x000000b2   Code   RO         3105    .text               c_w.l(_printf_intcommon.o)
    0x080007ea   0x00000002   PAD
    0x080007ec   0x00000030   Code   RO         3107    .text               c_w.l(_printf_char_common.o)
    0x0800081c   0x0000000a   Code   RO         3109    .text               c_w.l(_sputc.o)
    0x08000826   0x0000002c   Code   RO         3111    .text               c_w.l(_printf_char.o)
    0x08000852   0x00000002   PAD
    0x08000854   0x00000024   Code   RO         3113    .text               c_w.l(_printf_char_file.o)
    0x08000878   0x00000070   Code   RO         3116    .text               c_w.l(strtol.o)
    0x080008e8   0x0000004e   Code   RO         3118    .text               c_w.l(rt_memclr_w.o)
    0x08000936   0x00000002   PAD
    0x08000938   0x00000008   Code   RO         3120    .text               c_w.l(libspace.o)
    0x08000940   0x00000010   Code   RO         3138    .text               c_w.l(rt_ctype_table.o)
    0x08000950   0x0000009e   Code   RO         3142    .text               c_w.l(_strtoul.o)
    0x080009ee   0x00000008   Code   RO         3144    .text               c_w.l(ferror.o)
    0x080009f6   0x0000004a   Code   RO         3148    .text               c_w.l(sys_stackheap_outer.o)
    0x08000a40   0x00000008   Code   RO         3153    .text               c_w.l(rt_locale_intlibspace.o)
    0x08000a48   0x0000001c   Code   RO         3155    .text               c_w.l(_chval.o)
    0x08000a64   0x0000000c   Code   RO         3160    .text               c_w.l(exit.o)
    0x08000a70   0x000001b8   Code   RO         2256    i.APP_Flash_to_W25qxx  iap.o
    0x08000c28   0x000001bc   Code   RO         2257    i.APP_W25qxx_to_Flash  iap.o
    0x08000de4   0x00000004   Code   RO          163    i.BusFault_Handler  stm32f10x_it.o
    0x08000de8   0x00000208   Code   RO         2409    i.CheckState        sim800c.o
    0x08000ff0   0x0000000c   Code   RO         2410    i.ClearRecBuf       sim800c.o
    0x08000ffc   0x0000001c   Code   RO         2342    i.ClearRxBuf        serialportapi.o
    0x08001018   0x00000070   Code   RO         2411    i.ConectTest        sim800c.o
    0x08001088   0x00000002   Code   RO          164    i.DebugMon_Handler  stm32f10x_it.o
    0x0800108a   0x00000002   PAD
    0x0800108c   0x0000004c   Code   RO         1395    i.FLASH_ErasePage   stm32f10x_flash.o
    0x080010d8   0x00000034   Code   RO         1396    i.FLASH_GetBank1Status  stm32f10x_flash.o
    0x0800110c   0x00000014   Code   RO         1405    i.FLASH_Lock        stm32f10x_flash.o
    0x08001120   0x00000040   Code   RO         1408    i.FLASH_ProgramHalfWord  stm32f10x_flash.o
    0x08001160   0x00000018   Code   RO         1413    i.FLASH_Unlock      stm32f10x_flash.o
    0x08001178   0x00000026   Code   RO         1417    i.FLASH_WaitForLastOperation  stm32f10x_flash.o
    0x0800119e   0x0000001e   Code   RO          343    i.Flash_Read_Number  stmflash.o
    0x080011bc   0x00000016   Code   RO          344    i.Flash_Read_Str    stmflash.o
    0x080011d2   0x00000024   Code   RO          345    i.Flash_Write_Number  stmflash.o
    0x080011f6   0x00000002   PAD
    0x080011f8   0x0000035c   Code   RO         2412    i.FtpInit           sim800c.o
    0x08001554   0x00000116   Code   RO          902    i.GPIO_Init         stm32f10x_gpio.o
    0x0800166a   0x00000004   Code   RO          909    i.GPIO_ResetBits    stm32f10x_gpio.o
    0x0800166e   0x00000004   Code   RO          910    i.GPIO_SetBits      stm32f10x_gpio.o
    0x08001672   0x00000002   PAD
    0x08001674   0x00000058   Code   RO            1    i.GPRS_USART        main.o
    0x080016cc   0x00000064   Code   RO         2413    i.GSMInit           sim800c.o
    0x08001730   0x00000060   Code   RO         2414    i.GSM_restart       sim800c.o
    0x08001790   0x00000004   Code   RO          165    i.HardFault_Handler  stm32f10x_it.o
    0x08001794   0x000000b4   Code   RO         2258    i.Jump_to_App       iap.o
    0x08001848   0x00000004   Code   RO          166    i.MemManage_Handler  stm32f10x_it.o
    0x0800184c   0x00000002   Code   RO          167    i.NMI_Handler       stm32f10x_it.o
    0x0800184e   0x0000002a   Code   RO            2    i.NVIC_Configuration  main.o
    0x08001878   0x00000070   Code   RO          740    i.NVIC_Init         misc.o
    0x080018e8   0x00000014   Code   RO          741    i.NVIC_PriorityGroupConfig  misc.o
    0x080018fc   0x00000002   Code   RO          168    i.PendSV_Handler    stm32f10x_it.o
    0x080018fe   0x00000002   PAD
    0x08001900   0x00000020   Code   RO         1012    i.RCC_APB1PeriphClockCmd  stm32f10x_rcc.o
    0x08001920   0x00000020   Code   RO         1014    i.RCC_APB2PeriphClockCmd  stm32f10x_rcc.o
    0x08001940   0x000000d4   Code   RO         1022    i.RCC_GetClocksFreq  stm32f10x_rcc.o
    0x08001a14   0x00000094   Code   RO          406    i.SPI2_Init         spi.o
    0x08001aa8   0x00000054   Code   RO          407    i.SPI2_ReadWriteByte  spi.o
    0x08001afc   0x00000028   Code   RO          408    i.SPI2_SetSpeed     spi.o
    0x08001b24   0x00000018   Code   RO         1569    i.SPI_Cmd           stm32f10x_spi.o
    0x08001b3c   0x00000012   Code   RO         1577    i.SPI_I2S_GetFlagStatus  stm32f10x_spi.o
    0x08001b4e   0x00000006   Code   RO         1580    i.SPI_I2S_ReceiveData  stm32f10x_spi.o
    0x08001b54   0x00000004   Code   RO         1581    i.SPI_I2S_SendData  stm32f10x_spi.o
    0x08001b58   0x0000003c   Code   RO         1582    i.SPI_Init          stm32f10x_spi.o
    0x08001b94   0x00000022   Code   RO          347    i.STMFLASH_Read     stmflash.o
    0x08001bb6   0x00000006   Code   RO          348    i.STMFLASH_ReadHalfWord  stmflash.o
    0x08001bbc   0x000000e8   Code   RO          349    i.STMFLASH_Write    stmflash.o
    0x08001ca4   0x00000026   Code   RO          350    i.STMFLASH_Write_NoCheck  stmflash.o
    0x08001cca   0x00000002   Code   RO          169    i.SVC_Handler       stm32f10x_it.o
    0x08001ccc   0x00000024   Code   RO         2343    i.SerialAvailable   serialportapi.o
    0x08001cf0   0x00000058   Code   RO         2344    i.SerialInt         serialportapi.o
    0x08001d48   0x00000054   Code   RO         2345    i.SerialPrint       serialportapi.o
    0x08001d9c   0x00000024   Code   RO         2346    i.SerialPrintln     serialportapi.o
    0x08001dc0   0x00000040   Code   RO         2347    i.SerialRead        serialportapi.o
    0x08001e00   0x00000008   Code   RO          274    i.SetSysClock       system_stm32f10x.o
    0x08001e08   0x000000e0   Code   RO          275    i.SetSysClockTo72   system_stm32f10x.o
    0x08001ee8   0x00000018   Code   RO         2971    i.StringAddchar     stringapiext.o
    0x08001f00   0x0000001c   Code   RO         2972    i.StringIndex       stringapiext.o
    0x08001f1c   0x0000000c   Code   RO         2974    i.StringLenth       stringapiext.o
    0x08001f28   0x00000040   Code   RO         2975    i.StringSubstring   stringapiext.o
    0x08001f68   0x00000028   Code   RO          744    i.SysTick_CLKSourceConfig  misc.o
    0x08001f90   0x00000002   Code   RO          170    i.SysTick_Handler   stm32f10x_it.o
    0x08001f92   0x00000002   PAD
    0x08001f94   0x00000060   Code   RO          277    i.SystemInit        system_stm32f10x.o
    0x08001ff4   0x000000a0   Code   RO          536    i.TIM1_Int_Init     buzzer.o
    0x08002094   0x0000001a   Code   RO          171    i.TIM2_IRQHandler   stm32f10x_it.o
    0x080020ae   0x00000048   Code   RO         2314    i.TIM2_Init         interface.o
    0x080020f6   0x00000018   Code   RO         1712    i.TIM_ARRPreloadConfig  stm32f10x_tim.o
    0x0800210e   0x00000006   Code   RO         1719    i.TIM_ClearITPendingBit  stm32f10x_tim.o
    0x08002114   0x00000018   Code   RO         1724    i.TIM_Cmd           stm32f10x_tim.o
    0x0800212c   0x0000001e   Code   RO         1726    i.TIM_CtrlPWMOutputs  stm32f10x_tim.o
    0x0800214a   0x00000022   Code   RO         1745    i.TIM_GetITStatus   stm32f10x_tim.o
    0x0800216c   0x00000012   Code   RO         1749    i.TIM_ITConfig      stm32f10x_tim.o
    0x0800217e   0x00000002   PAD
    0x08002180   0x00000098   Code   RO         1753    i.TIM_OC1Init       stm32f10x_tim.o
    0x08002218   0x00000006   Code   RO         1773    i.TIM_PrescalerConfig  stm32f10x_tim.o
    0x0800221e   0x00000002   PAD
    0x08002220   0x000000a4   Code   RO         1795    i.TIM_TimeBaseInit  stm32f10x_tim.o
    0x080022c4   0x00000020   Code   RO          610    i.U1_PutChar        uart.o
    0x080022e4   0x000000b4   Code   RO          621    i.USART1Conf        uart.o
    0x08002398   0x0000002c   Code   RO          172    i.USART1_IRQHandler  stm32f10x_it.o
    0x080023c4   0x000000b0   Code   RO          622    i.USART2Conf        uart.o
    0x08002474   0x0000004c   Code   RO          173    i.USART2_IRQHandler  stm32f10x_it.o
    0x080024c0   0x00000012   Code   RO         1210    i.USART_ClearFlag   stm32f10x_usart.o
    0x080024d2   0x0000001e   Code   RO         1211    i.USART_ClearITPendingBit  stm32f10x_usart.o
    0x080024f0   0x00000018   Code   RO         1214    i.USART_Cmd         stm32f10x_usart.o
    0x08002508   0x0000001a   Code   RO         1217    i.USART_GetFlagStatus  stm32f10x_usart.o
    0x08002522   0x00000054   Code   RO         1218    i.USART_GetITStatus  stm32f10x_usart.o
    0x08002576   0x0000004a   Code   RO         1220    i.USART_ITConfig    stm32f10x_usart.o
    0x080025c0   0x000000d8   Code   RO         1221    i.USART_Init        stm32f10x_usart.o
    0x08002698   0x0000000a   Code   RO         1228    i.USART_ReceiveData  stm32f10x_usart.o
    0x080026a2   0x00000008   Code   RO         1231    i.USART_SendData    stm32f10x_usart.o
    0x080026aa   0x00000002   PAD
    0x080026ac   0x00000024   Code   RO         2350    i.UartBegin         serialportapi.o
    0x080026d0   0x00000004   Code   RO          174    i.UsageFault_Handler  stm32f10x_it.o
    0x080026d4   0x00000048   Code   RO          434    i.W25QXX_Erase_Sector  w25qxx.o
    0x0800271c   0x00000058   Code   RO          435    i.W25QXX_Init       w25qxx.o
    0x08002774   0x00000050   Code   RO          437    i.W25QXX_Read       w25qxx.o
    0x080027c4   0x00000048   Code   RO          438    i.W25QXX_ReadID     w25qxx.o
    0x0800280c   0x0000002c   Code   RO          439    i.W25QXX_ReadSR     w25qxx.o
    0x08002838   0x00000012   Code   RO          441    i.W25QXX_Wait_Busy  w25qxx.o
    0x0800284a   0x00000002   PAD
    0x0800284c   0x000000b8   Code   RO          442    i.W25QXX_Write      w25qxx.o
    0x08002904   0x00000020   Code   RO          444    i.W25QXX_Write_Enable  w25qxx.o
    0x08002924   0x00000046   Code   RO          445    i.W25QXX_Write_NoCheck  w25qxx.o
    0x0800296a   0x00000002   PAD
    0x0800296c   0x00000054   Code   RO          446    i.W25QXX_Write_Page  w25qxx.o
    0x080029c0   0x0000000e   Code   RO         3061    i._is_digit         c_w.l(__printf_wp.o)
    0x080029ce   0x00000006   Code   RO          624    i._sys_exit         uart.o
    0x080029d4   0x00000058   Code   RO          537    i.beep_on           buzzer.o
    0x08002a2c   0x00000018   Code   RO         2422    i.delay             sim800c.o
    0x08002a44   0x00000044   Code   RO          555    i.delay_init        delay.o
    0x08002a88   0x0000004c   Code   RO          556    i.delay_ms          delay.o
    0x08002ad4   0x00000020   Code   RO         2424    i.eAT               sim800c.o
    0x08002af4   0x00000064   Code   RO         2425    i.eATCIFSR          sim800c.o
    0x08002b58   0x0000002c   Code   RO         2426    i.eATCIICR          sim800c.o
    0x08002b84   0x00000054   Code   RO         2429    i.eATCSQ            sim800c.o
    0x08002bd8   0x0000003c   Code   RO         2433    i.eATFTPQUIT        sim800c.o
    0x08002c14   0x0000001c   Code   RO          625    i.fputc             uart.o
    0x08002c30   0x0000002c   Code   RO         2259    i.iap_load_app      iap.o
    0x08002c5c   0x00000016   Code   RO         2260    i.iap_read_appbin   iap.o
    0x08002c72   0x00000002   PAD
    0x08002c74   0x00000068   Code   RO         2261    i.iap_write_appbin  iap.o
    0x08002cdc   0x000001cc   Code   RO            3    i.main              main.o
    0x08002ea8   0x0000000c   Code   RO         2443    i.millis            sim800c.o
    0x08002eb4   0x0000005c   Code   RO         2444    i.qATCGATT          sim800c.o
    0x08002f10   0x00000058   Code   RO         2446    i.qATCPIN           sim800c.o
    0x08002f68   0x0000005c   Code   RO         2447    i.qATCREG0          sim800c.o
    0x08002fc4   0x000000ec   Code   RO         2452    i.recvDataFilter    sim800c.o
    0x080030b0   0x0000002c   Code   RO         2453    i.recvFind          sim800c.o
    0x080030dc   0x0000007c   Code   RO         2454    i.recvFindAndFilter  sim800c.o
    0x08003158   0x00000052   Code   RO         2456    i.recvString        sim800c.o
    0x080031aa   0x00000008   Code   RO         2459    i.rx_empty          sim800c.o
    0x080031b2   0x00000002   PAD
    0x080031b4   0x00000034   Code   RO         2461    i.sATCIPMODE        sim800c.o
    0x080031e8   0x00000048   Code   RO         2466    i.sATCPOWD          sim800c.o
    0x08003230   0x0000003c   Code   RO         2468    i.sATCSTT           sim800c.o
    0x0800326c   0x00000044   Code   RO         2479    i.sATFTPCID         sim800c.o
    0x080032b0   0x000000e8   Code   RO         2480    i.sATFTPGET         sim800c.o
    0x08003398   0x00000048   Code   RO         2481    i.sATFTPGETNAME     sim800c.o
    0x080033e0   0x00000048   Code   RO         2482    i.sATFTPGETPATH     sim800c.o
    0x08003428   0x00000044   Code   RO         2483    i.sATFTPPW          sim800c.o
    0x0800346c   0x00000044   Code   RO         2484    i.sATFTPSERV        sim800c.o
    0x080034b0   0x00000044   Code   RO         2485    i.sATFTPUN          sim800c.o
    0x080034f4   0x00000054   Code   RO         2490    i.sATSAPBR1         sim800c.o
    0x08003548   0x00000044   Code   RO         2491    i.sATSAPBR2         sim800c.o
    0x0800358c   0x00000010   Code   RO         2497    i.timer1msINT       sim800c.o
    0x0800359c   0x0000002c   Code   RO         3158    locale$$code        c_w.l(lc_ctype_c.o)
    0x080035c8   0x00000018   Data   RO          538    .constdata          buzzer.o
    0x080035e0   0x000000a0   Data   RO         2499    .constdata          sim800c.o
    0x08003680   0x00000028   Data   RO         3034    .constdata          c_w.l(_printf_hex_int.o)
    0x080036a8   0x00000011   Data   RO         3064    .constdata          c_w.l(__printf_flags_wp.o)
    0x080036b9   0x00000003   PAD
    0x080036bc   0x00000058   Data   RO         2500    .conststring        sim800c.o
    0x08003714   0x00000020   Data   RO         3287    Region$$Table       anon$$obj.o
    0x08003734   0x00000110   Data   RO         3157    locale$$data        c_w.l(lc_ctype_c.o)


    Execution Region RW_IRAM1 (Base: 0x20000000, Size: 0x000041e8, Max: 0x00005000, ABSOLUTE)

    Base Addr    Size         Type   Attr      Idx    E Section Name        Object

    0x20000000   0x00000002   Data   RW            4    .data               main.o
    0x20000002   0x00000002   PAD
    0x20000004   0x00000014   Data   RW          278    .data               system_stm32f10x.o
    0x20000018   0x00000002   Data   RW          449    .data               w25qxx.o
    0x2000001a   0x00000004   Data   RW          558    .data               delay.o
    0x2000001e   0x00000002   PAD
    0x20000020   0x00000008   Data   RW          627    .data               uart.o
    0x20000028   0x00000014   Data   RW         1042    .data               stm32f10x_rcc.o
    0x2000003c   0x00000004   Data   RW         2263    .data               iap.o
    0x20000040   0x00000014   Data   RW         2352    .data               serialportapi.o
    0x20000054   0x00000010   Data   RW         2501    .data               sim800c.o
    0x20000064   0x00000500   Zero   RW          352    .bss                stmflash.o
    0x20000564   0x00001000   Zero   RW          448    .bss                w25qxx.o
    0x20001564   0x00000400   Zero   RW          626    .bss                uart.o
    0x20001964   0x00001000   Zero   RW         2262    .bss                iap.o
    0x20002964   0x00000600   Zero   RW         2351    .bss                serialportapi.o
    0x20002f64   0x0000061f   Zero   RW         2498    .bss                sim800c.o
    0x20003583   0x00000001   PAD
    0x20003584   0x00000060   Zero   RW         3121    .bss                c_w.l(libspace.o)
    0x200035e4   0x00000004   PAD
    0x200035e8   0x00000400   Zero   RW          734    HEAP                startup_stm32f10x_md.o
    0x200039e8   0x00000800   Zero   RW          733    STACK               startup_stm32f10x_md.o


==============================================================================

Image component sizes


      Code (inc. data)   RO Data    RW Data    ZI Data      Debug   Object Name

       248         22         24          0          0       1242   buzzer.o
       144         22          0          4          0       1152   delay.o
      1234        564          0          4       4096       5341   iap.o
        72          0          0          0          0        504   interface.o
       590        218          0          2          0     282271   main.o
       172         22          0          0          0       2009   misc.o
       372         74          0         20       1536       4833   serialportapi.o
      3822       1226        248         16       1567      22551   sim800c.o
       272         18          0          0          0       1729   spi.o
        64         26        236          0       3072        792   startup_stm32f10x_md.o
       274         30          0          0          0       3314   stm32f10x_flash.o
       286          0          0          0          0       2976   stm32f10x_gpio.o
       172         18          0          0          0     206696   stm32f10x_it.o
       276         32          0         20          0       4370   stm32f10x_rcc.o
       112          0          0          0          0       3734   stm32f10x_spi.o
       458         62          0          0          0       5850   stm32f10x_tim.o
       490          6          0          0          0       7185   stm32f10x_usart.o
       398          8          0          0       1280       5236   stmflash.o
       128          0          0          0          0       2438   stringapiext.o
         6          0          0          0          0        364   sys.o
       328         28          0         20          0       2025   system_stm32f10x.o
       422         24          0          8       1024       4872   uart.o
       744         62          0          2       4096       6537   w25qxx.o

    ----------------------------------------------------------------------
     11110       2462        540        100      16672     578021   Object Totals
         0          0         32          0          0          0   (incl. Generated)
        26          0          0          4          1          0   (incl. Padding)

    ----------------------------------------------------------------------

      Code (inc. data)   RO Data    RW Data    ZI Data      Debug   Library Member Name

         8          0          0          0          0         68   __main.o
       312          4         17          0          0         92   __printf_flags_wp.o
        14          0          0          0          0         68   __printf_wp.o
         0          0          0          0          0          0   __rtentry.o
        12          0          0          0          0          0   __rtentry2.o
         6          0          0          0          0          0   __rtentry4.o
        52          8          0          0          0          0   __scatter.o
        26          0          0          0          0          0   __scatter_copy.o
        28          0          0          0          0          0   __scatter_zi.o
        28          0          0          0          0         68   _chval.o
        44          0          0          0          0        108   _printf_char.o
        48          6          0          0          0         96   _printf_char_common.o
        36          4          0          0          0         80   _printf_char_file.o
         6          0          0          0          0          0   _printf_d.o
       120         16          0          0          0         92   _printf_dec.o
        88          4         40          0          0         88   _printf_hex_int.o
       178          0          0          0          0         88   _printf_intcommon.o
        78          0          0          0          0        108   _printf_pad.o
         0          0          0          0          0          0   _printf_percent.o
         4          0          0          0          0          0   _printf_percent_end.o
         6          0          0          0          0          0   _printf_s.o
        82          0          0          0          0         80   _printf_str.o
         6          0          0          0          0          0   _printf_x.o
        10          0          0          0          0         68   _sputc.o
       158          0          0          0          0         92   _strtoul.o
        26          0          0          0          0         80   atoi.o
        12          0          0          0          0         72   exit.o
         8          0          0          0          0         68   ferror.o
         6          0          0          0          0        152   heapauxi.o
        44         10        272          0          0         76   lc_ctype_c.o
         2          0          0          0          0          0   libinit.o
        20          0          0          0          0          0   libinit2.o
         2          0          0          0          0          0   libshutdown.o
         2          0          0          0          0          0   libshutdown2.o
         8          4          0          0         96         68   libspace.o
        24          4          0          0          0         84   noretval__2printf.o
        40          6          0          0          0         84   noretval__2sprintf.o
        16          4          0          0          0         76   rt_ctype_table.o
         8          4          0          0          0         68   rt_errno_addr_intlibspace.o
         8          4          0          0          0         68   rt_locale_intlibspace.o
        68          0          0          0          0         68   rt_memclr.o
        78          0          0          0          0         80   rt_memclr_w.o
       100          0          0          0          0         80   rt_memcpy_w.o
         2          0          0          0          0          0   rtexit.o
        10          0          0          0          0          0   rtexit2.o
       128          0          0          0          0         68   strcmpv7m.o
        72          0          0          0          0         80   strcpy.o
        62          0          0          0          0         76   strlen.o
        86          0          0          0          0         76   strncpy.o
        36          0          0          0          0         80   strstr.o
       112          0          0          0          0         88   strtol.o
        74          0          0          0          0         80   sys_stackheap_outer.o
         2          0          0          0          0         68   use_no_semi.o
         2          0          0          0          0         68   use_no_semi_2.o

    ----------------------------------------------------------------------
      2422         78        332          0        100       3004   Library Totals
        14          0          3          0          4          0   (incl. Padding)

    ----------------------------------------------------------------------

      Code (inc. data)   RO Data    RW Data    ZI Data      Debug   Library Name

      2408         78        329          0         96       3004   c_w.l

    ----------------------------------------------------------------------
      2422         78        332          0        100       3004   Library Totals

    ----------------------------------------------------------------------

==============================================================================


      Code (inc. data)   RO Data    RW Data    ZI Data      Debug   

     13532       2540        872        100      16772     572389   Grand Totals
     13532       2540        872        100      16772     572389   ELF Image Totals
     13532       2540        872        100          0          0   ROM Totals

==============================================================================

    Total RO  Size (Code + RO Data)                14404 (  14.07kB)
    Total RW  Size (RW Data + ZI Data)             16872 (  16.48kB)
    Total ROM Size (Code + RO Data + RW Data)      14504 (  14.16kB)

==============================================================================

