Component: ARM Compiler 5.05 update 1 (build 106) Tool: armlink [4d0efa]

==============================================================================

Section Cross References

    main.o(i.GPRS_USART) refers to uart.o(i.USART1Conf) for USART1Conf
    main.o(i.NVIC_Configuration) refers to misc.o(i.NVIC_PriorityGroupConfig) for NVIC_PriorityGroupConfig
    main.o(i.NVIC_Configuration) refers to misc.o(i.NVIC_Init) for NVIC_Init
    main.o(i.main) refers to _printf_percent.o(.ARM.Collect$$_printf_percent$$00000000) for _printf_percent
    main.o(i.main) refers to _printf_d.o(.ARM.Collect$$_printf_percent$$00000009) for _printf_d
    main.o(i.main) refers to _printf_dec.o(.text) for _printf_int_dec
    main.o(i.main) refers to _printf_pad.o(.text) for _printf_pre_padding
    main.o(i.main) refers to _printf_x.o(.ARM.Collect$$_printf_percent$$0000000C) for _printf_x
    main.o(i.main) refers to _printf_hex_int.o(.text) for _printf_longlong_hex
    main.o(i.main) refers to main.o(i.NVIC_Configuration) for NVIC_Configuration
    main.o(i.main) refers to serialportapi.o(i.UartBegin) for UartBegin
    main.o(i.main) refers to uart.o(i.USART2Conf) for USART2Conf
    main.o(i.main) refers to interface.o(i.TIM2_Init) for TIM2_Init
    main.o(i.main) refers to delay.o(i.delay_init) for delay_init
    main.o(i.main) refers to led.o(i.LED_Init) for LED_Init
    main.o(i.main) refers to key.o(i.KEY_Init) for KEY_Init
    main.o(i.main) refers to w25qxx.o(i.W25QXX_Init) for W25QXX_Init
    main.o(i.main) refers to noretval__2printf.o(.text) for __2printf
    main.o(i.main) refers to sim800c.o(i.GSM_restart) for GSM_restart
    main.o(i.main) refers to sim800c.o(i.GSMInit) for GSMInit
    main.o(i.main) refers to delay.o(i.delay_ms) for delay_ms
    main.o(i.main) refers to w25qxx.o(i.W25QXX_ReadID) for W25QXX_ReadID
    main.o(i.main) refers to w25qxx.o(i.W25QXX_Write) for W25QXX_Write
    main.o(i.main) refers to rt_memclr.o(.text) for __aeabi_memclr
    main.o(i.main) refers to key.o(i.KEY_Scan) for KEY_Scan
    main.o(i.main) refers to w25qxx.o(i.W25QXX_Read) for W25QXX_Read
    main.o(i.main) refers to iap.o(i.iap_write_appbin) for iap_write_appbin
    main.o(i.main) refers to iap.o(i.iap_load_app) for iap_load_app
    main.o(i.main) refers to uart.o(i.U1_PutChar) for U1_PutChar
    main.o(i.main) refers to main.o(i.GPRS_USART) for GPRS_USART
    main.o(i.main) refers to main.o(.bss) for http_buf
    main.o(i.main) refers to uart.o(.data) for USART_RX_CNT
    main.o(i.main) refers to uart.o(.ARM.__AT_0x20001000) for USART_RX_BUF
    main.o(i.main) refers to main.o(.data) for app_temp_len
    stm32f10x_it.o(i.TIM2_IRQHandler) refers to stm32f10x_tim.o(i.TIM_GetITStatus) for TIM_GetITStatus
    stm32f10x_it.o(i.TIM2_IRQHandler) refers to stm32f10x_tim.o(i.TIM_ClearITPendingBit) for TIM_ClearITPendingBit
    stm32f10x_it.o(i.TIM2_IRQHandler) refers to sim800c.o(i.timer1msINT) for timer1msINT
    stm32f10x_it.o(i.USART1_IRQHandler) refers to stm32f10x_usart.o(i.USART_GetITStatus) for USART_GetITStatus
    stm32f10x_it.o(i.USART1_IRQHandler) refers to stm32f10x_usart.o(i.USART_ClearITPendingBit) for USART_ClearITPendingBit
    stm32f10x_it.o(i.USART1_IRQHandler) refers to stm32f10x_usart.o(i.USART_ReceiveData) for USART_ReceiveData
    stm32f10x_it.o(i.USART1_IRQHandler) refers to serialportapi.o(i.SerialInt) for SerialInt
    system_stm32f10x.o(i.SetSysClock) refers to system_stm32f10x.o(i.SetSysClockTo72) for SetSysClockTo72
    system_stm32f10x.o(i.SystemCoreClockUpdate) refers to system_stm32f10x.o(.data) for SystemCoreClock
    system_stm32f10x.o(i.SystemInit) refers to system_stm32f10x.o(i.SetSysClock) for SetSysClock
    led.o(i.LED_Init) refers to stm32f10x_rcc.o(i.RCC_APB2PeriphClockCmd) for RCC_APB2PeriphClockCmd
    led.o(i.LED_Init) refers to stm32f10x_gpio.o(i.GPIO_Init) for GPIO_Init
    led.o(i.LED_Init) refers to stm32f10x_gpio.o(i.GPIO_SetBits) for GPIO_SetBits
    key.o(i.KEY_Init) refers to stm32f10x_rcc.o(i.RCC_APB2PeriphClockCmd) for RCC_APB2PeriphClockCmd
    key.o(i.KEY_Init) refers to stm32f10x_gpio.o(i.GPIO_Init) for GPIO_Init
    key.o(i.KEY_Scan) refers to stm32f10x_gpio.o(i.GPIO_ReadInputDataBit) for GPIO_ReadInputDataBit
    key.o(i.KEY_Scan) refers to delay.o(i.delay_ms) for delay_ms
    key.o(i.KEY_Scan) refers to key.o(.data) for key_up
    lcd.o(i.LCD_Clear) refers to lcd.o(i.LCD_SetCursor) for LCD_SetCursor
    lcd.o(i.LCD_Clear) refers to lcd.o(i.LCD_WriteRAM_Prepare) for LCD_WriteRAM_Prepare
    lcd.o(i.LCD_Clear) refers to lcd.o(.bss) for lcddev
    lcd.o(i.LCD_Color_Fill) refers to lcd.o(i.LCD_SetCursor) for LCD_SetCursor
    lcd.o(i.LCD_Color_Fill) refers to lcd.o(i.LCD_WriteRAM_Prepare) for LCD_WriteRAM_Prepare
    lcd.o(i.LCD_DisplayOff) refers to lcd.o(i.LCD_WR_REG) for LCD_WR_REG
    lcd.o(i.LCD_DisplayOff) refers to lcd.o(i.LCD_WriteReg) for LCD_WriteReg
    lcd.o(i.LCD_DisplayOff) refers to lcd.o(.bss) for lcddev
[...]
    .ARM.Collect$$libinit$$00000030          0x080001ce   Section        0  libinit2.o(.ARM.Collect$$libinit$$00000030)
    .ARM.Collect$$libinit$$00000032          0x080001ce   Section        0  libinit2.o(.ARM.Collect$$libinit$$00000032)
    .ARM.Collect$$libinit$$00000033          0x080001ce   Section        2  libinit2.o(.ARM.Collect$$libinit$$00000033)
    .ARM.Collect$$libshutdown$$00000000      0x080001d0   Section        2  libshutdown.o(.ARM.Collect$$libshutdown$$00000000)
    .ARM.Collect$$libshutdown$$00000003      0x080001d2   Section        0  libshutdown2.o(.ARM.Collect$$libshutdown$$00000003)
    .ARM.Collect$$libshutdown$$00000006      0x080001d2   Section        0  libshutdown2.o(.ARM.Collect$$libshutdown$$00000006)
    .ARM.Collect$$libshutdown$$00000009      0x080001d2   Section        0  libshutdown2.o(.ARM.Collect$$libshutdown$$00000009)
    .ARM.Collect$$libshutdown$$0000000B      0x080001d2   Section        0  libshutdown2.o(.ARM.Collect$$libshutdown$$0000000B)
    .ARM.Collect$$libshutdown$$0000000E      0x080001d2   Section        0  libshutdown2.o(.ARM.Collect$$libshutdown$$0000000E)
    .ARM.Collect$$libshutdown$$0000000F      0x080001d2   Section        2  libshutdown2.o(.ARM.Collect$$libshutdown$$0000000F)
    .ARM.Collect$$rtentry$$00000000          0x080001d4   Section        0  __rtentry.o(.ARM.Collect$$rtentry$$00000000)
    .ARM.Collect$$rtentry$$00000002          0x080001d4   Section        0  __rtentry2.o(.ARM.Collect$$rtentry$$00000002)
    .ARM.Collect$$rtentry$$00000004          0x080001d4   Section        6  __rtentry4.o(.ARM.Collect$$rtentry$$00000004)
    .ARM.Collect$$rtentry$$00000009          0x080001da   Section        0  __rtentry2.o(.ARM.Collect$$rtentry$$00000009)
    .ARM.Collect$$rtentry$$0000000A          0x080001da   Section        4  __rtentry2.o(.ARM.Collect$$rtentry$$0000000A)
    .ARM.Collect$$rtentry$$0000000C          0x080001de   Section        0  __rtentry2.o(.ARM.Collect$$rtentry$$0000000C)
    .ARM.Collect$$rtentry$$0000000D          0x080001de   Section        8  __rtentry2.o(.ARM.Collect$$rtentry$$0000000D)
    .ARM.Collect$$rtexit$$00000000           0x080001e6   Section        2  rtexit.o(.ARM.Collect$$rtexit$$00000000)
    .ARM.Collect$$rtexit$$00000002           0x080001e8   Section        0  rtexit2.o(.ARM.Collect$$rtexit$$00000002)
    .ARM.Collect$$rtexit$$00000003           0x080001e8   Section        4  rtexit2.o(.ARM.Collect$$rtexit$$00000003)
    .ARM.Collect$$rtexit$$00000004           0x080001ec   Section        6  rtexit2.o(.ARM.Collect$$rtexit$$00000004)
    .emb_text                                0x080001f4   Section        6  sys.o(.emb_text)
    .text                                    0x080001fc   Section       64  startup_stm32f10x_hd.o(.text)
    .text                                    0x0800023c   Section        2  use_no_semi_2.o(.text)
    .text                                    0x08000240   Section        0  noretval__2printf.o(.text)
    .text                                    0x08000258   Section        0  noretval__2sprintf.o(.text)
    .text                                    0x08000280   Section        0  _printf_pad.o(.text)
    .text                                    0x080002ce   Section        0  _printf_str.o(.text)
    .text                                    0x08000320   Section        0  _printf_dec.o(.text)
    .text                                    0x08000398   Section        0  _printf_hex_int.o(.text)
    .text                                    0x080003f0   Section        0  __printf_flags_wp.o(.text)
    .text                                    0x08000528   Section        0  atoi.o(.text)
    .text                                    0x08000542   Section        0  strstr.o(.text)
    .text                                    0x08000566   Section        0  strcpy.o(.text)
    .text                                    0x080005ae   Section        0  strlen.o(.text)
    .text                                    0x080005ec   Section       68  rt_memclr.o(.text)
    .text                                    0x08000630   Section       86  strncpy.o(.text)
    .text                                    0x08000688   Section      128  strcmpv7m.o(.text)
    .text                                    0x08000708   Section        0  heapauxi.o(.text)
    .text                                    0x0800070e   Section        2  use_no_semi.o(.text)
    .text                                    0x08000710   Section        8  rt_errno_addr_intlibspace.o(.text)
    .text                                    0x08000718   Section        0  _printf_intcommon.o(.text)
    .text                                    0x080007cc   Section        0  _printf_char_common.o(.text)
    _printf_input_char                       0x080007cd   Thumb Code    10  _printf_char_common.o(.text)
    .text                                    0x080007fc   Section        0  _sputc.o(.text)
    .text                                    0x08000806   Section        0  _printf_char.o(.text)
    .text                                    0x08000834   Section        0  _printf_char_file.o(.text)
    .text                                    0x08000858   Section        0  strtol.o(.text)
    .text                                    0x080008c8   Section       78  rt_memclr_w.o(.text)
    .text                                    0x08000918   Section        8  libspace.o(.text)
    .text                                    0x08000920   Section       16  rt_ctype_table.o(.text)
    .text                                    0x08000930   Section        0  _strtoul.o(.text)
    .text                                    0x080009ce   Section        0  ferror.o(.text)
    .text                                    0x080009d6   Section       74  sys_stackheap_outer.o(.text)
    .text                                    0x08000a20   Section        8  rt_locale_intlibspace.o(.text)
    .text                                    0x08000a28   Section        0  _chval.o(.text)
    .text                                    0x08000a44   Section        0  exit.o(.text)
    i.BusFault_Handler                       0x08000a50   Section        0  stm32f10x_it.o(i.BusFault_Handler)
    i.CheckState                             0x08000a54   Section        0  sim800c.o(i.CheckState)
    i.ClearRecBuf                            0x08000c5c   Section        0  sim800c.o(i.ClearRecBuf)
    i.ClearRxBuf                             0x08000c68   Section        0  serialportapi.o(i.ClearRxBuf)
    i.ConectTest                             0x08000c84   Section        0  sim800c.o(i.ConectTest)
    i.DebugMon_Handler                       0x08000cf4   Section        0  stm32f10x_it.o(i.DebugMon_Handler)
    i.FLASH_ErasePage                        0x08000cf8   Section        0  stm32f10x_flash.o(i.FLASH_ErasePage)
    i.FLASH_GetBank1Status                   0x08000d44   Section        0  stm32f10x_flash.o(i.FLASH_GetBank1Status)
    i.FLASH_Lock                             0x08000d78   Section        0  stm32f10x_flash.o(i.FLASH_Lock)
    i.FLASH_ProgramHalfWord                  0x08000d8c   Section        0  stm32f10x_flash.o(i.FLASH_ProgramHalfWord)
    i.FLASH_Unlock                           0x08000dcc   Section        0  stm32f10x_flash.o(i.FLASH_Unlock)
    i.FLASH_WaitForLastOperation             0x08000de4   Section        0  stm32f10x_flash.o(i.FLASH_WaitForLastOperation)
    i.GPIO_Init                              0x08000e0a   Section        0  stm32f10x_gpio.o(i.GPIO_Init)
    i.GPIO_ReadInputDataBit                  0x08000f20   Section        0  stm32f10x_gpio.o(i.GPIO_ReadInputDataBit)
    i.GPIO_SetBits                           0x08000f32   Section        0  stm32f10x_gpio.o(i.GPIO_SetBits)
    i.GPRS_USART                             0x08000f36   Section        0  main.o(i.GPRS_USART)
    i.GSMInit                                0x08000f48   Section        0  sim800c.o(i.GSMInit)
    i.GSM_restart                            0x08000fc8   Section        0  sim800c.o(i.GSM_restart)
    i.HardFault_Handler                      0x08001028   Section        0  stm32f10x_it.o(i.HardFault_Handler)
    i.HttpInit                               0x0800102c   Section        0  sim800c.o(i.HttpInit)
    i.KEY_Init                               0x08001250   Section        0  key.o(i.KEY_Init)
    i.KEY_Scan                               0x0800128c   Section        0  key.o(i.KEY_Scan)
    i.LED_Init                               0x08001354   Section        0  led.o(i.LED_Init)
    i.LSB_API_data                           0x080013a0   Section        0  sim800c.o(i.LSB_API_data)
    i.MemManage_Handler                      0x08001464   Section        0  stm32f10x_it.o(i.MemManage_Handler)
    i.NMI_Handler                            0x08001468   Section        0  stm32f10x_it.o(i.NMI_Handler)
    i.NVIC_Configuration                     0x0800146a   Section        0  main.o(i.NVIC_Configuration)
    i.NVIC_Init                              0x080014b4   Section        0  misc.o(i.NVIC_Init)
    i.NVIC_PriorityGroupConfig               0x08001524   Section        0  misc.o(i.NVIC_PriorityGroupConfig)
    i.PendSV_Handler                         0x08001538   Section        0  stm32f10x_it.o(i.PendSV_Handler)
    i.RCC_APB1PeriphClockCmd                 0x0800153c   Section        0  stm32f10x_rcc.o(i.RCC_APB1PeriphClockCmd)
    i.RCC_APB2PeriphClockCmd                 0x0800155c   Section        0  stm32f10x_rcc.o(i.RCC_APB2PeriphClockCmd)
    i.RCC_GetClocksFreq                      0x0800157c   Section        0  stm32f10x_rcc.o(i.RCC_GetClocksFreq)
    i.SPI2_Init                              0x08001650   Section        0  spi.o(i.SPI2_Init)
    i.SPI2_ReadWriteByte                     0x080016e4   Section        0  spi.o(i.SPI2_ReadWriteByte)
    i.SPI2_SetSpeed                          0x08001738   Section        0  spi.o(i.SPI2_SetSpeed)
    i.SPI_Cmd                                0x08001760   Section        0  stm32f10x_spi.o(i.SPI_Cmd)
    i.SPI_I2S_GetFlagStatus                  0x08001778   Section        0  stm32f10x_spi.o(i.SPI_I2S_GetFlagStatus)
    i.SPI_I2S_ReceiveData                    0x0800178a   Section        0  stm32f10x_spi.o(i.SPI_I2S_ReceiveData)
    i.SPI_I2S_SendData                       0x08001790   Section        0  stm32f10x_spi.o(i.SPI_I2S_SendData)
    i.SPI_Init                               0x08001794   Section        0  stm32f10x_spi.o(i.SPI_Init)
    i.STMFLASH_Read                          0x080017d0   Section        0  stmflash.o(i.STMFLASH_Read)
    i.STMFLASH_ReadHalfWord                  0x080017f2   Section        0  stmflash.o(i.STMFLASH_ReadHalfWord)
    i.STMFLASH_Write                         0x080017f8   Section        0  stmflash.o(i.STMFLASH_Write)
    i.STMFLASH_Write_NoCheck                 0x080018e0   Section        0  stmflash.o(i.STMFLASH_Write_NoCheck)
    i.SVC_Handler                            0x08001906   Section        0  stm32f10x_it.o(i.SVC_Handler)
    i.SerialAvailable                        0x08001908   Section        0  serialportapi.o(i.SerialAvailable)
    i.SerialInt                              0x0800192c   Section        0  serialportapi.o(i.SerialInt)
    i.SerialPrint                            0x08001984   Section        0  serialportapi.o(i.SerialPrint)
    i.SerialPrintln                          0x080019d8   Section        0  serialportapi.o(i.SerialPrintln)
    i.SerialRead                             0x080019fc   Section        0  serialportapi.o(i.SerialRead)
    i.SetSysClock                            0x08001a3c   Section        0  system_stm32f10x.o(i.SetSysClock)
    SetSysClock                              0x08001a3d   Thumb Code     8  system_stm32f10x.o(i.SetSysClock)
    i.SetSysClockTo72                        0x08001a44   Section        0  system_stm32f10x.o(i.SetSysClockTo72)
    SetSysClockTo72                          0x08001a45   Thumb Code   214  system_stm32f10x.o(i.SetSysClockTo72)
    i.StringAddchar                          0x08001b24   Section        0  stringapiext.o(i.StringAddchar)
    i.StringIndex                            0x08001b3c   Section        0  stringapiext.o(i.StringIndex)
    i.StringLenth                            0x08001b58   Section        0  stringapiext.o(i.StringLenth)
    i.StringSubstring                        0x08001b64   Section        0  stringapiext.o(i.StringSubstring)
    i.SysTick_CLKSourceConfig                0x08001ba4   Section        0  misc.o(i.SysTick_CLKSourceConfig)
    i.SysTick_Handler                        0x08001bcc   Section        0  stm32f10x_it.o(i.SysTick_Handler)
    i.SystemInit                             0x08001bd0   Section        0  system_stm32f10x.o(i.SystemInit)
    i.TCPInit                                0x08001c30   Section        0  sim800c.o(i.TCPInit)
    i.TIM2_IRQHandler                        0x08001ca4   Section        0  stm32f10x_it.o(i.TIM2_IRQHandler)
    i.TIM2_Init                              0x08001cbe   Section        0  interface.o(i.TIM2_Init)
    i.TIM_ClearITPendingBit                  0x08001d06   Section        0  stm32f10x_tim.o(i.TIM_ClearITPendingBit)
    i.TIM_Cmd                                0x08001d0c   Section        0  stm32f10x_tim.o(i.TIM_Cmd)
    i.TIM_GetITStatus                        0x08001d24   Section        0  stm32f10x_tim.o(i.TIM_GetITStatus)
    i.TIM_ITConfig                           0x08001d46   Section        0  stm32f10x_tim.o(i.TIM_ITConfig)
    i.TIM_TimeBaseInit                       0x08001d58   Section        0  stm32f10x_tim.o(i.TIM_TimeBaseInit)
    i.U1_PutChar                             0x08001dfc   Section        0  uart.o(i.U1_PutChar)
    i.USART1Conf                             0x08001e1c   Section        0  uart.o(i.USART1Conf)
    i.USART1_IRQHandler                      0x08001ed0   Section        0  stm32f10x_it.o(i.USART1_IRQHandler)
    i.USART2Conf                             0x08001efc   Section        0  uart.o(i.USART2Conf)
    i.USART2_IRQHandler                      0x08001fac   Section        0  stm32f10x_it.o(i.USART2_IRQHandler)
    i.USART_ClearFlag                        0x08001fae   Section        0  stm32f10x_usart.o(i.USART_ClearFlag)
    i.USART_ClearITPendingBit                0x08001fc0   Section        0  stm32f10x_usart.o(i.USART_ClearITPendingBit)
    i.USART_Cmd                              0x08001fde   Section        0  stm32f10x_usart.o(i.USART_Cmd)
    i.USART_GetFlagStatus                    0x08001ff6   Section        0  stm32f10x_usart.o(i.USART_GetFlagStatus)
    i.USART_GetITStatus                      0x08002010   Section        0  stm32f10x_usart.o(i.USART_GetITStatus)
    i.USART_ITConfig                         0x08002064   Section        0  stm32f10x_usart.o(i.USART_ITConfig)
    i.USART_Init                             0x080020b0   Section        0  stm32f10x_usart.o(i.USART_Init)
    i.USART_ReceiveData                      0x08002188   Section        0  stm32f10x_usart.o(i.USART_ReceiveData)
    i.USART_SendData                         0x08002192   Section        0  stm32f10x_usart.o(i.USART_SendData)
    i.UartBegin                              0x0800219c   Section        0  serialportapi.o(i.UartBegin)
    i.UsageFault_Handler                     0x080021c0   Section        0  stm32f10x_it.o(i.UsageFault_Handler)
    i.W25QXX_Erase_Sector                    0x080021c4   Section        0  w25qxx.o(i.W25QXX_Erase_Sector)
    i.W25QXX_Init                            0x0800221c   Section        0  w25qxx.o(i.W25QXX_Init)
    i.W25QXX_Read                            0x08002274   Section        0  w25qxx.o(i.W25QXX_Read)
    i.W25QXX_ReadID                          0x080022c4   Section        0  w25qxx.o(i.W25QXX_ReadID)
    i.W25QXX_ReadSR                          0x0800230c   Section        0  w25qxx.o(i.W25QXX_ReadSR)
    i.W25QXX_Wait_Busy                       0x08002338   Section        0  w25qxx.o(i.W25QXX_Wait_Busy)
    i.W25QXX_Write                           0x0800234c   Section        0  w25qxx.o(i.W25QXX_Write)
    i.W25QXX_Write_Enable                    0x08002404   Section        0  w25qxx.o(i.W25QXX_Write_Enable)
    i.W25QXX_Write_NoCheck                   0x08002424   Section        0  w25qxx.o(i.W25QXX_Write_NoCheck)
    i.W25QXX_Write_Page                      0x0800246c   Section        0  w25qxx.o(i.W25QXX_Write_Page)
    i._is_digit                              0x080024c0   Section        0  __printf_wp.o(i._is_digit)
    i._sys_exit                              0x080024ce   Section        0  uart.o(i._sys_exit)
    i.a16toi                                 0x080024d4   Section        0  sim800c.o(i.a16toi)
    i.createTCP                              0x08002528   Section        0  sim800c.o(i.createTCP)
    i.delay                                  0x08002540   Section        0  sim800c.o(i.delay)
    i.delay_init                             0x08002558   Section        0  delay.o(i.delay_init)
    i.delay_ms                               0x0800259c   Section        0  delay.o(i.delay_ms)
    i.eAT                                    0x080025e8   Section        0  sim800c.o(i.eAT)
    i.eATCIFSR                               0x08002608   Section        0  sim800c.o(i.eATCIFSR)
    i.eATCIICR                               0x0800266c   Section        0  sim800c.o(i.eATCIICR)
    i.eATCSQ                                 0x08002698   Section        0  sim800c.o(i.eATCSQ)
    i.eATGSN                                 0x080026ec   Section        0  sim800c.o(i.eATGSN)
    i.eATHTTPINIT                            0x0800273c   Section        0  sim800c.o(i.eATHTTPINIT)
    i.eATHTTPTERM                            0x08002764   Section        0  sim800c.o(i.eATHTTPTERM)
    i.fputc                                  0x0800278c   Section        0  uart.o(i.fputc)
    i.iap_load_app                           0x080027a8   Section        0  iap.o(i.iap_load_app)
    i.iap_write_appbin                       0x080027d4   Section        0  iap.o(i.iap_write_appbin)
    i.main                                   0x0800283c   Section        0  main.o(i.main)
    i.millis                                 0x08002c70   Section        0  sim800c.o(i.millis)
    i.qATCGATT                               0x08002c7c   Section        0  sim800c.o(i.qATCGATT)
    i.qATCPIN                                0x08002cd8   Section        0  sim800c.o(i.qATCPIN)
    i.qATCREG0                               0x08002d30   Section        0  sim800c.o(i.qATCREG0)
    i.qATCREG2                               0x08002d8c   Section        0  sim800c.o(i.qATCREG2)
    i.qATHTTPREAD                            0x08002e40   Section        0  sim800c.o(i.qATHTTPREAD)
    i.recvFind                               0x08002e8c   Section        0  sim800c.o(i.recvFind)
    i.recvFindAndFilter                      0x08002eb8   Section        0  sim800c.o(i.recvFindAndFilter)
    i.recvString                             0x08002f2c   Section        0  sim800c.o(i.recvString)
    i.rx_empty                               0x08002f7e   Section        0  sim800c.o(i.rx_empty)
    i.sATCIPHEAD                             0x08002f88   Section        0  sim800c.o(i.sATCIPHEAD)
    i.sATCIPMODE                             0x08002fbc   Section        0  sim800c.o(i.sATCIPMODE)
    i.sATCIPSTARTSingle                      0x08002ff0   Section        0  sim800c.o(i.sATCIPSTARTSingle)
    i.sATCPOWD                               0x0800306c   Section        0  sim800c.o(i.sATCPOWD)
    i.sATCREG                                0x080030b4   Section        0  sim800c.o(i.sATCREG)
    i.sATCSTT                                0x080030ec   Section        0  sim800c.o(i.sATCSTT)
    i.sATHTTPACTION                          0x08003128   Section        0  sim800c.o(i.sATHTTPACTION)
    i.sATHTTPPARA                            0x08003174   Section        0  sim800c.o(i.sATHTTPPARA)
    i.sATSAPBR1                              0x080031c0   Section        0  sim800c.o(i.sATSAPBR1)
    i.sATSAPBR2                              0x08003214   Section        0  sim800c.o(i.sATSAPBR2)
    i.timer1msINT                            0x08003258   Section        0  sim800c.o(i.timer1msINT)
    locale$$code                             0x08003268   Section       44  lc_ctype_c.o(locale$$code)
    .constdata                               0x08003294   Section       40  _printf_hex_int.o(.constdata)
    uc_hextab                                0x08003294   Data          20  _printf_hex_int.o(.constdata)
    lc_hextab                                0x080032a8   Data          20  _printf_hex_int.o(.constdata)
    .constdata                               0x080032bc   Section       17  __printf_flags_wp.o(.constdata)
    maptable                                 0x080032bc   Data          17  __printf_flags_wp.o(.constdata)
    .conststring                             0x080032d0   Section      114  sim800c.o(.conststring)
    locale$$data                             0x08003364   Section      272  lc_ctype_c.o(locale$$data)
    __lcctype_c_name                         0x08003368   Data           2  lc_ctype_c.o(locale$$data)
    __lcctype_c_start                        0x08003370   Data           0  lc_ctype_c.o(locale$$data)
    __lcctype_c_end                          0x08003474   Data           0  lc_ctype_c.o(locale$$data)
    .data                                    0x20000000   Section        4  main.o(.data)
    .data                                    0x20000004   Section       20  system_stm32f10x.o(.data)
    .data                                    0x20000018   Section        1  key.o(.data)
    key_up                                   0x20000018   Data           1  key.o(.data)
    .data                                    0x2000001a   Section        2  w25qxx.o(.data)
    .data                                    0x2000001c   Section        4  delay.o(.data)
    fac_us                                   0x2000001c   Data           1  delay.o(.data)
    fac_ms                                   0x2000001e   Data           2  delay.o(.data)
    .data                                    0x20000020   Section        8  uart.o(.data)
    .data                                    0x20000028   Section       20  stm32f10x_rcc.o(.data)
    APBAHBPrescTable                         0x20000028   Data          16  stm32f10x_rcc.o(.data)
    ADCPrescTable                            0x20000038   Data           4  stm32f10x_rcc.o(.data)
    .data                                    0x2000003c   Section        4  iap.o(.data)
    .data                                    0x20000040   Section       12  serialportapi.o(.data)
    _receive_buffer_tail                     0x20000040   Data           1  serialportapi.o(.data)
    _receive_buffer_head                     0x20000041   Data           1  serialportapi.o(.data)
    UartInit                                 0x20000044   Data           4  serialportapi.o(.data)
    UartSend                                 0x20000048   Data           4  serialportapi.o(.data)
    .data                                    0x2000004c   Section       16  sim800c.o(.data)
    .bss                                     0x2000005c   Section     2048  stmflash.o(.bss)
    .bss                                     0x2000085c   Section     1024  serialportapi.o(.bss)
    _receive_buffer                          0x2000085c   Data        1024  serialportapi.o(.bss)
    .bss                                     0x20000c5c   Section      543  sim800c.o(.bss)
    .bss                                     0x20000e7c   Section       96  libspace.o(.bss)
    .ARM.__AT_0x20001000                     0x20001000   Section    10240  uart.o(.ARM.__AT_0x20001000)
    .bss                                     0x20003800   Section     5632  main.o(.bss)
    .bss                                     0x20004e00   Section     4096  w25qxx.o(.bss)
    .bss                                     0x20005e00   Section     2048  iap.o(.bss)
    HEAP                                     0x20006600   Section      512  startup_stm32f10x_hd.o(HEAP)
    Heap_Mem                                 0x20006600   Data         512  startup_stm32f10x_hd.o(HEAP)
    STACK                                    0x20006800   Section     1024  startup_stm32f10x_hd.o(STACK)
    Stack_Mem                                0x20006800   Data        1024  startup_stm32f10x_hd.o(STACK)
    __initial_sp                             0x20006c00   Data           0  startup_stm32f10x_hd.o(STACK)

    Global Symbols

    Symbol Name                              Value     Ov Type        Size  Object(Section)

    BuildAttributes$$THM_ISAv4$P$D$K$B$S$PE$A:L22UL41UL21$X:L11$S22US41US21$IEEE1$IW$USESV6$~STKCKD$USESV7$~SHL$OSPACE$ROPI$EBA8$UX$STANDARDLIB$REQ8$PRES8$EABIv2 0x00000000   Number         0  anon$$obj.o ABSOLUTE
    __ARM_use_no_argv                        0x00000000   Number         0  main.o ABSOLUTE
    _printf_flags                            0x00000000   Number         0  printf_stubs.o ABSOLUTE
    _printf_return_value                     0x00000000   Number         0  printf_stubs.o ABSOLUTE
    _printf_sizespec                         0x00000000   Number         0  printf_stubs.o ABSOLUTE
    _printf_widthprec                        0x00000000   Number         0  printf_stubs.o ABSOLUTE
    __ARM_exceptions_init                     - Undefined Weak Reference
    __alloca_initialize                       - Undefined Weak Reference
    __arm_preinit_                            - Undefined Weak Reference
    __cpp_initialize__aeabi_                  - Undefined Weak Reference
    __cxa_finalize                            - Undefined Weak Reference
    __sigvec_lookup                           - Undefined Weak Reference
    _atexit_init                              - Undefined Weak Reference
    _call_atexit_fns                          - Undefined Weak Reference
    _clock_init                               - Undefined Weak Reference
    _fp_trap_init                             - Undefined Weak Reference
    _fp_trap_shutdown                         - Undefined Weak Reference
    _get_lc_collate                           - Undefined Weak Reference
    _get_lc_monetary                          - Undefined Weak Reference
    _get_lc_numeric                           - Undefined Weak Reference
    _get_lc_time                              - Undefined Weak Reference
    _getenv_init                              - Undefined Weak Reference
    _handle_redirection                       - Undefined Weak Reference
    _init_alloc                               - Undefined Weak Reference
    _init_user_alloc                          - Undefined Weak Reference
    _initio                                   - Undefined Weak Reference
    _mutex_acquire                            - Undefined Weak Reference
    _mutex_release                            - Undefined Weak Reference
    _printf_mbtowc                            - Undefined Weak Reference
    _printf_truncate_signed                   - Undefined Weak Reference
    _printf_truncate_unsigned                 - Undefined Weak Reference
    _rand_init                                - Undefined Weak Reference
    _signal_finish                            - Undefined Weak Reference
    _signal_init                              - Undefined Weak Reference
    _terminate_alloc                          - Undefined Weak Reference
    _terminate_user_alloc                     - Undefined Weak Reference
    _terminateio                              - Undefined Weak Reference
    __Vectors_Size                           0x00000130   Number         0  startup_stm32f10x_hd.o ABSOLUTE
    __Vectors                                0x08000000   Data           4  startup_stm32f10x_hd.o(RESET)
    __Vectors_End                            0x08000130   Data           0  startup_stm32f10x_hd.o(RESET)
    __main                                   0x08000131   Thumb Code     8  __main.o(!!!main)
    __scatterload                            0x08000139   Thumb Code     0  __scatter.o(!!!scatter)
    __scatterload_rt2                        0x08000139   Thumb Code    44  __scatter.o(!!!scatter)
    __scatterload_rt2_thumb_only             0x08000139   Thumb Code     0  __scatter.o(!!!scatter)
    __scatterload_null                       0x08000147   Thumb Code     0  __scatter.o(!!!scatter)
    __scatterload_copy                       0x0800016d   Thumb Code    26  __scatter_copy.o(!!handler_copy)
    __scatterload_zeroinit                   0x08000189   Thumb Code    28  __scatter_zi.o(!!handler_zi)
    _printf_d                                0x080001a5   Thumb Code     0  _printf_d.o(.ARM.Collect$$_printf_percent$$00000009)
    _printf_percent                          0x080001a5   Thumb Code     0  _printf_percent.o(.ARM.Collect$$_printf_percent$$00000000)
    _printf_x                                0x080001ab   Thumb Code     0  _printf_x.o(.ARM.Collect$$_printf_percent$$0000000C)
    _printf_s                                0x080001b1   Thumb Code     0  _printf_s.o(.ARM.Collect$$_printf_percent$$00000014)
    _printf_percent_end                      0x080001b7   Thumb Code     0  _printf_percent_end.o(.ARM.Collect$$_printf_percent$$00000017)
    __rt_lib_init                            0x080001bb   Thumb Code     0  libinit.o(.ARM.Collect$$libinit$$00000000)
    __rt_lib_init_fp_1                       0x080001bd   Thumb Code     0  libinit2.o(.ARM.Collect$$libinit$$00000002)
    __rt_lib_init_heap_1                     0x080001bd   Thumb Code     0  libinit2.o(.ARM.Collect$$libinit$$0000000A)
    __rt_lib_init_lc_common                  0x080001bd   Thumb Code     0  libinit2.o(.ARM.Collect$$libinit$$0000000F)
    __rt_lib_init_preinit_1                  0x080001bd   Thumb Code     0  libinit2.o(.ARM.Collect$$libinit$$00000004)
    __rt_lib_init_rand_1                     0x080001bd   Thumb Code     0  libinit2.o(.ARM.Collect$$libinit$$0000000E)
    __rt_lib_init_user_alloc_1               0x080001bd   Thumb Code     0  libinit2.o(.ARM.Collect$$libinit$$0000000C)
    __rt_lib_init_lc_collate_1               0x080001c3   Thumb Code     0  libinit2.o(.ARM.Collect$$libinit$$00000011)
    __rt_lib_init_lc_ctype_2                 0x080001c3   Thumb Code     0  libinit2.o(.ARM.Collect$$libinit$$00000012)
    __rt_lib_init_alloca_1                   0x080001cf   Thumb Code     0  libinit2.o(.ARM.Collect$$libinit$$0000002E)
    __rt_lib_init_argv_1                     0x080001cf   Thumb Code     0  libinit2.o(.ARM.Collect$$libinit$$0000002C)
    __rt_lib_init_atexit_1                   0x080001cf   Thumb Code     0  libinit2.o(.ARM.Collect$$libinit$$0000001B)
    __rt_lib_init_clock_1                    0x080001cf   Thumb Code     0  libinit2.o(.ARM.Collect$$libinit$$00000021)
    __rt_lib_init_cpp_1                      0x080001cf   Thumb Code     0  libinit2.o(.ARM.Collect$$libinit$$00000032)
    __rt_lib_init_exceptions_1               0x080001cf   Thumb Code     0  libinit2.o(.ARM.Collect$$libinit$$00000030)
    __rt_lib_init_fp_trap_1                  0x080001cf   Thumb Code     0  libinit2.o(.ARM.Collect$$libinit$$0000001F)
    __rt_lib_init_getenv_1                   0x080001cf   Thumb Code     0  libinit2.o(.ARM.Collect$$libinit$$00000023)
    __rt_lib_init_lc_ctype_1                 0x080001cf   Thumb Code     0  libinit2.o(.ARM.Collect$$libinit$$00000013)
    __rt_lib_init_lc_monetary_1              0x080001cf   Thumb Code     0  libinit2.o(.ARM.Collect$$libinit$$00000015)
    __rt_lib_init_lc_numeric_1               0x080001cf   Thumb Code     0  libinit2.o(.ARM.Collect$$libinit$$00000017)
    __rt_lib_init_lc_time_1                  0x080001cf   Thumb Code     0  libinit2.o(.ARM.Collect$$libinit$$00000019)
    __rt_lib_init_return                     0x080001cf   Thumb Code     0  libinit2.o(.ARM.Collect$$libinit$$00000033)
    __rt_lib_init_signal_1                   0x080001cf   Thumb Code     0  libinit2.o(.ARM.Collect$$libinit$$0000001D)
    __rt_lib_init_stdio_1                    0x080001cf   Thumb Code     0  libinit2.o(.ARM.Collect$$libinit$$00000025)
    __rt_lib_shutdown                        0x080001d1   Thumb Code     0  libshutdown.o(.ARM.Collect$$libshutdown$$00000000)
    __rt_lib_shutdown_fp_trap_1              0x080001d3   Thumb Code     0  libshutdown2.o(.ARM.Collect$$libshutdown$$00000006)
    __rt_lib_shutdown_heap_1                 0x080001d3   Thumb Code     0  libshutdown2.o(.ARM.Collect$$libshutdown$$0000000E)
    __rt_lib_shutdown_return                 0x080001d3   Thumb Code     0  libshutdown2.o(.ARM.Collect$$libshutdown$$0000000F)
    __rt_lib_shutdown_signal_1               0x080001d3   Thumb Code     0  libshutdown2.o(.ARM.Collect$$libshutdown$$00000009)
    __rt_lib_shutdown_stdio_1                0x080001d3   Thumb Code     0  libshutdown2.o(.ARM.Collect$$libshutdown$$00000003)
    __rt_lib_shutdown_user_alloc_1           0x080001d3   Thumb Code     0  libshutdown2.o(.ARM.Collect$$libshutdown$$0000000B)
    __rt_entry                               0x080001d5   Thumb Code     0  __rtentry.o(.ARM.Collect$$rtentry$$00000000)
    __rt_entry_presh_1                       0x080001d5   Thumb Code     0  __rtentry2.o(.ARM.Collect$$rtentry$$00000002)
    __rt_entry_sh                            0x080001d5   Thumb Code     0  __rtentry4.o(.ARM.Collect$$rtentry$$00000004)
    __rt_entry_li                            0x080001db   Thumb Code     0  __rtentry2.o(.ARM.Collect$$rtentry$$0000000A)
    __rt_entry_postsh_1                      0x080001db   Thumb Code     0  __rtentry2.o(.ARM.Collect$$rtentry$$00000009)
    __rt_entry_main                          0x080001df   Thumb Code     0  __rtentry2.o(.ARM.Collect$$rtentry$$0000000D)
    __rt_entry_postli_1                      0x080001df   Thumb Code     0  __rtentry2.o(.ARM.Collect$$rtentry$$0000000C)
    __rt_exit                                0x080001e7   Thumb Code     0  rtexit.o(.ARM.Collect$$rtexit$$00000000)
    __rt_exit_ls                             0x080001e9   Thumb Code     0  rtexit2.o(.ARM.Collect$$rtexit$$00000003)
    __rt_exit_prels_1                        0x080001e9   Thumb Code     0  rtexit2.o(.ARM.Collect$$rtexit$$00000002)
    __rt_exit_exit                           0x080001ed   Thumb Code     0  rtexit2.o(.ARM.Collect$$rtexit$$00000004)
    MSR_MSP                                  0x080001f5   Thumb Code     6  sys.o(.emb_text)
    Reset_Handler                            0x080001fd   Thumb Code     8  startup_stm32f10x_hd.o(.text)
    ADC1_2_IRQHandler                        0x08000217   Thumb Code     0  startup_stm32f10x_hd.o(.text)
    ADC3_IRQHandler                          0x08000217   Thumb Code     0  startup_stm32f10x_hd.o(.text)
    CAN1_RX1_IRQHandler                      0x08000217   Thumb Code     0  startup_stm32f10x_hd.o(.text)
    CAN1_SCE_IRQHandler                      0x08000217   Thumb Code     0  startup_stm32f10x_hd.o(.text)
    DMA1_Channel1_IRQHandler                 0x08000217   Thumb Code     0  startup_stm32f10x_hd.o(.text)
    DMA1_Channel2_IRQHandler                 0x08000217   Thumb Code     0  startup_stm32f10x_hd.o(.text)
    DMA1_Channel3_IRQHandler                 0x08000217   Thumb Code     0  startup_stm32f10x_hd.o(.text)
    DMA1_Channel4_IRQHandler                 0x08000217   Thumb Code     0  startup_stm32f10x_hd.o(.text)
    DMA1_Channel5_IRQHandler                 0x08000217   Thumb Code     0  startup_stm32f10x_hd.o(.text)
    DMA1_Channel6_IRQHandler                 0x08000217   Thumb Code     0  startup_stm32f10x_hd.o(.text)
    DMA1_Channel7_IRQHandler                 0x08000217   Thumb Code     0  startup_stm32f10x_hd.o(.text)
    DMA2_Channel1_IRQHandler                 0x08000217   Thumb Code     0  startup_stm32f10x_hd.o(.text)
    DMA2_Channel2_IRQHandler                 0x08000217   Thumb Code     0  startup_stm32f10x_hd.o(.text)
    DMA2_Channel3_IRQHandler                 0x08000217   Thumb Code     0  startup_stm32f10x_hd.o(.text)
    DMA2_Channel4_5_IRQHandler               0x08000217   Thumb Code     0  startup_stm32f10x_hd.o(.text)
    EXTI0_IRQHandler                         0x08000217   Thumb Code     0  startup_stm32f10x_hd.o(.text)
    EXTI15_10_IRQHandler                     0x08000217   Thumb Code     0  startup_stm32f10x_hd.o(.text)
    EXTI1_IRQHandler                         0x08000217   Thumb Code     0  startup_stm32f10x_hd.o(.text)
    EXTI2_IRQHandler                         0x08000217   Thumb Code     0  startup_stm32f10x_hd.o(.text)
    EXTI3_IRQHandler                         0x08000217   Thumb Code     0  startup_stm32f10x_hd.o(.text)
    EXTI4_IRQHandler                         0x08000217   Thumb Code     0  startup_stm32f10x_hd.o(.text)
    EXTI9_5_IRQHandler                       0x08000217   Thumb Code     0  startup_stm32f10x_hd.o(.text)
    FLASH_IRQHandler                         0x08000217   Thumb Code     0  startup_stm32f10x_hd.o(.text)
    FSMC_IRQHandler                          0x08000217   Thumb Code     0  startup_stm32f10x_hd.o(.text)
    I2C1_ER_IRQHandler                       0x08000217   Thumb Code     0  startup_stm32f10x_hd.o(.text)
    I2C1_EV_IRQHandler                       0x08000217   Thumb Code     0  startup_stm32f10x_hd.o(.text)
    I2C2_ER_IRQHandler                       0x08000217   Thumb Code     0  startup_stm32f10x_hd.o(.text)
    I2C2_EV_IRQHandler                       0x08000217   Thumb Code     0  startup_stm32f10x_hd.o(.text)
    PVD_IRQHandler                           0x08000217   Thumb Code     0  startup_stm32f10x_hd.o(.text)
    RCC_IRQHandler                           0x08000217   Thumb Code     0  startup_stm32f10x_hd.o(.text)
    RTCAlarm_IRQHandler                      0x08000217   Thumb Code     0  startup_stm32f10x_hd.o(.text)
    RTC_IRQHandler                           0x08000217   Thumb Code     0  startup_stm32f10x_hd.o(.text)
    SDIO_IRQHandler                          0x08000217   Thumb Code     0  startup_stm32f10x_hd.o(.text)
    SPI1_IRQHandler                          0x08000217   Thumb Code     0  startup_stm32f10x_hd.o(.text)
    SPI2_IRQHandler                          0x08000217   Thumb Code     0  startup_stm32f10x_hd.o(.text)
    SPI3_IRQHandler                          0x08000217   Thumb Code     0  startup_stm32f10x_hd.o(.text)
    TAMPER_IRQHandler                        0x08000217   Thumb Code     0  startup_stm32f10x_hd.o(.text)
    TIM1_BRK_IRQHandler                      0x08000217   Thumb Code     0  startup_stm32f10x_hd.o(.text)
    TIM1_CC_IRQHandler                       0x08000217   Thumb Code     0  startup_stm32f10x_hd.o(.text)
    TIM1_TRG_COM_IRQHandler                  0x08000217   Thumb Code     0  startup_stm32f10x_hd.o(.text)
    TIM1_UP_IRQHandler                       0x08000217   Thumb Code     0  startup_stm32f10x_hd.o(.text)
    TIM3_IRQHandler                          0x08000217   Thumb Code     0  startup_stm32f10x_hd.o(.text)
    TIM4_IRQHandler                          0x08000217   Thumb Code     0  startup_stm32f10x_hd.o(.text)
    TIM5_IRQHandler                          0x08000217   Thumb Code     0  startup_stm32f10x_hd.o(.text)
    TIM6_IRQHandler                          0x08000217   Thumb Code     0  startup_stm32f10x_hd.o(.text)
    TIM7_IRQHandler                          0x08000217   Thumb Code     0  startup_stm32f10x_hd.o(.text)
    TIM8_BRK_IRQHandler                      0x08000217   Thumb Code     0  startup_stm32f10x_hd.o(.text)
    TIM8_CC_IRQHandler                       0x08000217   Thumb Code     0  startup_stm32f10x_hd.o(.text)
    TIM8_TRG_COM_IRQHandler                  0x08000217   Thumb Code     0  startup_stm32f10x_hd.o(.text)
    TIM8_UP_IRQHandler                       0x08000217   Thumb Code     0  startup_stm32f10x_hd.o(.text)
    UART4_IRQHandler                         0x08000217   Thumb Code     0  startup_stm32f10x_hd.o(.text)
    UART5_IRQHandler                         0x08000217   Thumb Code     0  startup_stm32f10x_hd.o(.text)
    USART3_IRQHandler                        0x08000217   Thumb Code     0  startup_stm32f10x_hd.o(.text)
    USBWakeUp_IRQHandler                     0x08000217   Thumb Code     0  startup_stm32f10x_hd.o(.text)
    USB_HP_CAN1_TX_IRQHandler                0x08000217   Thumb Code     0  startup_stm32f10x_hd.o(.text)
    USB_LP_CAN1_RX0_IRQHandler               0x08000217   Thumb Code     0  startup_stm32f10x_hd.o(.text)
    WWDG_IRQHandler                          0x08000217   Thumb Code     0  startup_stm32f10x_hd.o(.text)
    __user_initial_stackheap                 0x08000219   Thumb Code     0  startup_stm32f10x_hd.o(.text)
    __use_no_semihosting                     0x0800023d   Thumb Code     2  use_no_semi_2.o(.text)
    __2printf                                0x08000241   Thumb Code    20  noretval__2printf.o(.text)
    __2sprintf                               0x08000259   Thumb Code    34  noretval__2sprintf.o(.text)
    _printf_pre_padding                      0x08000281   Thumb Code    44  _printf_pad.o(.text)
    _printf_post_padding                     0x080002ad   Thumb Code    34  _printf_pad.o(.text)
    _printf_str                              0x080002cf   Thumb Code    82  _printf_str.o(.text)
    _printf_int_dec                          0x08000321   Thumb Code   104  _printf_dec.o(.text)
    _printf_int_hex                          0x08000399   Thumb Code    84  _printf_hex_int.o(.text)
    _printf_longlong_hex                     0x08000399   Thumb Code     0  _printf_hex_int.o(.text)
    __printf                                 0x080003f1   Thumb Code   308  __printf_flags_wp.o(.text)
    atoi                                     0x08000529   Thumb Code    26  atoi.o(.text)
    strstr                                   0x08000543   Thumb Code    36  strstr.o(.text)
    strcpy                                   0x08000567   Thumb Code    72  strcpy.o(.text)
    strlen                                   0x080005af   Thumb Code    62  strlen.o(.text)
    __aeabi_memclr                           0x080005ed   Thumb Code     0  rt_memclr.o(.text)
    __rt_memclr                              0x080005ed   Thumb Code    68  rt_memclr.o(.text)
    _memset                                  0x080005f1   Thumb Code     0  rt_memclr.o(.text)
    strncpy                                  0x08000631   Thumb Code    86  strncpy.o(.text)
    strcmp                                   0x08000689   Thumb Code   128  strcmpv7m.o(.text)
    __use_two_region_memory                  0x08000709   Thumb Code     2  heapauxi.o(.text)
    __rt_heap_escrow$2region                 0x0800070b   Thumb Code     2  heapauxi.o(.text)
    __rt_heap_expand$2region                 0x0800070d   Thumb Code     2  heapauxi.o(.text)
    __I$use$semihosting                      0x0800070f   Thumb Code     0  use_no_semi.o(.text)
    __use_no_semihosting_swi                 0x0800070f   Thumb Code     2  use_no_semi.o(.text)
    __aeabi_errno_addr                       0x08000711   Thumb Code     8  rt_errno_addr_intlibspace.o(.text)
    __errno$intlibspace                      0x08000711   Thumb Code     0  rt_errno_addr_intlibspace.o(.text)
    __rt_errno_addr$intlibspace              0x08000711   Thumb Code     0  rt_errno_addr_intlibspace.o(.text)
    _printf_int_common                       0x08000719   Thumb Code   178  _printf_intcommon.o(.text)
    _printf_char_common                      0x080007d7   Thumb Code    32  _printf_char_common.o(.text)
    _sputc                                   0x080007fd   Thumb Code    10  _sputc.o(.text)
    _printf_cs_common                        0x08000807   Thumb Code    20  _printf_char.o(.text)
    _printf_char                             0x0800081b   Thumb Code    16  _printf_char.o(.text)
    _printf_string                           0x0800082b   Thumb Code     8  _printf_char.o(.text)
    _printf_char_file                        0x08000835   Thumb Code    32  _printf_char_file.o(.text)
    strtol                                   0x08000859   Thumb Code   112  strtol.o(.text)
    __aeabi_memclr4                          0x080008c9   Thumb Code     0  rt_memclr_w.o(.text)
    __aeabi_memclr8                          0x080008c9   Thumb Code     0  rt_memclr_w.o(.text)
    __rt_memclr_w                            0x080008c9   Thumb Code    78  rt_memclr_w.o(.text)
    _memset_w                                0x080008cd   Thumb Code     0  rt_memclr_w.o(.text)
    __user_libspace                          0x08000919   Thumb Code     8  libspace.o(.text)
    __user_perproc_libspace                  0x08000919   Thumb Code     0  libspace.o(.text)
    __user_perthread_libspace                0x08000919   Thumb Code     0  libspace.o(.text)
    __rt_ctype_table                         0x08000921   Thumb Code    16  rt_ctype_table.o(.text)
    _strtoul                                 0x08000931   Thumb Code   158  _strtoul.o(.text)
    ferror                                   0x080009cf   Thumb Code     8  ferror.o(.text)
    __user_setup_stackheap                   0x080009d7   Thumb Code    74  sys_stackheap_outer.o(.text)
    __rt_locale                              0x08000a21   Thumb Code     8  rt_locale_intlibspace.o(.text)
    _chval                                   0x08000a29   Thumb Code    28  _chval.o(.text)
    exit                                     0x08000a45   Thumb Code    12  exit.o(.text)
    BusFault_Handler                         0x08000a51   Thumb Code     4  stm32f10x_it.o(i.BusFault_Handler)
    CheckState                               0x08000a55   Thumb Code   354  sim800c.o(i.CheckState)
    ClearRecBuf                              0x08000c5d   Thumb Code     8  sim800c.o(i.ClearRecBuf)
    ClearRxBuf                               0x08000c69   Thumb Code    16  serialportapi.o(i.ClearRxBuf)
    ConectTest                               0x08000c85   Thumb Code    72  sim800c.o(i.ConectTest)
    DebugMon_Handler                         0x08000cf5   Thumb Code     2  stm32f10x_it.o(i.DebugMon_Handler)
    FLASH_ErasePage                          0x08000cf9   Thumb Code    72  stm32f10x_flash.o(i.FLASH_ErasePage)
    FLASH_GetBank1Status                     0x08000d45   Thumb Code    48  stm32f10x_flash.o(i.FLASH_GetBank1Status)
    FLASH_Lock                               0x08000d79   Thumb Code    14  stm32f10x_flash.o(i.FLASH_Lock)
    FLASH_ProgramHalfWord                    0x08000d8d   Thumb Code    60  stm32f10x_flash.o(i.FLASH_ProgramHalfWord)
    FLASH_Unlock                             0x08000dcd   Thumb Code    12  stm32f10x_flash.o(i.FLASH_Unlock)
    FLASH_WaitForLastOperation               0x08000de5   Thumb Code    38  stm32f10x_flash.o(i.FLASH_WaitForLastOperation)
    GPIO_Init                                0x08000e0b   Thumb Code   278  stm32f10x_gpio.o(i.GPIO_Init)
    GPIO_ReadInputDataBit                    0x08000f21   Thumb Code    18  stm32f10x_gpio.o(i.GPIO_ReadInputDataBit)
    GPIO_SetBits                             0x08000f33   Thumb Code     4  stm32f10x_gpio.o(i.GPIO_SetBits)
    GPRS_USART                               0x08000f37   Thumb Code    16  main.o(i.GPRS_USART)
    GSMInit                                  0x08000f49   Thumb Code   116  sim800c.o(i.GSMInit)
    GSM_restart                              0x08000fc9   Thumb Code    48  sim800c.o(i.GSM_restart)
    HardFault_Handler                        0x08001029   Thumb Code     4  stm32f10x_it.o(i.HardFault_Handler)
    HttpInit                                 0x0800102d   Thumb Code   270  sim800c.o(i.HttpInit)
    KEY_Init                                 0x08001251   Thumb Code    52  key.o(i.KEY_Init)
    KEY_Scan                                 0x0800128d   Thumb Code   188  key.o(i.KEY_Scan)
    LED_Init                                 0x08001355   Thumb Code    68  led.o(i.LED_Init)
    LSB_API_data                             0x080013a1   Thumb Code    90  sim800c.o(i.LSB_API_data)
    MemManage_Handler                        0x08001465   Thumb Code     4  stm32f10x_it.o(i.MemManage_Handler)
    NMI_Handler                              0x08001469   Thumb Code     2  stm32f10x_it.o(i.NMI_Handler)
    NVIC_Configuration                       0x0800146b   Thumb Code    72  main.o(i.NVIC_Configuration)
    NVIC_Init                                0x080014b5   Thumb Code   100  misc.o(i.NVIC_Init)
    NVIC_PriorityGroupConfig                 0x08001525   Thumb Code    10  misc.o(i.NVIC_PriorityGroupConfig)
    PendSV_Handler                           0x08001539   Thumb Code     2  stm32f10x_it.o(i.PendSV_Handler)
    RCC_APB1PeriphClockCmd                   0x0800153d   Thumb Code    26  stm32f10x_rcc.o(i.RCC_APB1PeriphClockCmd)
    RCC_APB2PeriphClockCmd                   0x0800155d   Thumb Code    26  stm32f10x_rcc.o(i.RCC_APB2PeriphClockCmd)
    RCC_GetClocksFreq                        0x0800157d   Thumb Code   192  stm32f10x_rcc.o(i.RCC_GetClocksFreq)
    SPI2_Init                                0x08001651   Thumb Code   140  spi.o(i.SPI2_Init)
    SPI2_ReadWriteByte                       0x080016e5   Thumb Code    78  spi.o(i.SPI2_ReadWriteByte)
    SPI2_SetSpeed                            0x08001739   Thumb Code    36  spi.o(i.SPI2_SetSpeed)
    SPI_Cmd                                  0x08001761   Thumb Code    24  stm32f10x_spi.o(i.SPI_Cmd)
    SPI_I2S_GetFlagStatus                    0x08001779   Thumb Code    18  stm32f10x_spi.o(i.SPI_I2S_GetFlagStatus)
    SPI_I2S_ReceiveData                      0x0800178b   Thumb Code     6  stm32f10x_spi.o(i.SPI_I2S_ReceiveData)
    SPI_I2S_SendData                         0x08001791   Thumb Code     4  stm32f10x_spi.o(i.SPI_I2S_SendData)
    SPI_Init                                 0x08001795   Thumb Code    60  stm32f10x_spi.o(i.SPI_Init)
    STMFLASH_Read                            0x080017d1   Thumb Code    34  stmflash.o(i.STMFLASH_Read)
    STMFLASH_ReadHalfWord                    0x080017f3   Thumb Code     6  stmflash.o(i.STMFLASH_ReadHalfWord)
    STMFLASH_Write                           0x080017f9   Thumb Code   222  stmflash.o(i.STMFLASH_Write)
    STMFLASH_Write_NoCheck                   0x080018e1   Thumb Code    38  stmflash.o(i.STMFLASH_Write_NoCheck)
    SVC_Handler                              0x08001907   Thumb Code     2  stm32f10x_it.o(i.SVC_Handler)
    SerialAvailable                          0x08001909   Thumb Code    28  serialportapi.o(i.SerialAvailable)
    SerialInt                                0x0800192d   Thumb Code    70  serialportapi.o(i.SerialInt)
    SerialPrint                              0x08001985   Thumb Code    74  serialportapi.o(i.SerialPrint)
    SerialPrintln                            0x080019d9   Thumb Code    32  serialportapi.o(i.SerialPrintln)
    SerialRead                               0x080019fd   Thumb Code    52  serialportapi.o(i.SerialRead)
    StringAddchar                            0x08001b25   Thumb Code    24  stringapiext.o(i.StringAddchar)
    StringIndex                              0x08001b3d   Thumb Code    28  stringapiext.o(i.StringIndex)
    StringLenth                              0x08001b59   Thumb Code    12  stringapiext.o(i.StringLenth)
    StringSubstring                          0x08001b65   Thumb Code    64  stringapiext.o(i.StringSubstring)
    SysTick_CLKSourceConfig                  0x08001ba5   Thumb Code    40  misc.o(i.SysTick_CLKSourceConfig)
    SysTick_Handler                          0x08001bcd   Thumb Code     2  stm32f10x_it.o(i.SysTick_Handler)
    SystemInit                               0x08001bd1   Thumb Code    78  system_stm32f10x.o(i.SystemInit)
    TCPInit                                  0x08001c31   Thumb Code    52  sim800c.o(i.TCPInit)
    TIM2_IRQHandler                          0x08001ca5   Thumb Code    26  stm32f10x_it.o(i.TIM2_IRQHandler)
    TIM2_Init                                0x08001cbf   Thumb Code    72  interface.o(i.TIM2_Init)
    TIM_ClearITPendingBit                    0x08001d07   Thumb Code     6  stm32f10x_tim.o(i.TIM_ClearITPendingBit)
    TIM_Cmd                                  0x08001d0d   Thumb Code    24  stm32f10x_tim.o(i.TIM_Cmd)
    TIM_GetITStatus                          0x08001d25   Thumb Code    34  stm32f10x_tim.o(i.TIM_GetITStatus)
    TIM_ITConfig                             0x08001d47   Thumb Code    18  stm32f10x_tim.o(i.TIM_ITConfig)
    TIM_TimeBaseInit                         0x08001d59   Thumb Code   122  stm32f10x_tim.o(i.TIM_TimeBaseInit)
    U1_PutChar                               0x08001dfd   Thumb Code    28  uart.o(i.U1_PutChar)
    USART1Conf                               0x08001e1d   Thumb Code   172  uart.o(i.USART1Conf)
    USART1_IRQHandler                        0x08001ed1   Thumb Code    40  stm32f10x_it.o(i.USART1_IRQHandler)
    USART2Conf                               0x08001efd   Thumb Code   168  uart.o(i.USART2Conf)
    USART2_IRQHandler                        0x08001fad   Thumb Code     2  stm32f10x_it.o(i.USART2_IRQHandler)
    USART_ClearFlag                          0x08001faf   Thumb Code    18  stm32f10x_usart.o(i.USART_ClearFlag)
    USART_ClearITPendingBit                  0x08001fc1   Thumb Code    30  stm32f10x_usart.o(i.USART_ClearITPendingBit)
    USART_Cmd                                0x08001fdf   Thumb Code    24  stm32f10x_usart.o(i.USART_Cmd)
    USART_GetFlagStatus                      0x08001ff7   Thumb Code    26  stm32f10x_usart.o(i.USART_GetFlagStatus)
    USART_GetITStatus                        0x08002011   Thumb Code    84  stm32f10x_usart.o(i.USART_GetITStatus)
    USART_ITConfig                           0x08002065   Thumb Code    74  stm32f10x_usart.o(i.USART_ITConfig)
    USART_Init                               0x080020b1   Thumb Code   210  stm32f10x_usart.o(i.USART_Init)
    USART_ReceiveData                        0x08002189   Thumb Code    10  stm32f10x_usart.o(i.USART_ReceiveData)
    USART_SendData                           0x08002193   Thumb Code     8  stm32f10x_usart.o(i.USART_SendData)
    UartBegin                                0x0800219d   Thumb Code    26  serialportapi.o(i.UartBegin)
    UsageFault_Handler                       0x080021c1   Thumb Code     4  stm32f10x_it.o(i.UsageFault_Handler)
    W25QXX_Erase_Sector                      0x080021c5   Thumb Code    70  w25qxx.o(i.W25QXX_Erase_Sector)
    W25QXX_Init                              0x0800221d   Thumb Code    74  w25qxx.o(i.W25QXX_Init)
    W25QXX_Read                              0x08002275   Thumb Code    74  w25qxx.o(i.W25QXX_Read)
    W25QXX_ReadID                            0x080022c5   Thumb Code    64  w25qxx.o(i.W25QXX_ReadID)
    W25QXX_ReadSR                            0x0800230d   Thumb Code    36  w25qxx.o(i.W25QXX_ReadSR)
    W25QXX_Wait_Busy                         0x08002339   Thumb Code    18  w25qxx.o(i.W25QXX_Wait_Busy)
    W25QXX_Write                             0x0800234d   Thumb Code   180  w25qxx.o(i.W25QXX_Write)
    W25QXX_Write_Enable                      0x08002405   Thumb Code    24  w25qxx.o(i.W25QXX_Write_Enable)
    W25QXX_Write_NoCheck                     0x08002425   Thumb Code    70  w25qxx.o(i.W25QXX_Write_NoCheck)
    W25QXX_Write_Page                        0x0800246d   Thumb Code    80  w25qxx.o(i.W25QXX_Write_Page)
    _is_digit                                0x080024c1   Thumb Code    14  __printf_wp.o(i._is_digit)
    _sys_exit                                0x080024cf   Thumb Code     6  uart.o(i._sys_exit)
    a16toi                                   0x080024d5   Thumb Code    82  sim800c.o(i.a16toi)
    createTCP                                0x08002529   Thumb Code    18  sim800c.o(i.createTCP)
    delay                                    0x08002541   Thumb Code    24  sim800c.o(i.delay)
    delay_init                               0x08002559   Thumb Code    50  delay.o(i.delay_init)
    delay_ms                                 0x0800259d   Thumb Code    72  delay.o(i.delay_ms)
    eAT                                      0x080025e9   Thumb Code    24  sim800c.o(i.eAT)
    eATCIFSR                                 0x08002609   Thumb Code    78  sim800c.o(i.eATCIFSR)
    eATCIICR                                 0x0800266d   Thumb Code    26  sim800c.o(i.eATCIICR)
    eATCSQ                                   0x08002699   Thumb Code    58  sim800c.o(i.eATCSQ)
    eATGSN                                   0x080026ed   Thumb Code    52  sim800c.o(i.eATGSN)
    eATHTTPINIT                              0x0800273d   Thumb Code    24  sim800c.o(i.eATHTTPINIT)
    eATHTTPTERM                              0x08002765   Thumb Code    24  sim800c.o(i.eATHTTPTERM)
    fputc                                    0x0800278d   Thumb Code    24  uart.o(i.fputc)
    iap_load_app                             0x080027a9   Thumb Code    36  iap.o(i.iap_load_app)
    iap_write_appbin                         0x080027d5   Thumb Code    98  iap.o(i.iap_write_appbin)
    main                                     0x0800283d   Thumb Code   586  main.o(i.main)
    millis                                   0x08002c71   Thumb Code     6  sim800c.o(i.millis)
    qATCGATT                                 0x08002c7d   Thumb Code    58  sim800c.o(i.qATCGATT)
    qATCPIN                                  0x08002cd9   Thumb Code    60  sim800c.o(i.qATCPIN)
    qATCREG0                                 0x08002d31   Thumb Code    66  sim800c.o(i.qATCREG0)
    qATCREG2                                 0x08002d8d   Thumb Code   142  sim800c.o(i.qATCREG2)
    qATHTTPREAD                              0x08002e41   Thumb Code    52  sim800c.o(i.qATHTTPREAD)
    recvFind                                 0x08002e8d   Thumb Code    40  sim800c.o(i.recvFind)
    recvFindAndFilter                        0x08002eb9   Thumb Code   110  sim800c.o(i.recvFindAndFilter)
    recvString                               0x08002f2d   Thumb Code    82  sim800c.o(i.recvString)
    rx_empty                                 0x08002f7f   Thumb Code     8  sim800c.o(i.rx_empty)
    sATCIPHEAD                               0x08002f89   Thumb Code    36  sim800c.o(i.sATCIPHEAD)
    sATCIPMODE                               0x08002fbd   Thumb Code    36  sim800c.o(i.sATCIPMODE)
    sATCIPSTARTSingle                        0x08002ff1   Thumb Code    94  sim800c.o(i.sATCIPSTARTSingle)
    sATCPOWD                                 0x0800306d   Thumb Code    38  sim800c.o(i.sATCPOWD)
    sATCREG                                  0x080030b5   Thumb Code    40  sim800c.o(i.sATCREG)
    sATCSTT                                  0x080030ed   Thumb Code    42  sim800c.o(i.sATCSTT)
    sATHTTPACTION                            0x08003129   Thumb Code    52  sim800c.o(i.sATHTTPACTION)
    sATHTTPPARA                              0x08003175   Thumb Code    48  sim800c.o(i.sATHTTPPARA)
    sATSAPBR1                                0x080031c1   Thumb Code    52  sim800c.o(i.sATSAPBR1)
    sATSAPBR2                                0x08003215   Thumb Code    46  sim800c.o(i.sATSAPBR2)
    timer1msINT                              0x08003259   Thumb Code    12  sim800c.o(i.timer1msINT)
    _get_lc_ctype                            0x08003269   Thumb Code    44  lc_ctype_c.o(locale$$code)
    Region$$Table$$Base                      0x08003344   Number         0  anon$$obj.o(Region$$Table)
    Region$$Table$$Limit                     0x08003364   Number         0  anon$$obj.o(Region$$Table)
    __ctype                                  0x08003371   Data           0  lc_ctype_c.o(locale$$data)
    app_temp_len                             0x20000000   Data           4  main.o(.data)
    SystemCoreClock                          0x20000004   Data           4  system_stm32f10x.o(.data)
    AHBPrescTable                            0x20000008   Data          16  system_stm32f10x.o(.data)
    W25QXX_TYPE                              0x2000001a   Data           2  w25qxx.o(.data)
    USART_RX_STA                             0x20000020   Data           2  uart.o(.data)
    USART_RX_CNT                             0x20000022   Data           2  uart.o(.data)
    __stdout                                 0x20000024   Data           4  uart.o(.data)
    jump2app                                 0x2000003c   Data           4  iap.o(.data)
    _buffer_overflow                         0x20000042   Data           1  serialportapi.o(.data)
    sys_tick                                 0x2000004c   Data           4  sim800c.o(.data)
    sim_csq                                  0x20000050   Data           1  sim800c.o(.data)
    sim_loc                                  0x20000054   Data           4  sim800c.o(.data)
    sim_ci                                   0x20000058   Data           4  sim800c.o(.data)
    STMFLASH_BUF                             0x2000005c   Data        2048  stmflash.o(.bss)
    data_rec                                 0x20000c5c   Data         512  sim800c.o(.bss)
    sim_ip                                   0x20000e5c   Data          15  sim800c.o(.bss)
    sim_imei                                 0x20000e6b   Data          16  sim800c.o(.bss)
    __libspace_start                         0x20000e7c   Data          96  libspace.o(.bss)
    __temporary_stack_top$libspace           0x20000edc   Data           0  libspace.o(.bss)
    USART_RX_BUF                             0x20001000   Data       10240  uart.o(.ARM.__AT_0x20001000)
    app_temp                                 0x20003800   Data        5120  main.o(.bss)
    http_buf                                 0x20004c00   Data         512  main.o(.bss)
    W25QXX_BUFFER                            0x20004e00   Data        4096  w25qxx.o(.bss)
    iapbuf                                   0x20005e00   Data        2048  iap.o(.bss)



==============================================================================

Memory Map of the image

  Image Entry point : 0x08000131

  Load Region LR_IROM1 (Base: 0x08000000, Size: 0x000034d0, Max: 0x00080000, ABSOLUTE)

    Execution Region ER_IROM1 (Base: 0x08000000, Size: 0x00003474, Max: 0x00080000, ABSOLUTE)

    Base Addr    Size         Type   Attr      Idx    E Section Name        Object

    0x08000000   0x00000130   Data   RO          899    RESET               startup_stm32f10x_hd.o
    0x08000130   0x00000008   Code   RO         3158  * !!!main             c_w.l(__main.o)
    0x08000138   0x00000034   Code   RO         3369    !!!scatter          c_w.l(__scatter.o)
    0x0800016c   0x0000001a   Code   RO         3371    !!handler_copy      c_w.l(__scatter_copy.o)
    0x08000186   0x00000002   PAD
    0x08000188   0x0000001c   Code   RO         3373    !!handler_zi        c_w.l(__scatter_zi.o)
    0x080001a4   0x00000000   Code   RO         3139    .ARM.Collect$$_printf_percent$$00000000  c_w.l(_printf_percent.o)
    0x080001a4   0x00000006   Code   RO         3138    .ARM.Collect$$_printf_percent$$00000009  c_w.l(_printf_d.o)
    0x080001aa   0x00000006   Code   RO         3137    .ARM.Collect$$_printf_percent$$0000000C  c_w.l(_printf_x.o)
    0x080001b0   0x00000006   Code   RO         3136    .ARM.Collect$$_printf_percent$$00000014  c_w.l(_printf_s.o)
    0x080001b6   0x00000004   Code   RO         3190    .ARM.Collect$$_printf_percent$$00000017  c_w.l(_printf_percent_end.o)
    0x080001ba   0x00000002   Code   RO         3247    .ARM.Collect$$libinit$$00000000  c_w.l(libinit.o)
    0x080001bc   0x00000000   Code   RO         3251    .ARM.Collect$$libinit$$00000002  c_w.l(libinit2.o)
    0x080001bc   0x00000000   Code   RO         3253    .ARM.Collect$$libinit$$00000004  c_w.l(libinit2.o)
    0x080001bc   0x00000000   Code   RO         3256    .ARM.Collect$$libinit$$0000000A  c_w.l(libinit2.o)
    0x080001bc   0x00000000   Code   RO         3258    .ARM.Collect$$libinit$$0000000C  c_w.l(libinit2.o)
    0x080001bc   0x00000000   Code   RO         3260    .ARM.Collect$$libinit$$0000000E  c_w.l(libinit2.o)
    0x080001bc   0x00000006   Code   RO         3261    .ARM.Collect$$libinit$$0000000F  c_w.l(libinit2.o)
    0x080001c2   0x00000000   Code   RO         3263    .ARM.Collect$$libinit$$00000011  c_w.l(libinit2.o)
    0x080001c2   0x0000000c   Code   RO         3264    .ARM.Collect$$libinit$$00000012  c_w.l(libinit2.o)
    0x080001ce   0x00000000   Code   RO         3265    .ARM.Collect$$libinit$$00000013  c_w.l(libinit2.o)
    0x080001ce   0x00000000   Code   RO         3267    .ARM.Collect$$libinit$$00000015  c_w.l(libinit2.o)
    0x080001ce   0x00000000   Code   RO         3269    .ARM.Collect$$libinit$$00000017  c_w.l(libinit2.o)
    0x080001ce   0x00000000   Code   RO         3271    .ARM.Collect$$libinit$$00000019  c_w.l(libinit2.o)
    0x080001ce   0x00000000   Code   RO         3273    .ARM.Collect$$libinit$$0000001B  c_w.l(libinit2.o)
    0x080001ce   0x00000000   Code   RO         3275    .ARM.Collect$$libinit$$0000001D  c_w.l(libinit2.o)
    0x080001ce   0x00000000   Code   RO         3277    .ARM.Collect$$libinit$$0000001F  c_w.l(libinit2.o)
    0x080001ce   0x00000000   Code   RO         3279    .ARM.Collect$$libinit$$00000021  c_w.l(libinit2.o)
    0x080001ce   0x00000000   Code   RO         3281    .ARM.Collect$$libinit$$00000023  c_w.l(libinit2.o)
    0x080001ce   0x00000000   Code   RO         3283    .ARM.Collect$$libinit$$00000025  c_w.l(libinit2.o)
    0x080001ce   0x00000000   Code   RO         3287    .ARM.Collect$$libinit$$0000002C  c_w.l(libinit2.o)
    0x080001ce   0x00000000   Code   RO         3289    .ARM.Collect$$libinit$$0000002E  c_w.l(libinit2.o)
    0x080001ce   0x00000000   Code   RO         3291    .ARM.Collect$$libinit$$00000030  c_w.l(libinit2.o)
    0x080001ce   0x00000000   Code   RO         3293    .ARM.Collect$$libinit$$00000032  c_w.l(libinit2.o)
    0x080001ce   0x00000002   Code   RO         3294    .ARM.Collect$$libinit$$00000033  c_w.l(libinit2.o)
    0x080001d0   0x00000002   Code   RO         3312    .ARM.Collect$$libshutdown$$00000000  c_w.l(libshutdown.o)
    0x080001d2   0x00000000   Code   RO         3323    .ARM.Collect$$libshutdown$$00000003  c_w.l(libshutdown2.o)
    0x080001d2   0x00000000   Code   RO         3326    .ARM.Collect$$libshutdown$$00000006  c_w.l(libshutdown2.o)
    0x080001d2   0x00000000   Code   RO         3329    .ARM.Collect$$libshutdown$$00000009  c_w.l(libshutdown2.o)
    0x080001d2   0x00000000   Code   RO         3331    .ARM.Collect$$libshutdown$$0000000B  c_w.l(libshutdown2.o)
    0x080001d2   0x00000000   Code   RO         3334    .ARM.Collect$$libshutdown$$0000000E  c_w.l(libshutdown2.o)
    0x080001d2   0x00000002   Code   RO         3335    .ARM.Collect$$libshutdown$$0000000F  c_w.l(libshutdown2.o)
    0x080001d4   0x00000000   Code   RO         3174    .ARM.Collect$$rtentry$$00000000  c_w.l(__rtentry.o)
    0x080001d4   0x00000000   Code   RO         3204    .ARM.Collect$$rtentry$$00000002  c_w.l(__rtentry2.o)
    0x080001d4   0x00000006   Code   RO         3216    .ARM.Collect$$rtentry$$00000004  c_w.l(__rtentry4.o)
    0x080001da   0x00000000   Code   RO         3206    .ARM.Collect$$rtentry$$00000009  c_w.l(__rtentry2.o)
    0x080001da   0x00000004   Code   RO         3207    .ARM.Collect$$rtentry$$0000000A  c_w.l(__rtentry2.o)
    0x080001de   0x00000000   Code   RO         3209    .ARM.Collect$$rtentry$$0000000C  c_w.l(__rtentry2.o)
    0x080001de   0x00000008   Code   RO         3210    .ARM.Collect$$rtentry$$0000000D  c_w.l(__rtentry2.o)
    0x080001e6   0x00000002   Code   RO         3248    .ARM.Collect$$rtexit$$00000000  c_w.l(rtexit.o)
    0x080001e8   0x00000000   Code   RO         3296    .ARM.Collect$$rtexit$$00000002  c_w.l(rtexit2.o)
    0x080001e8   0x00000004   Code   RO         3297    .ARM.Collect$$rtexit$$00000003  c_w.l(rtexit2.o)
    0x080001ec   0x00000006   Code   RO         3298    .ARM.Collect$$rtexit$$00000004  c_w.l(rtexit2.o)
    0x080001f2   0x00000002   PAD
    0x080001f4   0x00000006   Code   RO          745    .emb_text           sys.o
    0x080001fa   0x00000002   PAD
    0x080001fc   0x00000040   Code   RO          900    .text               startup_stm32f10x_hd.o
    0x0800023c   0x00000002   Code   RO         3077    .text               c_w.l(use_no_semi_2.o)
    0x0800023e   0x00000002   PAD
    0x08000240   0x00000018   Code   RO         3083    .text               c_w.l(noretval__2printf.o)
    0x08000258   0x00000028   Code   RO         3085    .text               c_w.l(noretval__2sprintf.o)
    0x08000280   0x0000004e   Code   RO         3089    .text               c_w.l(_printf_pad.o)
    0x080002ce   0x00000052   Code   RO         3091    .text               c_w.l(_printf_str.o)
    0x08000320   0x00000078   Code   RO         3093    .text               c_w.l(_printf_dec.o)
    0x08000398   0x00000058   Code   RO         3098    .text               c_w.l(_printf_hex_int.o)
    0x080003f0   0x00000138   Code   RO         3128    .text               c_w.l(__printf_flags_wp.o)
    0x08000528   0x0000001a   Code   RO         3140    .text               c_w.l(atoi.o)
    0x08000542   0x00000024   Code   RO         3144    .text               c_w.l(strstr.o)
    0x08000566   0x00000048   Code   RO         3146    .text               c_w.l(strcpy.o)
    0x080005ae   0x0000003e   Code   RO         3148    .text               c_w.l(strlen.o)
    0x080005ec   0x00000044   Code   RO         3150    .text               c_w.l(rt_memclr.o)
    0x08000630   0x00000056   Code   RO         3152    .text               c_w.l(strncpy.o)
    0x08000686   0x00000002   PAD
    0x08000688   0x00000080   Code   RO         3154    .text               c_w.l(strcmpv7m.o)
    0x08000708   0x00000006   Code   RO         3156    .text               c_w.l(heapauxi.o)
    0x0800070e   0x00000002   Code   RO         3172    .text               c_w.l(use_no_semi.o)
    0x08000710   0x00000008   Code   RO         3178    .text               c_w.l(rt_errno_addr_intlibspace.o)
    0x08000718   0x000000b2   Code   RO         3180    .text               c_w.l(_printf_intcommon.o)
    0x080007ca   0x00000002   PAD
    0x080007cc   0x00000030   Code   RO         3182    .text               c_w.l(_printf_char_common.o)
    0x080007fc   0x0000000a   Code   RO         3184    .text               c_w.l(_sputc.o)
    0x08000806   0x0000002c   Code   RO         3186    .text               c_w.l(_printf_char.o)
    0x08000832   0x00000002   PAD
    0x08000834   0x00000024   Code   RO         3188    .text               c_w.l(_printf_char_file.o)
    0x08000858   0x00000070   Code   RO         3191    .text               c_w.l(strtol.o)
    0x080008c8   0x0000004e   Code   RO         3193    .text               c_w.l(rt_memclr_w.o)
    0x08000916   0x00000002   PAD
    0x08000918   0x00000008   Code   RO         3200    .text               c_w.l(libspace.o)
    0x08000920   0x00000010   Code   RO         3218    .text               c_w.l(rt_ctype_table.o)
    0x08000930   0x0000009e   Code   RO         3222    .text               c_w.l(_strtoul.o)
    0x080009ce   0x00000008   Code   RO         3224    .text               c_w.l(ferror.o)
    0x080009d6   0x0000004a   Code   RO         3228    .text               c_w.l(sys_stackheap_outer.o)
    0x08000a20   0x00000008   Code   RO         3233    .text               c_w.l(rt_locale_intlibspace.o)
    0x08000a28   0x0000001c   Code   RO         3235    .text               c_w.l(_chval.o)
    0x08000a44   0x0000000c   Code   RO         3240    .text               c_w.l(exit.o)
    0x08000a50   0x00000004   Code   RO          160    i.BusFault_Handler  stm32f10x_it.o
    0x08000a54   0x00000208   Code   RO         2540    i.CheckState        sim800c.o
    0x08000c5c   0x0000000c   Code   RO         2541    i.ClearRecBuf       sim800c.o
    0x08000c68   0x0000001c   Code   RO         2472    i.ClearRxBuf        serialportapi.o
    0x08000c84   0x00000070   Code   RO         2542    i.ConectTest        sim800c.o
    0x08000cf4   0x00000002   Code   RO          161    i.DebugMon_Handler  stm32f10x_it.o
    0x08000cf6   0x00000002   PAD
    0x08000cf8   0x0000004c   Code   RO         1559    i.FLASH_ErasePage   stm32f10x_flash.o
    0x08000d44   0x00000034   Code   RO         1560    i.FLASH_GetBank1Status  stm32f10x_flash.o
    0x08000d78   0x00000014   Code   RO         1569    i.FLASH_Lock        stm32f10x_flash.o
    0x08000d8c   0x00000040   Code   RO         1572    i.FLASH_ProgramHalfWord  stm32f10x_flash.o
    0x08000dcc   0x00000018   Code   RO         1577    i.FLASH_Unlock      stm32f10x_flash.o
    0x08000de4   0x00000026   Code   RO         1581    i.FLASH_WaitForLastOperation  stm32f10x_flash.o
    0x08000e0a   0x00000116   Code   RO         1066    i.GPIO_Init         stm32f10x_gpio.o
    0x08000f20   0x00000012   Code   RO         1070    i.GPIO_ReadInputDataBit  stm32f10x_gpio.o
    0x08000f32   0x00000004   Code   RO         1074    i.GPIO_SetBits      stm32f10x_gpio.o
    0x08000f36   0x00000010   Code   RO            1    i.GPRS_USART        main.o
    0x08000f46   0x00000002   PAD
    0x08000f48   0x00000080   Code   RO         2543    i.GSMInit           sim800c.o
    0x08000fc8   0x00000060   Code   RO         2544    i.GSM_restart       sim800c.o
    0x08001028   0x00000004   Code   RO          162    i.HardFault_Handler  stm32f10x_it.o
    0x0800102c   0x00000224   Code   RO         2545    i.HttpInit          sim800c.o
    0x08001250   0x0000003c   Code   RO          317    i.KEY_Init          key.o
    0x0800128c   0x000000c8   Code   RO          318    i.KEY_Scan          key.o
    0x08001354   0x0000004c   Code   RO          305    i.LED_Init          led.o
    0x080013a0   0x000000c4   Code   RO         2546    i.LSB_API_data      sim800c.o
    0x08001464   0x00000004   Code   RO          163    i.MemManage_Handler  stm32f10x_it.o
    0x08001468   0x00000002   Code   RO          164    i.NMI_Handler       stm32f10x_it.o
    0x0800146a   0x00000048   Code   RO            2    i.NVIC_Configuration  main.o
    0x080014b2   0x00000002   PAD
    0x080014b4   0x00000070   Code   RO          904    i.NVIC_Init         misc.o
    0x08001524   0x00000014   Code   RO          905    i.NVIC_PriorityGroupConfig  misc.o
    0x08001538   0x00000002   Code   RO          165    i.PendSV_Handler    stm32f10x_it.o
    0x0800153a   0x00000002   PAD
    0x0800153c   0x00000020   Code   RO         1176    i.RCC_APB1PeriphClockCmd  stm32f10x_rcc.o
    0x0800155c   0x00000020   Code   RO         1178    i.RCC_APB2PeriphClockCmd  stm32f10x_rcc.o
    0x0800157c   0x000000d4   Code   RO         1186    i.RCC_GetClocksFreq  stm32f10x_rcc.o
    0x08001650   0x00000094   Code   RO          589    i.SPI2_Init         spi.o
    0x080016e4   0x00000054   Code   RO          590    i.SPI2_ReadWriteByte  spi.o
    0x08001738   0x00000028   Code   RO          591    i.SPI2_SetSpeed     spi.o
    0x08001760   0x00000018   Code   RO         1733    i.SPI_Cmd           stm32f10x_spi.o
    0x08001778   0x00000012   Code   RO         1741    i.SPI_I2S_GetFlagStatus  stm32f10x_spi.o
    0x0800178a   0x00000006   Code   RO         1744    i.SPI_I2S_ReceiveData  stm32f10x_spi.o
    0x08001790   0x00000004   Code   RO         1745    i.SPI_I2S_SendData  stm32f10x_spi.o
    0x08001794   0x0000003c   Code   RO         1746    i.SPI_Init          stm32f10x_spi.o
    0x080017d0   0x00000022   Code   RO          550    i.STMFLASH_Read     stmflash.o
    0x080017f2   0x00000006   Code   RO          551    i.STMFLASH_ReadHalfWord  stmflash.o
    0x080017f8   0x000000e8   Code   RO          552    i.STMFLASH_Write    stmflash.o
    0x080018e0   0x00000026   Code   RO          553    i.STMFLASH_Write_NoCheck  stmflash.o
    0x08001906   0x00000002   Code   RO          166    i.SVC_Handler       stm32f10x_it.o
    0x08001908   0x00000024   Code   RO         2473    i.SerialAvailable   serialportapi.o
    0x0800192c   0x00000058   Code   RO         2474    i.SerialInt         serialportapi.o
    0x08001984   0x00000054   Code   RO         2475    i.SerialPrint       serialportapi.o
    0x080019d8   0x00000024   Code   RO         2476    i.SerialPrintln     serialportapi.o
    0x080019fc   0x00000040   Code   RO         2477    i.SerialRead        serialportapi.o
    0x08001a3c   0x00000008   Code   RO          271    i.SetSysClock       system_stm32f10x.o
    0x08001a44   0x000000e0   Code   RO          272    i.SetSysClockTo72   system_stm32f10x.o
    0x08001b24   0x00000018   Code   RO         3033    i.StringAddchar     stringapiext.o
    0x08001b3c   0x0000001c   Code   RO         3034    i.StringIndex       stringapiext.o
    0x08001b58   0x0000000c   Code   RO         3036    i.StringLenth       stringapiext.o
    0x08001b64   0x00000040   Code   RO         3037    i.StringSubstring   stringapiext.o
    0x08001ba4   0x00000028   Code   RO          908    i.SysTick_CLKSourceConfig  misc.o
    0x08001bcc   0x00000002   Code   RO          167    i.SysTick_Handler   stm32f10x_it.o
    0x08001bce   0x00000002   PAD
    0x08001bd0   0x00000060   Code   RO          274    i.SystemInit        system_stm32f10x.o
    0x08001c30   0x00000074   Code   RO         2548    i.TCPInit           sim800c.o
    0x08001ca4   0x0000001a   Code   RO          168    i.TIM2_IRQHandler   stm32f10x_it.o
    0x08001cbe   0x00000048   Code   RO         2444    i.TIM2_Init         interface.o
    0x08001d06   0x00000006   Code   RO         1883    i.TIM_ClearITPendingBit  stm32f10x_tim.o
    0x08001d0c   0x00000018   Code   RO         1888    i.TIM_Cmd           stm32f10x_tim.o
    0x08001d24   0x00000022   Code   RO         1909    i.TIM_GetITStatus   stm32f10x_tim.o
    0x08001d46   0x00000012   Code   RO         1913    i.TIM_ITConfig      stm32f10x_tim.o
    0x08001d58   0x000000a4   Code   RO         1959    i.TIM_TimeBaseInit  stm32f10x_tim.o
    0x08001dfc   0x00000020   Code   RO          774    i.U1_PutChar        uart.o
    0x08001e1c   0x000000b4   Code   RO          785    i.USART1Conf        uart.o
    0x08001ed0   0x0000002c   Code   RO          169    i.USART1_IRQHandler  stm32f10x_it.o
    0x08001efc   0x000000b0   Code   RO          786    i.USART2Conf        uart.o
    0x08001fac   0x00000002   Code   RO          170    i.USART2_IRQHandler  stm32f10x_it.o
    0x08001fae   0x00000012   Code   RO         1374    i.USART_ClearFlag   stm32f10x_usart.o
    0x08001fc0   0x0000001e   Code   RO         1375    i.USART_ClearITPendingBit  stm32f10x_usart.o
    0x08001fde   0x00000018   Code   RO         1378    i.USART_Cmd         stm32f10x_usart.o
    0x08001ff6   0x0000001a   Code   RO         1381    i.USART_GetFlagStatus  stm32f10x_usart.o
    0x08002010   0x00000054   Code   RO         1382    i.USART_GetITStatus  stm32f10x_usart.o
    0x08002064   0x0000004a   Code   RO         1384    i.USART_ITConfig    stm32f10x_usart.o
    0x080020ae   0x00000002   PAD
    0x080020b0   0x000000d8   Code   RO         1385    i.USART_Init        stm32f10x_usart.o
    0x08002188   0x0000000a   Code   RO         1392    i.USART_ReceiveData  stm32f10x_usart.o
    0x08002192   0x00000008   Code   RO         1395    i.USART_SendData    stm32f10x_usart.o
    0x0800219a   0x00000002   PAD
    0x0800219c   0x00000024   Code   RO         2480    i.UartBegin         serialportapi.o
    0x080021c0   0x00000004   Code   RO          171    i.UsageFault_Handler  stm32f10x_it.o
    0x080021c4   0x00000058   Code   RO          617    i.W25QXX_Erase_Sector  w25qxx.o
    0x0800221c   0x00000058   Code   RO          618    i.W25QXX_Init       w25qxx.o
    0x08002274   0x00000050   Code   RO          620    i.W25QXX_Read       w25qxx.o
    0x080022c4   0x00000048   Code   RO          621    i.W25QXX_ReadID     w25qxx.o
    0x0800230c   0x0000002c   Code   RO          622    i.W25QXX_ReadSR     w25qxx.o
    0x08002338   0x00000012   Code   RO          624    i.W25QXX_Wait_Busy  w25qxx.o
    0x0800234a   0x00000002   PAD
    0x0800234c   0x000000b8   Code   RO          625    i.W25QXX_Write      w25qxx.o
    0x08002404   0x00000020   Code   RO          627    i.W25QXX_Write_Enable  w25qxx.o
    0x08002424   0x00000046   Code   RO          628    i.W25QXX_Write_NoCheck  w25qxx.o
    0x0800246a   0x00000002   PAD
    0x0800246c   0x00000054   Code   RO          629    i.W25QXX_Write_Page  w25qxx.o
    0x080024c0   0x0000000e   Code   RO         3126    i._is_digit         c_w.l(__printf_wp.o)
    0x080024ce   0x00000006   Code   RO          788    i._sys_exit         uart.o
    0x080024d4   0x00000052   Code   RO         2549    i.a16toi            sim800c.o
    0x08002526   0x00000002   PAD
    0x08002528   0x00000018   Code   RO         2551    i.createTCP         sim800c.o
    0x08002540   0x00000018   Code   RO         2552    i.delay             sim800c.o
    0x08002558   0x00000044   Code   RO          719    i.delay_init        delay.o
    0x0800259c   0x0000004c   Code   RO          720    i.delay_ms          delay.o
    0x080025e8   0x00000020   Code   RO         2554    i.eAT               sim800c.o
    0x08002608   0x00000064   Code   RO         2555    i.eATCIFSR          sim800c.o
    0x0800266c   0x0000002c   Code   RO         2556    i.eATCIICR          sim800c.o
    0x08002698   0x00000054   Code   RO         2559    i.eATCSQ            sim800c.o
    0x080026ec   0x00000050   Code   RO         2563    i.eATGSN            sim800c.o
    0x0800273c   0x00000028   Code   RO         2565    i.eATHTTPINIT       sim800c.o
    0x08002764   0x00000028   Code   RO         2566    i.eATHTTPTERM       sim800c.o
    0x0800278c   0x0000001c   Code   RO          789    i.fputc             uart.o
    0x080027a8   0x0000002c   Code   RO         2420    i.iap_load_app      iap.o
    0x080027d4   0x00000068   Code   RO         2421    i.iap_write_appbin  iap.o
    0x0800283c   0x00000434   Code   RO            3    i.main              main.o
    0x08002c70   0x0000000c   Code   RO         2572    i.millis            sim800c.o
    0x08002c7c   0x0000005c   Code   RO         2573    i.qATCGATT          sim800c.o
    0x08002cd8   0x00000058   Code   RO         2575    i.qATCPIN           sim800c.o
    0x08002d30   0x0000005c   Code   RO         2576    i.qATCREG0          sim800c.o
    0x08002d8c   0x000000b4   Code   RO         2577    i.qATCREG2          sim800c.o
    0x08002e40   0x0000004c   Code   RO         2579    i.qATHTTPREAD       sim800c.o
    0x08002e8c   0x0000002c   Code   RO         2581    i.recvFind          sim800c.o
    0x08002eb8   0x00000074   Code   RO         2582    i.recvFindAndFilter  sim800c.o
    0x08002f2c   0x00000052   Code   RO         2584    i.recvString        sim800c.o
    0x08002f7e   0x00000008   Code   RO         2587    i.rx_empty          sim800c.o
    0x08002f86   0x00000002   PAD
    0x08002f88   0x00000034   Code   RO         2588    i.sATCIPHEAD        sim800c.o
    0x08002fbc   0x00000034   Code   RO         2589    i.sATCIPMODE        sim800c.o
    0x08002ff0   0x0000007c   Code   RO         2593    i.sATCIPSTARTSingle  sim800c.o
    0x0800306c   0x00000048   Code   RO         2594    i.sATCPOWD          sim800c.o
    0x080030b4   0x00000038   Code   RO         2595    i.sATCREG           sim800c.o
    0x080030ec   0x0000003c   Code   RO         2596    i.sATCSTT           sim800c.o
    0x08003128   0x0000004c   Code   RO         2607    i.sATHTTPACTION     sim800c.o
    0x08003174   0x0000004c   Code   RO         2608    i.sATHTTPPARA       sim800c.o
    0x080031c0   0x00000054   Code   RO         2611    i.sATSAPBR1         sim800c.o
    0x08003214   0x00000044   Code   RO         2612    i.sATSAPBR2         sim800c.o
    0x08003258   0x00000010   Code   RO         2617    i.timer1msINT       sim800c.o
    0x08003268   0x0000002c   Code   RO         3238    locale$$code        c_w.l(lc_ctype_c.o)
    0x08003294   0x00000028   Data   RO         3099    .constdata          c_w.l(_printf_hex_int.o)
    0x080032bc   0x00000011   Data   RO         3129    .constdata          c_w.l(__printf_flags_wp.o)
    0x080032cd   0x00000003   PAD
    0x080032d0   0x00000072   Data   RO         2619    .conststring        sim800c.o
    0x08003342   0x00000002   PAD
    0x08003344   0x00000020   Data   RO         3367    Region$$Table       anon$$obj.o
    0x08003364   0x00000110   Data   RO         3237    locale$$data        c_w.l(lc_ctype_c.o)


    Execution Region RW_IRAM1 (Base: 0x20000000, Size: 0x00006c00, Max: 0x00010000, ABSOLUTE)

    Base Addr    Size         Type   Attr      Idx    E Section Name        Object

    0x20000000   0x00000004   Data   RW            5    .data               main.o
    0x20000004   0x00000014   Data   RW          275    .data               system_stm32f10x.o
    0x20000018   0x00000001   Data   RW          319    .data               key.o
    0x20000019   0x00000001   PAD
    0x2000001a   0x00000002   Data   RW          632    .data               w25qxx.o
    0x2000001c   0x00000004   Data   RW          722    .data               delay.o
    0x20000020   0x00000008   Data   RW          791    .data               uart.o
    0x20000028   0x00000014   Data   RW         1206    .data               stm32f10x_rcc.o
    0x2000003c   0x00000004   Data   RW         2423    .data               iap.o
    0x20000040   0x0000000c   Data   RW         2482    .data               serialportapi.o
    0x2000004c   0x00000010   Data   RW         2620    .data               sim800c.o
    0x2000005c   0x00000800   Zero   RW          555    .bss                stmflash.o
    0x2000085c   0x00000400   Zero   RW         2481    .bss                serialportapi.o
    0x20000c5c   0x0000021f   Zero   RW         2618    .bss                sim800c.o
    0x20000e7b   0x00000001   PAD
    0x20000e7c   0x00000060   Zero   RW         3201    .bss                c_w.l(libspace.o)
    0x20000edc   0x00000124   PAD
    0x20001000   0x00002800   Zero   RW          790    .ARM.__AT_0x20001000  uart.o
    0x20003800   0x00001600   Zero   RW            4    .bss                main.o
    0x20004e00   0x00001000   Zero   RW          631    .bss                w25qxx.o
    0x20005e00   0x00000800   Zero   RW         2422    .bss                iap.o
    0x20006600   0x00000200   Zero   RW          898    HEAP                startup_stm32f10x_hd.o
    0x20006800   0x00000400   Zero   RW          897    STACK               startup_stm32f10x_hd.o


==============================================================================

Image component sizes


      Code (inc. data)   RO Data    RW Data    ZI Data      Debug   Object Name

       144         22          0          4          0       1152   delay.o
       148         14          0          4       2048       1888   iap.o
        72          0          0          0          0        504   interface.o
       260         20          0          1          0       1138   key.o
        76          8          0          0          0        487   led.o
      1164        490          0          4       5632     269238   main.o
       172         22          0          0          0       2009   misc.o
       372         74          0         12       1024       4825   serialportapi.o
      3804       1264        114         16        543      24852   sim800c.o
       272         18          0          0          0       1729   spi.o
        64         26        304          0       1536        792   startup_stm32f10x_hd.o
       274         30          0          0          0       3314   stm32f10x_flash.o
       300          0          0          0          0       3051   stm32f10x_gpio.o
        98          4          0          0          0       4940   stm32f10x_it.o
       276         32          0         20          0       4370   stm32f10x_rcc.o
       112          0          0          0          0       3734   stm32f10x_spi.o
       246         42          0          0          0       3466   stm32f10x_tim.o
       490          6          0          0          0       7185   stm32f10x_usart.o
       310         10          0          0       2048       3377   stmflash.o
       128          0          0          0          0       2438   stringapiext.o
         6          0          0          0          0        364   sys.o
       328         28          0         20          0       2025   system_stm32f10x.o
       422         24          0          8      10240       4932   uart.o
       760         70          0          2       4096       6545   w25qxx.o

    ----------------------------------------------------------------------
     10322       2204        452         92      27168     358355   Object Totals
         0          0         32          0          0          0   (incl. Generated)
        24          0          2          1          1          0   (incl. Padding)

    ----------------------------------------------------------------------

      Code (inc. data)   RO Data    RW Data    ZI Data      Debug   Library Member Name

         8          0          0          0          0         68   __main.o
       312          4         17          0          0         92   __printf_flags_wp.o
        14          0          0          0          0         68   __printf_wp.o
         0          0          0          0          0          0   __rtentry.o
        12          0          0          0          0          0   __rtentry2.o
         6          0          0          0          0          0   __rtentry4.o
        52          8          0          0          0          0   __scatter.o
        26          0          0          0          0          0   __scatter_copy.o
        28          0          0          0          0          0   __scatter_zi.o
        28          0          0          0          0         68   _chval.o
        44          0          0          0          0        108   _printf_char.o
        48          6          0          0          0         96   _printf_char_common.o
        36          4          0          0          0         80   _printf_char_file.o
         6          0          0          0          0          0   _printf_d.o
       120         16          0          0          0         92   _printf_dec.o
        88          4         40          0          0         88   _printf_hex_int.o
       178          0          0          0          0         88   _printf_intcommon.o
        78          0          0          0          0        108   _printf_pad.o
         0          0          0          0          0          0   _printf_percent.o
         4          0          0          0          0          0   _printf_percent_end.o
         6          0          0          0          0          0   _printf_s.o
        82          0          0          0          0         80   _printf_str.o
         6          0          0          0          0          0   _printf_x.o
        10          0          0          0          0         68   _sputc.o
       158          0          0          0          0         92   _strtoul.o
        26          0          0          0          0         80   atoi.o
        12          0          0          0          0         72   exit.o
         8          0          0          0          0         68   ferror.o
         6          0          0          0          0        152   heapauxi.o
        44         10        272          0          0         76   lc_ctype_c.o
         2          0          0          0          0          0   libinit.o
        20          0          0          0          0          0   libinit2.o
         2          0          0          0          0          0   libshutdown.o
         2          0          0          0          0          0   libshutdown2.o
         8          4          0          0         96         68   libspace.o
        24          4          0          0          0         84   noretval__2printf.o
        40          6          0          0          0         84   noretval__2sprintf.o
        16          4          0          0          0         76   rt_ctype_table.o
         8          4          0          0          0         68   rt_errno_addr_intlibspace.o
         8          4          0          0          0         68   rt_locale_intlibspace.o
        68          0          0          0          0         68   rt_memclr.o
        78          0          0          0          0         80   rt_memclr_w.o
         2          0          0          0          0          0   rtexit.o
        10          0          0          0          0          0   rtexit2.o
       128          0          0          0          0         68   strcmpv7m.o
        72          0          0          0          0         80   strcpy.o
        62          0          0          0          0         76   strlen.o
        86          0          0          0          0         76   strncpy.o
        36          0          0          0          0         80   strstr.o
       112          0          0          0          0         88   strtol.o
        74          0          0          0          0         80   sys_stackheap_outer.o
         2          0          0          0          0         68   use_no_semi.o
         2          0          0          0          0         68   use_no_semi_2.o

    ----------------------------------------------------------------------
      2322         78        332          0        388       2924   Library Totals
        14          0          3          0        292          0   (incl. Padding)

    ----------------------------------------------------------------------

      Code (inc. data)   RO Data    RW Data    ZI Data      Debug   Library Name

      2308         78        329          0         96       2924   c_w.l

    ----------------------------------------------------------------------
      2322         78        332          0        388       2924   Library Totals

    ----------------------------------------------------------------------

==============================================================================


      Code (inc. data)   RO Data    RW Data    ZI Data      Debug   

     12644       2282        784         92      27556     352955   Grand Totals
     12644       2282        784         92      27556     352955   ELF Image Totals
     12644       2282        784         92          0          0   ROM Totals

==============================================================================

    Total RO  Size (Code + RO Data)                13428 (  13.11kB)
    Total RW  Size (RW Data + ZI Data)             27648 (  27.00kB)
    Total ROM Size (Code + RO Data + RW Data)      13520 (  13.20kB)

==============================================================================

