Component: ARM Compiler 5.05 update 1 (build 106) Tool: armlink [4d0efa]

==============================================================================

Section Cross References

    main.o(i.GPIO_Configuration) refers to stm32f10x_gpio.o(i.GPIO_PinRemapConfig) for GPIO_PinRemapConfig
    main.o(i.GPIO_Configuration) refers to stm32f10x_gpio.o(i.GPIO_Init) for GPIO_Init
    main.o(i.GPIO_Configuration) refers to stm32f10x_gpio.o(i.GPIO_SetBits) for GPIO_SetBits
    main.o(i.GPIO_Configuration) refers to stm32f10x_gpio.o(i.GPIO_ResetBits) for GPIO_ResetBits
    main.o(i.GPRS_USART) refers to uart.o(i.USART1Conf) for USART1Conf
    main.o(i.NVIC_Configuration) refers to misc.o(i.NVIC_PriorityGroupConfig) for NVIC_PriorityGroupConfig
    main.o(i.NVIC_Configuration) refers to misc.o(i.NVIC_Init) for NVIC_Init
    main.o(i.main) refers to main.o(i.NVIC_Configuration) for NVIC_Configuration
    main.o(i.main) refers to serialportapi.o(i.UartBegin) for UartBegin
    main.o(i.main) refers to uart.o(i.USART2Conf) for USART2Conf
    main.o(i.main) refers to interface.o(i.TIM2_Init) for TIM2_Init
    main.o(i.main) refers to delay.o(i.delay_init) for delay_init
    main.o(i.main) refers to led.o(i.LED_Init) for LED_Init
    main.o(i.main) refers to key.o(i.KEY_Init) for KEY_Init
    main.o(i.main) refers to w25qxx.o(i.W25QXX_Init) for W25QXX_Init
    main.o(i.main) refers to main.o(i.GPIO_Configuration) for GPIO_Configuration
    main.o(i.main) refers to printf8.o(i.__0printf$8) for __2printf
    main.o(i.main) refers to sim800c.o(i.GSM_restart) for GSM_restart
    main.o(i.main) refers to sim800c.o(i.GSMInit) for GSMInit
    main.o(i.main) refers to delay.o(i.delay_ms) for delay_ms
    main.o(i.main) refers to w25qxx.o(i.W25QXX_ReadID) for W25QXX_ReadID
    main.o(i.main) refers to w25qxx.o(i.W25QXX_Write) for W25QXX_Write
    main.o(i.main) refers to memseta.o(.text) for __aeabi_memclr
    main.o(i.main) refers to w25qxx.o(i.W25QXX_Read) for W25QXX_Read
    main.o(i.main) refers to iap.o(i.iap_write_appbin) for iap_write_appbin
    main.o(i.main) refers to iap.o(i.iap_load_app) for iap_load_app
    main.o(i.main) refers to uart.o(i.U1_PutChar) for U1_PutChar
    main.o(i.main) refers to main.o(i.GPRS_USART) for GPRS_USART
    main.o(i.main) refers to main.o(.data) for http_buf
    main.o(i.main) refers to uart.o(.data) for USART_RX_CNT
    main.o(i.main) refers to uart.o(.ARM.__AT_0x20001000) for USART_RX_BUF
    main.o(i.main) refers to main.o(.bss) for flash_buf
    stm32f10x_it.o(i.TIM2_IRQHandler) refers to stm32f10x_tim.o(i.TIM_GetITStatus) for TIM_GetITStatus
    stm32f10x_it.o(i.TIM2_IRQHandler) refers to stm32f10x_tim.o(i.TIM_ClearITPendingBit) for TIM_ClearITPendingBit
    stm32f10x_it.o(i.TIM2_IRQHandler) refers to sim800c.o(i.timer1msINT) for timer1msINT
    stm32f10x_it.o(i.USART1_IRQHandler) refers to stm32f10x_usart.o(i.USART_GetITStatus) for USART_GetITStatus
    stm32f10x_it.o(i.USART1_IRQHandler) refers to stm32f10x_usart.o(i.USART_ClearITPendingBit) for USART_ClearITPendingBit
    stm32f10x_it.o(i.USART1_IRQHandler) refers to stm32f10x_usart.o(i.USART_ReceiveData) for USART_ReceiveData
    stm32f10x_it.o(i.USART1_IRQHandler) refers to serialportapi.o(i.SerialInt) for SerialInt
    stm32f10x_it.o(i.USART2_IRQHandler) refers to stm32f10x_usart.o(i.USART_GetITStatus) for USART_GetITStatus
    stm32f10x_it.o(i.USART2_IRQHandler) refers to stm32f10x_usart.o(i.USART_ClearITPendingBit) for USART_ClearITPendingBit
    stm32f10x_it.o(i.USART2_IRQHandler) refers to stm32f10x_usart.o(i.USART_ReceiveData) for USART_ReceiveData
    stm32f10x_it.o(i.USART2_IRQHandler) refers to uart.o(.data) for USART_RX_CNT
    stm32f10x_it.o(i.USART2_IRQHandler) refers to uart.o(.ARM.__AT_0x20001000) for USART_RX_BUF
    system_stm32f10x.o(i.SetSysClock) refers to system_stm32f10x.o(i.SetSysClockTo72) for SetSysClockTo72
    system_stm32f10x.o(i.SystemCoreClockUpdate) refers to system_stm32f10x.o(.data) for SystemCoreClock
    system_stm32f10x.o(i.SystemInit) refers to system_stm32f10x.o(i.SetSysClock) for SetSysClock
    led.o(i.LED_Init) refers to stm32f10x_rcc.o(i.RCC_APB2PeriphClockCmd) for RCC_APB2PeriphClockCmd
    led.o(i.LED_Init) refers to stm32f10x_gpio.o(i.GPIO_Init) for GPIO_Init
    led.o(i.LED_Init) refers to stm32f10x_gpio.o(i.GPIO_SetBits) for GPIO_SetBits
    key.o(i.KEY_Init) refers to stm32f10x_rcc.o(i.RCC_APB2PeriphClockCmd) for RCC_APB2PeriphClockCmd
    key.o(i.KEY_Init) refers to stm32f10x_gpio.o(i.GPIO_Init) for GPIO_Init
    key.o(i.KEY_Scan) refers to stm32f10x_gpio.o(i.GPIO_ReadInputDataBit) for GPIO_ReadInputDataBit
    key.o(i.KEY_Scan) refers to delay.o(i.delay_ms) for delay_ms
    key.o(i.KEY_Scan) refers to key.o(.data) for key_up
    stmflash.o(i.STMFLASH_Read) refers to stmflash.o(i.STMFLASH_ReadHalfWord) for STMFLASH_ReadHalfWord
    stmflash.o(i.STMFLASH_Write) refers to stm32f10x_flash.o(i.FLASH_Unlock) for FLASH_Unlock
[...]
    Removing stm32f10x_flash.o(i.FLASH_HalfCycleAccessCmd), (28 bytes).
    Removing stm32f10x_flash.o(i.FLASH_ITConfig), (32 bytes).
    Removing stm32f10x_flash.o(i.FLASH_LockBank1), (20 bytes).
    Removing stm32f10x_flash.o(i.FLASH_PrefetchBufferCmd), (28 bytes).
    Removing stm32f10x_flash.o(i.FLASH_ProgramOptionByteData), (84 bytes).
    Removing stm32f10x_flash.o(i.FLASH_ProgramWord), (108 bytes).
    Removing stm32f10x_flash.o(i.FLASH_ReadOutProtection), (172 bytes).
    Removing stm32f10x_flash.o(i.FLASH_SetLatency), (24 bytes).
    Removing stm32f10x_flash.o(i.FLASH_UnlockBank1), (24 bytes).
    Removing stm32f10x_flash.o(i.FLASH_UserOptionByteConfig), (104 bytes).
    Removing stm32f10x_flash.o(i.FLASH_WaitForLastBank1Operation), (38 bytes).
    Removing stm32f10x_spi.o(i.I2S_Cmd), (24 bytes).
    Removing stm32f10x_spi.o(i.I2S_Init), (232 bytes).
    Removing stm32f10x_spi.o(i.I2S_StructInit), (20 bytes).
    Removing stm32f10x_spi.o(i.SPI_BiDirectionalLineConfig), (28 bytes).
    Removing stm32f10x_spi.o(i.SPI_CalculateCRC), (24 bytes).
    Removing stm32f10x_spi.o(i.SPI_DataSizeConfig), (18 bytes).
    Removing stm32f10x_spi.o(i.SPI_GetCRC), (16 bytes).
    Removing stm32f10x_spi.o(i.SPI_GetCRCPolynomial), (6 bytes).
    Removing stm32f10x_spi.o(i.SPI_I2S_ClearFlag), (6 bytes).
    Removing stm32f10x_spi.o(i.SPI_I2S_ClearITPendingBit), (20 bytes).
    Removing stm32f10x_spi.o(i.SPI_I2S_DMACmd), (18 bytes).
    Removing stm32f10x_spi.o(i.SPI_I2S_DeInit), (88 bytes).
    Removing stm32f10x_spi.o(i.SPI_I2S_GetITStatus), (52 bytes).
    Removing stm32f10x_spi.o(i.SPI_I2S_ITConfig), (32 bytes).
    Removing stm32f10x_spi.o(i.SPI_NSSInternalSoftwareConfig), (30 bytes).
    Removing stm32f10x_spi.o(i.SPI_SSOutputCmd), (24 bytes).
    Removing stm32f10x_spi.o(i.SPI_StructInit), (24 bytes).
    Removing stm32f10x_spi.o(i.SPI_TransmitCRC), (10 bytes).
    Removing stm32f10x_tim.o(i.TI1_Config), (128 bytes).
    Removing stm32f10x_tim.o(i.TI2_Config), (152 bytes).
    Removing stm32f10x_tim.o(i.TI3_Config), (144 bytes).
    Removing stm32f10x_tim.o(i.TI4_Config), (152 bytes).
    Removing stm32f10x_tim.o(i.TIM_ARRPreloadConfig), (24 bytes).
    Removing stm32f10x_tim.o(i.TIM_BDTRConfig), (32 bytes).
    Removing stm32f10x_tim.o(i.TIM_BDTRStructInit), (18 bytes).
    Removing stm32f10x_tim.o(i.TIM_CCPreloadControl), (24 bytes).
    Removing stm32f10x_tim.o(i.TIM_CCxCmd), (30 bytes).
    Removing stm32f10x_tim.o(i.TIM_CCxNCmd), (30 bytes).
    Removing stm32f10x_tim.o(i.TIM_ClearFlag), (6 bytes).
    Removing stm32f10x_tim.o(i.TIM_ClearOC1Ref), (18 bytes).
    Removing stm32f10x_tim.o(i.TIM_ClearOC2Ref), (24 bytes).
    Removing stm32f10x_tim.o(i.TIM_ClearOC3Ref), (18 bytes).
    Removing stm32f10x_tim.o(i.TIM_ClearOC4Ref), (24 bytes).
    Removing stm32f10x_tim.o(i.TIM_CounterModeConfig), (18 bytes).
    Removing stm32f10x_tim.o(i.TIM_CtrlPWMOutputs), (30 bytes).
    Removing stm32f10x_tim.o(i.TIM_DMACmd), (18 bytes).
    Removing stm32f10x_tim.o(i.TIM_DMAConfig), (10 bytes).
    Removing stm32f10x_tim.o(i.TIM_DeInit), (488 bytes).
    Removing stm32f10x_tim.o(i.TIM_ETRClockMode1Config), (54 bytes).
    Removing stm32f10x_tim.o(i.TIM_ETRClockMode2Config), (32 bytes).
    Removing stm32f10x_tim.o(i.TIM_ETRConfig), (28 bytes).
    Removing stm32f10x_tim.o(i.TIM_EncoderInterfaceConfig), (66 bytes).
    Removing stm32f10x_tim.o(i.TIM_ForcedOC1Config), (18 bytes).
    Removing stm32f10x_tim.o(i.TIM_ForcedOC2Config), (26 bytes).
    Removing stm32f10x_tim.o(i.TIM_ForcedOC3Config), (18 bytes).
    Removing stm32f10x_tim.o(i.TIM_ForcedOC4Config), (26 bytes).
    Removing stm32f10x_tim.o(i.TIM_GenerateEvent), (4 bytes).
    Removing stm32f10x_tim.o(i.TIM_GetCapture1), (6 bytes).
    Removing stm32f10x_tim.o(i.TIM_GetCapture2), (6 bytes).
    Removing stm32f10x_tim.o(i.TIM_GetCapture3), (6 bytes).
    Removing stm32f10x_tim.o(i.TIM_GetCapture4), (8 bytes).
    Removing stm32f10x_tim.o(i.TIM_GetCounter), (6 bytes).
    Removing stm32f10x_tim.o(i.TIM_GetFlagStatus), (18 bytes).
    Removing stm32f10x_tim.o(i.TIM_GetPrescaler), (6 bytes).
    Removing stm32f10x_tim.o(i.TIM_ICInit), (172 bytes).
    Removing stm32f10x_tim.o(i.TIM_ICStructInit), (18 bytes).
    Removing stm32f10x_tim.o(i.TIM_ITRxExternalClockConfig), (24 bytes).
    Removing stm32f10x_tim.o(i.TIM_InternalClockConfig), (12 bytes).
    Removing stm32f10x_tim.o(i.TIM_OC1FastConfig), (18 bytes).
    Removing stm32f10x_tim.o(i.TIM_OC1Init), (152 bytes).
    Removing stm32f10x_tim.o(i.TIM_OC1NPolarityConfig), (18 bytes).
    Removing stm32f10x_tim.o(i.TIM_OC1PolarityConfig), (18 bytes).
    Removing stm32f10x_tim.o(i.TIM_OC1PreloadConfig), (18 bytes).
    Removing stm32f10x_tim.o(i.TIM_OC2FastConfig), (26 bytes).
    Removing stm32f10x_tim.o(i.TIM_OC2Init), (164 bytes).
    Removing stm32f10x_tim.o(i.TIM_OC2NPolarityConfig), (26 bytes).
    Removing stm32f10x_tim.o(i.TIM_OC2PolarityConfig), (26 bytes).
    Removing stm32f10x_tim.o(i.TIM_OC2PreloadConfig), (26 bytes).
    Removing stm32f10x_tim.o(i.TIM_OC3FastConfig), (18 bytes).
    Removing stm32f10x_tim.o(i.TIM_OC3Init), (160 bytes).
    Removing stm32f10x_tim.o(i.TIM_OC3NPolarityConfig), (26 bytes).
    Removing stm32f10x_tim.o(i.TIM_OC3PolarityConfig), (26 bytes).
    Removing stm32f10x_tim.o(i.TIM_OC3PreloadConfig), (18 bytes).
    Removing stm32f10x_tim.o(i.TIM_OC4FastConfig), (26 bytes).
    Removing stm32f10x_tim.o(i.TIM_OC4Init), (124 bytes).
    Removing stm32f10x_tim.o(i.TIM_OC4PolarityConfig), (26 bytes).
    Removing stm32f10x_tim.o(i.TIM_OC4PreloadConfig), (26 bytes).
    Removing stm32f10x_tim.o(i.TIM_OCStructInit), (20 bytes).
    Removing stm32f10x_tim.o(i.TIM_PWMIConfig), (124 bytes).
    Removing stm32f10x_tim.o(i.TIM_PrescalerConfig), (6 bytes).
    Removing stm32f10x_tim.o(i.TIM_SelectCCDMA), (24 bytes).
    Removing stm32f10x_tim.o(i.TIM_SelectCOM), (24 bytes).
    Removing stm32f10x_tim.o(i.TIM_SelectHallSensor), (24 bytes).
    Removing stm32f10x_tim.o(i.TIM_SelectInputTrigger), (18 bytes).
    Removing stm32f10x_tim.o(i.TIM_SelectMasterSlaveMode), (18 bytes).
    Removing stm32f10x_tim.o(i.TIM_SelectOCxM), (82 bytes).
    Removing stm32f10x_tim.o(i.TIM_SelectOnePulseMode), (18 bytes).
    Removing stm32f10x_tim.o(i.TIM_SelectOutputTrigger), (18 bytes).
    Removing stm32f10x_tim.o(i.TIM_SelectSlaveMode), (18 bytes).
    Removing stm32f10x_tim.o(i.TIM_SetAutoreload), (4 bytes).
    Removing stm32f10x_tim.o(i.TIM_SetClockDivision), (18 bytes).
    Removing stm32f10x_tim.o(i.TIM_SetCompare1), (4 bytes).
    Removing stm32f10x_tim.o(i.TIM_SetCompare2), (4 bytes).
    Removing stm32f10x_tim.o(i.TIM_SetCompare3), (4 bytes).
    Removing stm32f10x_tim.o(i.TIM_SetCompare4), (6 bytes).
    Removing stm32f10x_tim.o(i.TIM_SetCounter), (4 bytes).
    Removing stm32f10x_tim.o(i.TIM_SetIC1Prescaler), (18 bytes).
    Removing stm32f10x_tim.o(i.TIM_SetIC2Prescaler), (26 bytes).
    Removing stm32f10x_tim.o(i.TIM_SetIC3Prescaler), (18 bytes).
    Removing stm32f10x_tim.o(i.TIM_SetIC4Prescaler), (26 bytes).
    Removing stm32f10x_tim.o(i.TIM_TIxExternalClockConfig), (62 bytes).
    Removing stm32f10x_tim.o(i.TIM_TimeBaseStructInit), (18 bytes).
    Removing stm32f10x_tim.o(i.TIM_UpdateDisableConfig), (24 bytes).
    Removing stm32f10x_tim.o(i.TIM_UpdateRequestConfig), (24 bytes).
    Removing interface.o(i.Delay_us), (48 bytes).
    Removing interface.o(i.LEDToggle), (16 bytes).
    Removing interface.o(i.UserLEDInit), (56 bytes).
    Removing serialportapi.o(i.SerialStringRead), (32 bytes).
    Removing serialportapi.o(i.SerialWrite), (20 bytes).
    Removing sim800c.o(i.HttpInit), (548 bytes).
    Removing sim800c.o(i.LSB_API_data), (196 bytes).
    Removing sim800c.o(i.SetBaud), (12 bytes).
    Removing sim800c.o(i.TCPInit), (116 bytes).
    Removing sim800c.o(i.a16toi), (82 bytes).
    Removing sim800c.o(i.closeTCP), (68 bytes).
    Removing sim800c.o(i.createTCP), (24 bytes).
    Removing sim800c.o(i.disableMUX), (10 bytes).
    Removing sim800c.o(i.eATCIPCLOSE), (40 bytes).
    Removing sim800c.o(i.eATCIPSTATUS), (44 bytes).
    Removing sim800c.o(i.eATCSQ_TRANS), (92 bytes).
    Removing sim800c.o(i.eATCWSTARTSMART), (196 bytes).
    Removing sim800c.o(i.eATCWSTOPSMART), (44 bytes).
    Removing sim800c.o(i.eATGSN), (80 bytes).
    Removing sim800c.o(i.eATGSV), (80 bytes).
    Removing sim800c.o(i.eATHTTPINIT), (40 bytes).
    Removing sim800c.o(i.eATHTTPTERM), (40 bytes).
    Removing sim800c.o(i.eATO), (40 bytes).
    Removing sim800c.o(i.eATRST), (36 bytes).
    Removing sim800c.o(i.eATUART), (72 bytes).
    Removing sim800c.o(i.eEXIT_TRANS), (40 bytes).
    Removing sim800c.o(i.getSystemStatus), (32 bytes).
    Removing sim800c.o(i.qATCIPSSL), (112 bytes).
    Removing sim800c.o(i.qATCREG2), (180 bytes).
    Removing sim800c.o(i.qATCWMODE), (92 bytes).
    Removing sim800c.o(i.qATHTTPREAD), (76 bytes).
    Removing sim800c.o(i.qATSSLSETCERT), (88 bytes).
    Removing sim800c.o(i.recvPkg), (64 bytes).
    Removing sim800c.o(i.recvString2), (98 bytes).
    Removing sim800c.o(i.recvString3), (116 bytes).
    Removing sim800c.o(i.sATCIPHEAD), (52 bytes).
    Removing sim800c.o(i.sATCIPMUX), (100 bytes).
    Removing sim800c.o(i.sATCIPSENDSingle), (26 bytes).
    Removing sim800c.o(i.sATCIPSSL), (68 bytes).
    Removing sim800c.o(i.sATCIPSTARTSingle), (124 bytes).
    Removing sim800c.o(i.sATCREG), (56 bytes).
    Removing sim800c.o(i.sATCWAUTOCONN), (56 bytes).
    Removing sim800c.o(i.sATCWMODE), (108 bytes).
    Removing sim800c.o(i.sATD), (64 bytes).
    Removing sim800c.o(i.sATFSCREATE), (76 bytes).
    Removing sim800c.o(i.sATFSDEL), (72 bytes).
    Removing sim800c.o(i.sATFSDRIVE), (88 bytes).
    Removing sim800c.o(i.sATFSFLSIZE), (124 bytes).
    Removing sim800c.o(i.sATFSLS), (120 bytes).
    Removing sim800c.o(i.sATFSREAD), (128 bytes).
    Removing sim800c.o(i.sATFSWRITE), (144 bytes).
    Removing sim800c.o(i.sATHTTPACTION), (76 bytes).
    Removing sim800c.o(i.sATHTTPPARA), (76 bytes).
    Removing sim800c.o(i.sATIPR), (48 bytes).
    Removing sim800c.o(i.sATS0), (64 bytes).
    Removing sim800c.o(i.sATSSLSETCERT), (128 bytes).
    Removing sim800c.o(i.setOprToStationSoftAP), (4 bytes).
    Removing sim800c.o(i.smartLink), (16 bytes).
    Removing sim800c.o(i.stopSmartLink), (8 bytes).
    Removing sim800c.o(.conststring), (114 bytes).
    Removing stringapiext.o(i.StringIndexCharOffset), (50 bytes).
    Removing dadd.o(.text), (334 bytes).
    Removing dmul.o(.text), (228 bytes).
    Removing ddiv.o(.text), (222 bytes).
    Removing dfixul.o(.text), (48 bytes).
    Removing cdrcmple.o(.text), (48 bytes).
    Removing depilogue.o(.text), (186 bytes).

304 unused section(s) (total 24609 bytes) removed from the image.

==============================================================================

Image Symbol Table

    Local Symbols

    Symbol Name                              Value     Ov Type        Size  Object(Section)

    ../clib/microlib/ctype/ctype.c           0x00000000   Number         0  isdigit_o.o ABSOLUTE
    ../clib/microlib/ctype/ctype.c           0x00000000   Number         0  ispunct_o.o ABSOLUTE
    ../clib/microlib/ctype/ctype.c           0x00000000   Number         0  isprint_o.o ABSOLUTE
    ../clib/microlib/ctype/ctype.c           0x00000000   Number         0  islower_o.o ABSOLUTE
    ../clib/microlib/ctype/ctype.c           0x00000000   Number         0  isgraph_o.o ABSOLUTE
    ../clib/microlib/ctype/ctype.c           0x00000000   Number         0  iscntrl_o.o ABSOLUTE
    ../clib/microlib/ctype/ctype.c           0x00000000   Number         0  isblank_o.o ABSOLUTE
    ../clib/microlib/ctype/ctype.c           0x00000000   Number         0  isalpha_o.o ABSOLUTE
    ../clib/microlib/ctype/ctype.c           0x00000000   Number         0  isalnum_o.o ABSOLUTE
    ../clib/microlib/ctype/ctype.c           0x00000000   Number         0  ctype_o.o ABSOLUTE
    ../clib/microlib/ctype/ctype.c           0x00000000   Number         0  isspace_o.o ABSOLUTE
    ../clib/microlib/ctype/ctype.c           0x00000000   Number         0  isupper_o.o ABSOLUTE
    ../clib/microlib/ctype/ctype.c           0x00000000   Number         0  isxdigit_o.o ABSOLUTE
    ../clib/microlib/division.c              0x00000000   Number         0  uidiv.o ABSOLUTE
    ../clib/microlib/division.c              0x00000000   Number         0  uldiv.o ABSOLUTE
    ../clib/microlib/errno.c                 0x00000000   Number         0  errno.o ABSOLUTE
    ../clib/microlib/init/entry.s            0x00000000   Number         0  entry.o ABSOLUTE
    ../clib/microlib/init/entry.s            0x00000000   Number         0  entry2.o ABSOLUTE
    ../clib/microlib/init/entry.s            0x00000000   Number         0  entry7a.o ABSOLUTE
    ../clib/microlib/init/entry.s            0x00000000   Number         0  entry9a.o ABSOLUTE
    ../clib/microlib/init/entry.s            0x00000000   Number         0  entry8a.o ABSOLUTE
    ../clib/microlib/init/entry.s            0x00000000   Number         0  entry8b.o ABSOLUTE
    ../clib/microlib/init/entry.s            0x00000000   Number         0  entry5.o ABSOLUTE
    ../clib/microlib/init/entry.s            0x00000000   Number         0  entry7b.o ABSOLUTE
    ../clib/microlib/init/entry.s            0x00000000   Number         0  entry11b.o ABSOLUTE
    ../clib/microlib/init/entry.s            0x00000000   Number         0  entry9b.o ABSOLUTE
    ../clib/microlib/init/entry.s            0x00000000   Number         0  entry11a.o ABSOLUTE
    ../clib/microlib/init/entry.s            0x00000000   Number         0  entry10a.o ABSOLUTE
    ../clib/microlib/init/entry.s            0x00000000   Number         0  entry10b.o ABSOLUTE
    ../clib/microlib/longlong.c              0x00000000   Number         0  llushr.o ABSOLUTE
    ../clib/microlib/longlong.c              0x00000000   Number         0  llshl.o ABSOLUTE
    ../clib/microlib/longlong.c              0x00000000   Number         0  llsshr.o ABSOLUTE
    ../clib/microlib/printf/printf.c         0x00000000   Number         0  printf8.o ABSOLUTE
    ../clib/microlib/printf/printf.c         0x00000000   Number         0  printf3.o ABSOLUTE
    ../clib/microlib/printf/printf.c         0x00000000   Number         0  printfa.o ABSOLUTE
    ../clib/microlib/printf/printf.c         0x00000000   Number         0  printf1.o ABSOLUTE
    ../clib/microlib/printf/printf.c         0x00000000   Number         0  printf4.o ABSOLUTE
    ../clib/microlib/printf/printf.c         0x00000000   Number         0  printf5.o ABSOLUTE
    ../clib/microlib/printf/printf.c         0x00000000   Number         0  printf6.o ABSOLUTE
    ../clib/microlib/printf/printf.c         0x00000000   Number         0  printf7.o ABSOLUTE
    ../clib/microlib/printf/printf.c         0x00000000   Number         0  printf0.o ABSOLUTE
    ../clib/microlib/printf/printf.c         0x00000000   Number         0  printf2.o ABSOLUTE
    ../clib/microlib/printf/printf.c         0x00000000   Number         0  printfb.o ABSOLUTE
    ../clib/microlib/printf/stubs.s          0x00000000   Number         0  stubs.o ABSOLUTE
    ../clib/microlib/string/memset.c         0x00000000   Number         0  memseta.o ABSOLUTE
    ../clib/microlib/string/strchr.c         0x00000000   Number         0  strchr.o ABSOLUTE
    ../clib/microlib/string/strcmp.c         0x00000000   Number         0  strcmp.o ABSOLUTE
    ../clib/microlib/string/strcpy.c         0x00000000   Number         0  strcpy.o ABSOLUTE
    ../clib/microlib/string/strlen.c         0x00000000   Number         0  strlen.o ABSOLUTE
    ../clib/microlib/string/strncpy.c        0x00000000   Number         0  strncpy.o ABSOLUTE
    ../clib/microlib/string/strstr.c         0x00000000   Number         0  strstr.o ABSOLUTE
    ../clib/microlib/stubs.s                 0x00000000   Number         0  iusefp.o ABSOLUTE
    ../clib/microlib/stubs.s                 0x00000000   Number         0  useno.o ABSOLUTE
    ../clib/scanf.c                          0x00000000   Number         0  atoi.o ABSOLUTE
    ../clib/scanf.c                          0x00000000   Number         0  _chval.o ABSOLUTE
    ../clib/scanf.c                          0x00000000   Number         0  strtol.o ABSOLUTE
    ../clib/scanf.c                          0x00000000   Number         0  _strtoul.o ABSOLUTE
    ../fplib/microlib/fpadd.c                0x00000000   Number         0  dadd.o ABSOLUTE
    ../fplib/microlib/fpdiv.c                0x00000000   Number         0  ddiv.o ABSOLUTE
    ../fplib/microlib/fpepilogue.c           0x00000000   Number         0  depilogue.o ABSOLUTE
    ../fplib/microlib/fpfix.c                0x00000000   Number         0  dfixul.o ABSOLUTE
    ../fplib/microlib/fpmul.c                0x00000000   Number         0  dmul.o ABSOLUTE
    ..\CORE\core_cm3.c                       0x00000000   Number         0  core_cm3.o ABSOLUTE
    ..\CORE\startup_stm32f10x_md.s           0x00000000   Number         0  startup_stm32f10x_md.o ABSOLUTE
    ..\HARDWARE\GSM\interface.c              0x00000000   Number         0  interface.o ABSOLUTE
    ..\HARDWARE\GSM\serialportAPI.c          0x00000000   Number         0  serialportapi.o ABSOLUTE
    ..\HARDWARE\GSM\sim800C.c                0x00000000   Number         0  sim800c.o ABSOLUTE
    ..\HARDWARE\GSM\stringAPIext.c           0x00000000   Number         0  stringapiext.o ABSOLUTE
    ..\HARDWARE\KEY\key.c                    0x00000000   Number         0  key.o ABSOLUTE
    ..\HARDWARE\LED\led.c                    0x00000000   Number         0  led.o ABSOLUTE
    ..\HARDWARE\SPI\spi.c                    0x00000000   Number         0  spi.o ABSOLUTE
    ..\HARDWARE\STMFLASH\stmflash.c          0x00000000   Number         0  stmflash.o ABSOLUTE
    ..\HARDWARE\W25QXX\w25qxx.c              0x00000000   Number         0  w25qxx.o ABSOLUTE
    ..\IAP\iap.c                             0x00000000   Number         0  iap.o ABSOLUTE
    ..\STM32F10x_FWLib\src\misc.c            0x00000000   Number         0  misc.o ABSOLUTE
    ..\STM32F10x_FWLib\src\stm32f10x_flash.c 0x00000000   Number         0  stm32f10x_flash.o ABSOLUTE
    ..\STM32F10x_FWLib\src\stm32f10x_fsmc.c  0x00000000   Number         0  stm32f10x_fsmc.o ABSOLUTE
    ..\STM32F10x_FWLib\src\stm32f10x_gpio.c  0x00000000   Number         0  stm32f10x_gpio.o ABSOLUTE
    ..\STM32F10x_FWLib\src\stm32f10x_rcc.c   0x00000000   Number         0  stm32f10x_rcc.o ABSOLUTE
    ..\STM32F10x_FWLib\src\stm32f10x_spi.c   0x00000000   Number         0  stm32f10x_spi.o ABSOLUTE
    ..\STM32F10x_FWLib\src\stm32f10x_tim.c   0x00000000   Number         0  stm32f10x_tim.o ABSOLUTE
    ..\STM32F10x_FWLib\src\stm32f10x_usart.c 0x00000000   Number         0  stm32f10x_usart.o ABSOLUTE
    ..\SYSTEM\delay\delay.c                  0x00000000   Number         0  delay.o ABSOLUTE
    ..\SYSTEM\sys\sys.c                      0x00000000   Number         0  sys.o ABSOLUTE
    ..\SYSTEM\usart\uart.c                   0x00000000   Number         0  uart.o ABSOLUTE
    ..\\CORE\\core_cm3.c                     0x00000000   Number         0  core_cm3.o ABSOLUTE
    ..\\SYSTEM\\sys\\sys.c                   0x00000000   Number         0  sys.o ABSOLUTE
    cdrcmple.s                               0x00000000   Number         0  cdrcmple.o ABSOLUTE
    dc.s                                     0x00000000   Number         0  dc.o ABSOLUTE
    handlers.s                               0x00000000   Number         0  handlers.o ABSOLUTE
    init.s                                   0x00000000   Number         0  init.o ABSOLUTE
    main.c                                   0x00000000   Number         0  main.o ABSOLUTE
    stm32f10x_it.c                           0x00000000   Number         0  stm32f10x_it.o ABSOLUTE
    system_stm32f10x.c                       0x00000000   Number         0  system_stm32f10x.o ABSOLUTE
    RESET                                    0x08000000   Section      236  startup_stm32f10x_md.o(RESET)
    .ARM.Collect$$$$00000000                 0x080000ec   Section        0  entry.o(.ARM.Collect$$$$00000000)
    .ARM.Collect$$$$00000001                 0x080000ec   Section        4  entry2.o(.ARM.Collect$$$$00000001)
    .ARM.Collect$$$$00000004                 0x080000f0   Section        4  entry5.o(.ARM.Collect$$$$00000004)
    .ARM.Collect$$$$00000008                 0x080000f4   Section        0  entry7b.o(.ARM.Collect$$$$00000008)
    .ARM.Collect$$$$0000000A                 0x080000f4   Section        0  entry8b.o(.ARM.Collect$$$$0000000A)
    .ARM.Collect$$$$0000000B                 0x080000f4   Section        8  entry9a.o(.ARM.Collect$$$$0000000B)
    .ARM.Collect$$$$0000000D                 0x080000fc   Section        0  entry10a.o(.ARM.Collect$$$$0000000D)
    .ARM.Collect$$$$0000000F                 0x080000fc   Section        0  entry11a.o(.ARM.Collect$$$$0000000F)
    .ARM.Collect$$$$00002712                 0x080000fc   Section        4  entry2.o(.ARM.Collect$$$$00002712)
    __lit__00000000                          0x080000fc   Data           4  entry2.o(.ARM.Collect$$$$00002712)
    .emb_text                                0x08000100   Section        6  sys.o(.emb_text)
    .text                                    0x08000108   Section       36  startup_stm32f10x_md.o(.text)
    .text                                    0x0800012c   Section        0  memseta.o(.text)
    .text                                    0x08000150   Section        0  strstr.o(.text)
    .text                                    0x08000174   Section        0  strncpy.o(.text)
    .text                                    0x0800018c   Section        0  strlen.o(.text)
    .text                                    0x0800019a   Section        0  strcmp.o(.text)
    .text                                    0x080001b6   Section        0  strcpy.o(.text)
    .text                                    0x080001c8   Section        0  atoi.o(.text)
    .text                                    0x080001e2   Section        0  uldiv.o(.text)
    .text                                    0x08000244   Section        0  strtol.o(.text)
    .text                                    0x080002b4   Section       36  init.o(.text)
    .text                                    0x080002d8   Section        0  llshl.o(.text)
    .text                                    0x080002f6   Section        0  llushr.o(.text)
    .text                                    0x08000318   Section        0  ctype_o.o(.text)
    .text                                    0x08000320   Section        0  _strtoul.o(.text)
    .text                                    0x080003be   Section        0  _chval.o(.text)
    i.BusFault_Handler                       0x080003da   Section        0  stm32f10x_it.o(i.BusFault_Handler)
    i.CheckState                             0x080003e0   Section        0  sim800c.o(i.CheckState)
    i.ClearRecBuf                            0x080005e8   Section        0  sim800c.o(i.ClearRecBuf)
    i.ClearRxBuf                             0x080005f4   Section        0  serialportapi.o(i.ClearRxBuf)
    i.ConectTest                             0x08000610   Section        0  sim800c.o(i.ConectTest)
    i.DebugMon_Handler                       0x08000680   Section        0  stm32f10x_it.o(i.DebugMon_Handler)
    i.FLASH_ErasePage                        0x08000684   Section        0  stm32f10x_flash.o(i.FLASH_ErasePage)
    i.FLASH_GetBank1Status                   0x080006d0   Section        0  stm32f10x_flash.o(i.FLASH_GetBank1Status)
    i.FLASH_Lock                             0x08000704   Section        0  stm32f10x_flash.o(i.FLASH_Lock)
    i.FLASH_ProgramHalfWord                  0x08000718   Section        0  stm32f10x_flash.o(i.FLASH_ProgramHalfWord)
    i.FLASH_Unlock                           0x08000758   Section        0  stm32f10x_flash.o(i.FLASH_Unlock)
    i.FLASH_WaitForLastOperation             0x08000770   Section        0  stm32f10x_flash.o(i.FLASH_WaitForLastOperation)
    i.FtpInit                                0x08000798   Section        0  sim800c.o(i.FtpInit)
    i.GPIO_Configuration                     0x080009d4   Section        0  main.o(i.GPIO_Configuration)
    i.GPIO_Init                              0x08000c08   Section        0  stm32f10x_gpio.o(i.GPIO_Init)
    i.GPIO_PinRemapConfig                    0x08000d20   Section        0  stm32f10x_gpio.o(i.GPIO_PinRemapConfig)
    i.GPIO_ResetBits                         0x08000db0   Section        0  stm32f10x_gpio.o(i.GPIO_ResetBits)
    i.GPIO_SetBits                           0x08000db4   Section        0  stm32f10x_gpio.o(i.GPIO_SetBits)
    i.GPRS_USART                             0x08000db8   Section        0  main.o(i.GPRS_USART)
    i.GSMInit                                0x08000dc8   Section        0  sim800c.o(i.GSMInit)
    i.GSM_restart                            0x08000e2c   Section        0  sim800c.o(i.GSM_restart)
    i.HardFault_Handler                      0x08000e8c   Section        0  stm32f10x_it.o(i.HardFault_Handler)
    i.KEY_Init                               0x08000e90   Section        0  key.o(i.KEY_Init)
    i.LED_Init                               0x08000ecc   Section        0  led.o(i.LED_Init)
    i.MemManage_Handler                      0x08000f18   Section        0  stm32f10x_it.o(i.MemManage_Handler)
    i.NMI_Handler                            0x08000f1c   Section        0  stm32f10x_it.o(i.NMI_Handler)
    i.NVIC_Configuration                     0x08000f1e   Section        0  main.o(i.NVIC_Configuration)
    i.NVIC_Init                              0x08000f68   Section        0  misc.o(i.NVIC_Init)
    i.NVIC_PriorityGroupConfig               0x08000fd8   Section        0  misc.o(i.NVIC_PriorityGroupConfig)
    i.PendSV_Handler                         0x08000fec   Section        0  stm32f10x_it.o(i.PendSV_Handler)
    i.RCC_APB1PeriphClockCmd                 0x08000ff0   Section        0  stm32f10x_rcc.o(i.RCC_APB1PeriphClockCmd)
    i.RCC_APB2PeriphClockCmd                 0x08001010   Section        0  stm32f10x_rcc.o(i.RCC_APB2PeriphClockCmd)
    i.RCC_GetClocksFreq                      0x08001030   Section        0  stm32f10x_rcc.o(i.RCC_GetClocksFreq)
    i.SPI2_Init                              0x08001104   Section        0  spi.o(i.SPI2_Init)
    i.SPI2_ReadWriteByte                     0x08001198   Section        0  spi.o(i.SPI2_ReadWriteByte)
    i.SPI2_SetSpeed                          0x080011ec   Section        0  spi.o(i.SPI2_SetSpeed)
    i.SPI_Cmd                                0x08001214   Section        0  stm32f10x_spi.o(i.SPI_Cmd)
    i.SPI_I2S_GetFlagStatus                  0x0800122c   Section        0  stm32f10x_spi.o(i.SPI_I2S_GetFlagStatus)
    i.SPI_I2S_ReceiveData                    0x0800123e   Section        0  stm32f10x_spi.o(i.SPI_I2S_ReceiveData)
    i.SPI_I2S_SendData                       0x08001244   Section        0  stm32f10x_spi.o(i.SPI_I2S_SendData)
    i.SPI_Init                               0x08001248   Section        0  stm32f10x_spi.o(i.SPI_Init)
    i.STMFLASH_Read                          0x08001284   Section        0  stmflash.o(i.STMFLASH_Read)
    i.STMFLASH_ReadHalfWord                  0x080012a6   Section        0  stmflash.o(i.STMFLASH_ReadHalfWord)
    i.STMFLASH_Write                         0x080012ac   Section        0  stmflash.o(i.STMFLASH_Write)
    i.STMFLASH_Write_NoCheck                 0x08001394   Section        0  stmflash.o(i.STMFLASH_Write_NoCheck)
    i.SVC_Handler                            0x080013ba   Section        0  stm32f10x_it.o(i.SVC_Handler)
    i.SerialAvailable                        0x080013bc   Section        0  serialportapi.o(i.SerialAvailable)
    i.SerialInt                              0x080013e0   Section        0  serialportapi.o(i.SerialInt)
    i.SerialPrint                            0x08001438   Section        0  serialportapi.o(i.SerialPrint)
    i.SerialPrintln                          0x0800148c   Section        0  serialportapi.o(i.SerialPrintln)
    i.SerialRead                             0x080014b0   Section        0  serialportapi.o(i.SerialRead)
    i.SetSysClock                            0x080014f0   Section        0  system_stm32f10x.o(i.SetSysClock)
    SetSysClock                              0x080014f1   Thumb Code     8  system_stm32f10x.o(i.SetSysClock)
    i.SetSysClockTo72                        0x080014f8   Section        0  system_stm32f10x.o(i.SetSysClockTo72)
    SetSysClockTo72                          0x080014f9   Thumb Code   214  system_stm32f10x.o(i.SetSysClockTo72)
    i.StringAddchar                          0x080015d8   Section        0  stringapiext.o(i.StringAddchar)
    i.StringIndex                            0x080015f0   Section        0  stringapiext.o(i.StringIndex)
    i.StringLenth                            0x0800160c   Section        0  stringapiext.o(i.StringLenth)
    i.StringSubstring                        0x08001618   Section        0  stringapiext.o(i.StringSubstring)
    i.SysTick_CLKSourceConfig                0x08001658   Section        0  misc.o(i.SysTick_CLKSourceConfig)
    i.SysTick_Handler                        0x08001680   Section        0  stm32f10x_it.o(i.SysTick_Handler)
    i.SystemInit                             0x08001684   Section        0  system_stm32f10x.o(i.SystemInit)
    i.TIM2_IRQHandler                        0x080016e4   Section        0  stm32f10x_it.o(i.TIM2_IRQHandler)
    i.TIM2_Init                              0x080016fe   Section        0  interface.o(i.TIM2_Init)
    i.TIM_ClearITPendingBit                  0x08001746   Section        0  stm32f10x_tim.o(i.TIM_ClearITPendingBit)
    i.TIM_Cmd                                0x0800174c   Section        0  stm32f10x_tim.o(i.TIM_Cmd)
    i.TIM_GetITStatus                        0x08001764   Section        0  stm32f10x_tim.o(i.TIM_GetITStatus)
    i.TIM_ITConfig                           0x08001786   Section        0  stm32f10x_tim.o(i.TIM_ITConfig)
    i.TIM_TimeBaseInit                       0x08001798   Section        0  stm32f10x_tim.o(i.TIM_TimeBaseInit)
    i.U1_PutChar                             0x0800183c   Section        0  uart.o(i.U1_PutChar)
    i.USART1Conf                             0x0800185c   Section        0  uart.o(i.USART1Conf)
    i.USART1_IRQHandler                      0x08001910   Section        0  stm32f10x_it.o(i.USART1_IRQHandler)
    i.USART2Conf                             0x0800193c   Section        0  uart.o(i.USART2Conf)
    i.USART2_IRQHandler                      0x080019ec   Section        0  stm32f10x_it.o(i.USART2_IRQHandler)
    i.USART_ClearFlag                        0x08001a38   Section        0  stm32f10x_usart.o(i.USART_ClearFlag)
    i.USART_ClearITPendingBit                0x08001a4a   Section        0  stm32f10x_usart.o(i.USART_ClearITPendingBit)
    i.USART_Cmd                              0x08001a68   Section        0  stm32f10x_usart.o(i.USART_Cmd)
    i.USART_GetFlagStatus                    0x08001a80   Section        0  stm32f10x_usart.o(i.USART_GetFlagStatus)
    i.USART_GetITStatus                      0x08001a9a   Section        0  stm32f10x_usart.o(i.USART_GetITStatus)
    i.USART_ITConfig                         0x08001aee   Section        0  stm32f10x_usart.o(i.USART_ITConfig)
    i.USART_Init                             0x08001b38   Section        0  stm32f10x_usart.o(i.USART_Init)
    i.USART_ReceiveData                      0x08001c10   Section        0  stm32f10x_usart.o(i.USART_ReceiveData)
    i.USART_SendData                         0x08001c1a   Section        0  stm32f10x_usart.o(i.USART_SendData)
    i.UartBegin                              0x08001c24   Section        0  serialportapi.o(i.UartBegin)
    i.UsageFault_Handler                     0x08001c48   Section        0  stm32f10x_it.o(i.UsageFault_Handler)
    i.W25QXX_Erase_Sector                    0x08001c4c   Section        0  w25qxx.o(i.W25QXX_Erase_Sector)
    i.W25QXX_Init                            0x08001ca4   Section        0  w25qxx.o(i.W25QXX_Init)
    i.W25QXX_Read                            0x08001cfc   Section        0  w25qxx.o(i.W25QXX_Read)
    i.W25QXX_ReadID                          0x08001d4c   Section        0  w25qxx.o(i.W25QXX_ReadID)
    i.W25QXX_ReadSR                          0x08001d94   Section        0  w25qxx.o(i.W25QXX_ReadSR)
    i.W25QXX_Wait_Busy                       0x08001dc0   Section        0  w25qxx.o(i.W25QXX_Wait_Busy)
    i.W25QXX_Write                           0x08001dd4   Section        0  w25qxx.o(i.W25QXX_Write)
    i.W25QXX_Write_Enable                    0x08001e8c   Section        0  w25qxx.o(i.W25QXX_Write_Enable)
    i.W25QXX_Write_NoCheck                   0x08001eac   Section        0  w25qxx.o(i.W25QXX_Write_NoCheck)
    i.W25QXX_Write_Page                      0x08001ef4   Section        0  w25qxx.o(i.W25QXX_Write_Page)
    i.__0printf$8                            0x08001f48   Section        0  printf8.o(i.__0printf$8)
    i.__0sprintf$8                           0x08001f68   Section        0  printf8.o(i.__0sprintf$8)
    i.__aeabi_errno_addr                     0x08001f90   Section        0  errno.o(i.__aeabi_errno_addr)
    i.__scatterload_copy                     0x08001f98   Section       14  handlers.o(i.__scatterload_copy)
    i.__scatterload_null                     0x08001fa6   Section        2  handlers.o(i.__scatterload_null)
    i.__scatterload_zeroinit                 0x08001fa8   Section       14  handlers.o(i.__scatterload_zeroinit)
    i._printf_core                           0x08001fb8   Section        0  printf8.o(i._printf_core)
    _printf_core                             0x08001fb9   Thumb Code   996  printf8.o(i._printf_core)
    i._printf_post_padding                   0x080023c8   Section        0  printf8.o(i._printf_post_padding)
    _printf_post_padding                     0x080023c9   Thumb Code    36  printf8.o(i._printf_post_padding)
    i._printf_pre_padding                    0x080023ec   Section        0  printf8.o(i._printf_pre_padding)
    _printf_pre_padding                      0x080023ed   Thumb Code    46  printf8.o(i._printf_pre_padding)
    i._sputc                                 0x0800241a   Section        0  printf8.o(i._sputc)
    _sputc                                   0x0800241b   Thumb Code    10  printf8.o(i._sputc)
    i.delay                                  0x08002424   Section        0  sim800c.o(i.delay)
    i.delay_init                             0x0800243c   Section        0  delay.o(i.delay_init)
    i.delay_ms                               0x08002480   Section        0  delay.o(i.delay_ms)
    i.eAT                                    0x080024cc   Section        0  sim800c.o(i.eAT)
    i.eATCIFSR                               0x080024ec   Section        0  sim800c.o(i.eATCIFSR)
    i.eATCIICR                               0x08002550   Section        0  sim800c.o(i.eATCIICR)
    i.eATCSQ                                 0x0800257c   Section        0  sim800c.o(i.eATCSQ)
    i.eATFTPQUIT                             0x080025d0   Section        0  sim800c.o(i.eATFTPQUIT)
    i.fputc                                  0x08002610   Section        0  uart.o(i.fputc)
    i.iap_load_app                           0x0800262c   Section        0  iap.o(i.iap_load_app)
    i.iap_write_appbin                       0x08002658   Section        0  iap.o(i.iap_write_appbin)
    i.main                                   0x080026c0   Section        0  main.o(i.main)
    i.millis                                 0x08002b18   Section        0  sim800c.o(i.millis)
    i.qATCGATT                               0x08002b24   Section        0  sim800c.o(i.qATCGATT)
    i.qATCPIN                                0x08002b80   Section        0  sim800c.o(i.qATCPIN)
    i.qATCREG0                               0x08002bd8   Section        0  sim800c.o(i.qATCREG0)
    i.recvFind                               0x08002c34   Section        0  sim800c.o(i.recvFind)
    i.recvFindAndFilter                      0x08002c60   Section        0  sim800c.o(i.recvFindAndFilter)
    i.recvString                             0x08002d00   Section        0  sim800c.o(i.recvString)
    i.rx_empty                               0x08002d52   Section        0  sim800c.o(i.rx_empty)
    i.sATCIPMODE                             0x08002d5c   Section        0  sim800c.o(i.sATCIPMODE)
    i.sATCPOWD                               0x08002d90   Section        0  sim800c.o(i.sATCPOWD)
    i.sATCSTT                                0x08002dd8   Section        0  sim800c.o(i.sATCSTT)
    i.sATFTPCID                              0x08002e14   Section        0  sim800c.o(i.sATFTPCID)
    i.sATFTPGET                              0x08002e5c   Section        0  sim800c.o(i.sATFTPGET)
    i.sATFTPGETNAME                          0x08002fbc   Section        0  sim800c.o(i.sATFTPGETNAME)
    i.sATFTPGETPATH                          0x08003008   Section        0  sim800c.o(i.sATFTPGETPATH)
    i.sATFTPPW                               0x08003054   Section        0  sim800c.o(i.sATFTPPW)
    i.sATFTPSERV                             0x0800309c   Section        0  sim800c.o(i.sATFTPSERV)
    i.sATFTPUN                               0x080030e4   Section        0  sim800c.o(i.sATFTPUN)
    i.sATSAPBR1                              0x0800312c   Section        0  sim800c.o(i.sATSAPBR1)
    i.sATSAPBR2                              0x08003180   Section        0  sim800c.o(i.sATSAPBR2)
    i.stringFindAndFilter                    0x080031c4   Section        0  sim800c.o(i.stringFindAndFilter)
    i.timer1msINT                            0x0800325c   Section        0  sim800c.o(i.timer1msINT)
    .constdata                               0x0800326c   Section      129  ctype_o.o(.constdata)
    .constdata                               0x080032f0   Section        4  ctype_o.o(.constdata)
    table                                    0x080032f0   Data           4  ctype_o.o(.constdata)
    .data                                    0x20000000   Section        6  main.o(.data)
    .data                                    0x20000008   Section       20  system_stm32f10x.o(.data)
    .data                                    0x2000001c   Section        2  w25qxx.o(.data)
    .data                                    0x2000001e   Section        4  delay.o(.data)
    fac_us                                   0x2000001e   Data           1  delay.o(.data)
    fac_ms                                   0x20000020   Data           2  delay.o(.data)
    .data                                    0x20000024   Section        8  uart.o(.data)
    .data                                    0x2000002c   Section       20  stm32f10x_rcc.o(.data)
    APBAHBPrescTable                         0x2000002c   Data          16  stm32f10x_rcc.o(.data)
    ADCPrescTable                            0x2000003c   Data           4  stm32f10x_rcc.o(.data)
    .data                                    0x20000040   Section        4  iap.o(.data)
    .data                                    0x20000044   Section       12  serialportapi.o(.data)
    _receive_buffer_tail                     0x20000044   Data           1  serialportapi.o(.data)
    _receive_buffer_head                     0x20000045   Data           1  serialportapi.o(.data)
    UartInit                                 0x20000048   Data           4  serialportapi.o(.data)
    UartSend                                 0x2000004c   Data           4  serialportapi.o(.data)
    .data                                    0x20000050   Section       16  sim800c.o(.data)
    .data                                    0x20000060   Section        4  errno.o(.data)
    _errno                                   0x20000060   Data           4  errno.o(.data)
    .bss                                     0x20000064   Section     1034  main.o(.bss)
    .bss                                     0x2000046e   Section     2048  stmflash.o(.bss)
    .bss                                     0x20000c6e   Section      543  sim800c.o(.bss)
    .ARM.__AT_0x20001000                     0x20001000   Section     1024  uart.o(.ARM.__AT_0x20001000)
    .bss                                     0x20001400   Section     4096  w25qxx.o(.bss)
    .bss                                     0x20002400   Section     2048  iap.o(.bss)
    .bss                                     0x20002c00   Section     1024  serialportapi.o(.bss)
    _receive_buffer                          0x20002c00   Data        1024  serialportapi.o(.bss)
    STACK                                    0x20003000   Section     2048  startup_stm32f10x_md.o(STACK)

    Global Symbols

    Symbol Name                              Value     Ov Type        Size  Object(Section)

    BuildAttributes$$THM_ISAv4$P$D$K$B$S$PE$A:L22UL41UL21$X:L11$S22US41US21$IEEE1$IW$USESV6$~STKCKD$USESV7$~SHL$OSPACE$ROPI$EBA8$MICROLIB$REQ8$PRES8$EABIv2 0x00000000   Number         0  anon$$obj.o ABSOLUTE
    __ARM_use_no_argv                        0x00000000   Number         0  main.o ABSOLUTE
    __use_no_errno                           0x00000000   Number         0  useno.o ABSOLUTE
    __use_no_exception_handling              0x00000000   Number         0  useno.o ABSOLUTE
    __use_no_fp                              0x00000000   Number         0  useno.o ABSOLUTE
    __use_no_heap                            0x00000000   Number         0  useno.o ABSOLUTE
    __use_no_heap_region                     0x00000000   Number         0  useno.o ABSOLUTE
    __use_no_semihosting                     0x00000000   Number         0  useno.o ABSOLUTE
    __use_no_semihosting_swi                 0x00000000   Number         0  useno.o ABSOLUTE
    __use_no_signal_handling                 0x00000000   Number         0  useno.o ABSOLUTE
    _printf_a                                0x00000000   Number         0  stubs.o ABSOLUTE
    _printf_c                                0x00000000   Number         0  stubs.o ABSOLUTE
    _printf_charcount                        0x00000000   Number         0  stubs.o ABSOLUTE
    _printf_d                                0x00000000   Number         0  stubs.o ABSOLUTE
    _printf_e                                0x00000000   Number         0  stubs.o ABSOLUTE
    _printf_f                                0x00000000   Number         0  stubs.o ABSOLUTE
    _printf_flags                            0x00000000   Number         0  stubs.o ABSOLUTE
    _printf_fp_dec                           0x00000000   Number         0  stubs.o ABSOLUTE
    _printf_fp_hex                           0x00000000   Number         0  stubs.o ABSOLUTE
    _printf_g                                0x00000000   Number         0  stubs.o ABSOLUTE
    _printf_i                                0x00000000   Number         0  stubs.o ABSOLUTE
    _printf_int_dec                          0x00000000   Number         0  stubs.o ABSOLUTE
    _printf_l                                0x00000000   Number         0  stubs.o ABSOLUTE
    _printf_lc                               0x00000000   Number         0  stubs.o ABSOLUTE
    _printf_ll                               0x00000000   Number         0  stubs.o ABSOLUTE
    _printf_lld                              0x00000000   Number         0  stubs.o ABSOLUTE
    _printf_lli                              0x00000000   Number         0  stubs.o ABSOLUTE
    _printf_llo                              0x00000000   Number         0  stubs.o ABSOLUTE
    _printf_llu                              0x00000000   Number         0  stubs.o ABSOLUTE
    _printf_llx                              0x00000000   Number         0  stubs.o ABSOLUTE
    _printf_longlong_dec                     0x00000000   Number         0  stubs.o ABSOLUTE
    _printf_longlong_hex                     0x00000000   Number         0  stubs.o ABSOLUTE
    _printf_longlong_oct                     0x00000000   Number         0  stubs.o ABSOLUTE
    _printf_ls                               0x00000000   Number         0  stubs.o ABSOLUTE
    _printf_mbtowc                           0x00000000   Number         0  stubs.o ABSOLUTE
    _printf_n                                0x00000000   Number         0  stubs.o ABSOLUTE
    _printf_o                                0x00000000   Number         0  stubs.o ABSOLUTE
    _printf_p                                0x00000000   Number         0  stubs.o ABSOLUTE
    _printf_percent                          0x00000000   Number         0  stubs.o ABSOLUTE
    _printf_pre_padding                      0x00000000   Number         0  stubs.o ABSOLUTE
    _printf_return_value                     0x00000000   Number         0  stubs.o ABSOLUTE
    _printf_s                                0x00000000   Number         0  stubs.o ABSOLUTE
    _printf_sizespec                         0x00000000   Number         0  stubs.o ABSOLUTE
    _printf_str                              0x00000000   Number         0  stubs.o ABSOLUTE
    _printf_truncate_signed                  0x00000000   Number         0  stubs.o ABSOLUTE
    _printf_truncate_unsigned                0x00000000   Number         0  stubs.o ABSOLUTE
    _printf_u                                0x00000000   Number         0  stubs.o ABSOLUTE
    _printf_wc                               0x00000000   Number         0  stubs.o ABSOLUTE
    _printf_wctomb                           0x00000000   Number         0  stubs.o ABSOLUTE
    _printf_widthprec                        0x00000000   Number         0  stubs.o ABSOLUTE
    _printf_x                                0x00000000   Number         0  stubs.o ABSOLUTE
    __cpp_initialize__aeabi_                  - Undefined Weak Reference
    __cxa_finalize                            - Undefined Weak Reference
    __decompress                              - Undefined Weak Reference
    _clock_init                               - Undefined Weak Reference
    _microlib_exit                            - Undefined Weak Reference
    __Vectors_Size                           0x000000ec   Number         0  startup_stm32f10x_md.o ABSOLUTE
    __Vectors                                0x08000000   Data           4  startup_stm32f10x_md.o(RESET)
    __Vectors_End                            0x080000ec   Data           0  startup_stm32f10x_md.o(RESET)
    __main                                   0x080000ed   Thumb Code     0  entry.o(.ARM.Collect$$$$00000000)
    _main_stk                                0x080000ed   Thumb Code     0  entry2.o(.ARM.Collect$$$$00000001)
    _main_scatterload                        0x080000f1   Thumb Code     0  entry5.o(.ARM.Collect$$$$00000004)
    __main_after_scatterload                 0x080000f5   Thumb Code     0  entry5.o(.ARM.Collect$$$$00000004)
    _main_clock                              0x080000f5   Thumb Code     0  entry7b.o(.ARM.Collect$$$$00000008)
    _main_cpp_init                           0x080000f5   Thumb Code     0  entry8b.o(.ARM.Collect$$$$0000000A)
    _main_init                               0x080000f5   Thumb Code     0  entry9a.o(.ARM.Collect$$$$0000000B)
    __rt_final_cpp                           0x080000fd   Thumb Code     0  entry10a.o(.ARM.Collect$$$$0000000D)
    __rt_final_exit                          0x080000fd   Thumb Code     0  entry11a.o(.ARM.Collect$$$$0000000F)
    MSR_MSP                                  0x08000101   Thumb Code     6  sys.o(.emb_text)
    Reset_Handler                            0x08000109   Thumb Code     8  startup_stm32f10x_md.o(.text)
    ADC1_2_IRQHandler                        0x08000123   Thumb Code     0  startup_stm32f10x_md.o(.text)
    CAN1_RX1_IRQHandler                      0x08000123   Thumb Code     0  startup_stm32f10x_md.o(.text)
    CAN1_SCE_IRQHandler                      0x08000123   Thumb Code     0  startup_stm32f10x_md.o(.text)
    DMA1_Channel1_IRQHandler                 0x08000123   Thumb Code     0  startup_stm32f10x_md.o(.text)
    DMA1_Channel2_IRQHandler                 0x08000123   Thumb Code     0  startup_stm32f10x_md.o(.text)
    DMA1_Channel3_IRQHandler                 0x08000123   Thumb Code     0  startup_stm32f10x_md.o(.text)
    DMA1_Channel4_IRQHandler                 0x08000123   Thumb Code     0  startup_stm32f10x_md.o(.text)
    DMA1_Channel5_IRQHandler                 0x08000123   Thumb Code     0  startup_stm32f10x_md.o(.text)
    DMA1_Channel6_IRQHandler                 0x08000123   Thumb Code     0  startup_stm32f10x_md.o(.text)
    DMA1_Channel7_IRQHandler                 0x08000123   Thumb Code     0  startup_stm32f10x_md.o(.text)
    EXTI0_IRQHandler                         0x08000123   Thumb Code     0  startup_stm32f10x_md.o(.text)
    EXTI15_10_IRQHandler                     0x08000123   Thumb Code     0  startup_stm32f10x_md.o(.text)
    EXTI1_IRQHandler                         0x08000123   Thumb Code     0  startup_stm32f10x_md.o(.text)
    EXTI2_IRQHandler                         0x08000123   Thumb Code     0  startup_stm32f10x_md.o(.text)
    EXTI3_IRQHandler                         0x08000123   Thumb Code     0  startup_stm32f10x_md.o(.text)
    EXTI4_IRQHandler                         0x08000123   Thumb Code     0  startup_stm32f10x_md.o(.text)
    EXTI9_5_IRQHandler                       0x08000123   Thumb Code     0  startup_stm32f10x_md.o(.text)
    FLASH_IRQHandler                         0x08000123   Thumb Code     0  startup_stm32f10x_md.o(.text)
    I2C1_ER_IRQHandler                       0x08000123   Thumb Code     0  startup_stm32f10x_md.o(.text)
    I2C1_EV_IRQHandler                       0x08000123   Thumb Code     0  startup_stm32f10x_md.o(.text)
    I2C2_ER_IRQHandler                       0x08000123   Thumb Code     0  startup_stm32f10x_md.o(.text)
    I2C2_EV_IRQHandler                       0x08000123   Thumb Code     0  startup_stm32f10x_md.o(.text)
    PVD_IRQHandler                           0x08000123   Thumb Code     0  startup_stm32f10x_md.o(.text)
    RCC_IRQHandler                           0x08000123   Thumb Code     0  startup_stm32f10x_md.o(.text)
    RTCAlarm_IRQHandler                      0x08000123   Thumb Code     0  startup_stm32f10x_md.o(.text)
    RTC_IRQHandler                           0x08000123   Thumb Code     0  startup_stm32f10x_md.o(.text)
    SPI1_IRQHandler                          0x08000123   Thumb Code     0  startup_stm32f10x_md.o(.text)
    SPI2_IRQHandler                          0x08000123   Thumb Code     0  startup_stm32f10x_md.o(.text)
    TAMPER_IRQHandler                        0x08000123   Thumb Code     0  startup_stm32f10x_md.o(.text)
    TIM1_BRK_IRQHandler                      0x08000123   Thumb Code     0  startup_stm32f10x_md.o(.text)
    TIM1_CC_IRQHandler                       0x08000123   Thumb Code     0  startup_stm32f10x_md.o(.text)
    TIM1_TRG_COM_IRQHandler                  0x08000123   Thumb Code     0  startup_stm32f10x_md.o(.text)
    TIM1_UP_IRQHandler                       0x08000123   Thumb Code     0  startup_stm32f10x_md.o(.text)
    TIM3_IRQHandler                          0x08000123   Thumb Code     0  startup_stm32f10x_md.o(.text)
    TIM4_IRQHandler                          0x08000123   Thumb Code     0  startup_stm32f10x_md.o(.text)
    USART3_IRQHandler                        0x08000123   Thumb Code     0  startup_stm32f10x_md.o(.text)
    USBWakeUp_IRQHandler                     0x08000123   Thumb Code     0  startup_stm32f10x_md.o(.text)
    USB_HP_CAN1_TX_IRQHandler                0x08000123   Thumb Code     0  startup_stm32f10x_md.o(.text)
    USB_LP_CAN1_RX0_IRQHandler               0x08000123   Thumb Code     0  startup_stm32f10x_md.o(.text)
    WWDG_IRQHandler                          0x08000123   Thumb Code     0  startup_stm32f10x_md.o(.text)
    __aeabi_memset                           0x0800012d   Thumb Code    14  memseta.o(.text)
    __aeabi_memset4                          0x0800012d   Thumb Code     0  memseta.o(.text)
    __aeabi_memset8                          0x0800012d   Thumb Code     0  memseta.o(.text)
    __aeabi_memclr                           0x0800013b   Thumb Code     4  memseta.o(.text)
    __aeabi_memclr4                          0x0800013b   Thumb Code     0  memseta.o(.text)
    __aeabi_memclr8                          0x0800013b   Thumb Code     0  memseta.o(.text)
    _memset$wrapper                          0x0800013f   Thumb Code    18  memseta.o(.text)
    strstr                                   0x08000151   Thumb Code    36  strstr.o(.text)
    strncpy                                  0x08000175   Thumb Code    24  strncpy.o(.text)
    strlen                                   0x0800018d   Thumb Code    14  strlen.o(.text)
    strcmp                                   0x0800019b   Thumb Code    28  strcmp.o(.text)
    strcpy                                   0x080001b7   Thumb Code    18  strcpy.o(.text)
    atoi                                     0x080001c9   Thumb Code    26  atoi.o(.text)
    __aeabi_uldivmod                         0x080001e3   Thumb Code    98  uldiv.o(.text)
    strtol                                   0x08000245   Thumb Code   112  strtol.o(.text)
    __scatterload                            0x080002b5   Thumb Code    28  init.o(.text)
    __scatterload_rt2                        0x080002b5   Thumb Code     0  init.o(.text)
    __aeabi_llsl                             0x080002d9   Thumb Code    30  llshl.o(.text)
    _ll_shift_l                              0x080002d9   Thumb Code     0  llshl.o(.text)
    __aeabi_llsr                             0x080002f7   Thumb Code    32  llushr.o(.text)
    _ll_ushift_r                             0x080002f7   Thumb Code     0  llushr.o(.text)
    __rt_ctype_table                         0x08000319   Thumb Code     4  ctype_o.o(.text)
    _strtoul                                 0x08000321   Thumb Code   158  _strtoul.o(.text)
    _chval                                   0x080003bf   Thumb Code    28  _chval.o(.text)
    BusFault_Handler                         0x080003db   Thumb Code     4  stm32f10x_it.o(i.BusFault_Handler)
    CheckState                               0x080003e1   Thumb Code   354  sim800c.o(i.CheckState)
    ClearRecBuf                              0x080005e9   Thumb Code     8  sim800c.o(i.ClearRecBuf)
    ClearRxBuf                               0x080005f5   Thumb Code    16  serialportapi.o(i.ClearRxBuf)
    ConectTest                               0x08000611   Thumb Code    72  sim800c.o(i.ConectTest)
    DebugMon_Handler                         0x08000681   Thumb Code     2  stm32f10x_it.o(i.DebugMon_Handler)
    FLASH_ErasePage                          0x08000685   Thumb Code    72  stm32f10x_flash.o(i.FLASH_ErasePage)
    FLASH_GetBank1Status                     0x080006d1   Thumb Code    48  stm32f10x_flash.o(i.FLASH_GetBank1Status)
    FLASH_Lock                               0x08000705   Thumb Code    14  stm32f10x_flash.o(i.FLASH_Lock)
    FLASH_ProgramHalfWord                    0x08000719   Thumb Code    60  stm32f10x_flash.o(i.FLASH_ProgramHalfWord)
    FLASH_Unlock                             0x08000759   Thumb Code    12  stm32f10x_flash.o(i.FLASH_Unlock)
    FLASH_WaitForLastOperation               0x08000771   Thumb Code    38  stm32f10x_flash.o(i.FLASH_WaitForLastOperation)
    FtpInit                                  0x08000799   Thumb Code   250  sim800c.o(i.FtpInit)
    GPIO_Configuration                       0x080009d5   Thumb Code   548  main.o(i.GPIO_Configuration)
    GPIO_Init                                0x08000c09   Thumb Code   278  stm32f10x_gpio.o(i.GPIO_Init)
    GPIO_PinRemapConfig                      0x08000d21   Thumb Code   138  stm32f10x_gpio.o(i.GPIO_PinRemapConfig)
    GPIO_ResetBits                           0x08000db1   Thumb Code     4  stm32f10x_gpio.o(i.GPIO_ResetBits)
    GPIO_SetBits                             0x08000db5   Thumb Code     4  stm32f10x_gpio.o(i.GPIO_SetBits)
    GPRS_USART                               0x08000db9   Thumb Code    16  main.o(i.GPRS_USART)
    GSMInit                                  0x08000dc9   Thumb Code    88  sim800c.o(i.GSMInit)
    GSM_restart                              0x08000e2d   Thumb Code    48  sim800c.o(i.GSM_restart)
    HardFault_Handler                        0x08000e8d   Thumb Code     4  stm32f10x_it.o(i.HardFault_Handler)
    KEY_Init                                 0x08000e91   Thumb Code    52  key.o(i.KEY_Init)
    LED_Init                                 0x08000ecd   Thumb Code    68  led.o(i.LED_Init)
    MemManage_Handler                        0x08000f19   Thumb Code     4  stm32f10x_it.o(i.MemManage_Handler)
    NMI_Handler                              0x08000f1d   Thumb Code     2  stm32f10x_it.o(i.NMI_Handler)
    NVIC_Configuration                       0x08000f1f   Thumb Code    72  main.o(i.NVIC_Configuration)
    NVIC_Init                                0x08000f69   Thumb Code   100  misc.o(i.NVIC_Init)
    NVIC_PriorityGroupConfig                 0x08000fd9   Thumb Code    10  misc.o(i.NVIC_PriorityGroupConfig)
    PendSV_Handler                           0x08000fed   Thumb Code     2  stm32f10x_it.o(i.PendSV_Handler)
    RCC_APB1PeriphClockCmd                   0x08000ff1   Thumb Code    26  stm32f10x_rcc.o(i.RCC_APB1PeriphClockCmd)
    RCC_APB2PeriphClockCmd                   0x08001011   Thumb Code    26  stm32f10x_rcc.o(i.RCC_APB2PeriphClockCmd)
    RCC_GetClocksFreq                        0x08001031   Thumb Code   192  stm32f10x_rcc.o(i.RCC_GetClocksFreq)
    SPI2_Init                                0x08001105   Thumb Code   140  spi.o(i.SPI2_Init)
    SPI2_ReadWriteByte                       0x08001199   Thumb Code    78  spi.o(i.SPI2_ReadWriteByte)
    SPI2_SetSpeed                            0x080011ed   Thumb Code    36  spi.o(i.SPI2_SetSpeed)
    SPI_Cmd                                  0x08001215   Thumb Code    24  stm32f10x_spi.o(i.SPI_Cmd)
    SPI_I2S_GetFlagStatus                    0x0800122d   Thumb Code    18  stm32f10x_spi.o(i.SPI_I2S_GetFlagStatus)
    SPI_I2S_ReceiveData                      0x0800123f   Thumb Code     6  stm32f10x_spi.o(i.SPI_I2S_ReceiveData)
    SPI_I2S_SendData                         0x08001245   Thumb Code     4  stm32f10x_spi.o(i.SPI_I2S_SendData)
    SPI_Init                                 0x08001249   Thumb Code    60  stm32f10x_spi.o(i.SPI_Init)
    STMFLASH_Read                            0x08001285   Thumb Code    34  stmflash.o(i.STMFLASH_Read)
    STMFLASH_ReadHalfWord                    0x080012a7   Thumb Code     6  stmflash.o(i.STMFLASH_ReadHalfWord)
    STMFLASH_Write                           0x080012ad   Thumb Code   222  stmflash.o(i.STMFLASH_Write)
    STMFLASH_Write_NoCheck                   0x08001395   Thumb Code    38  stmflash.o(i.STMFLASH_Write_NoCheck)
    SVC_Handler                              0x080013bb   Thumb Code     2  stm32f10x_it.o(i.SVC_Handler)
    SerialAvailable                          0x080013bd   Thumb Code    28  serialportapi.o(i.SerialAvailable)
    SerialInt                                0x080013e1   Thumb Code    70  serialportapi.o(i.SerialInt)
    SerialPrint                              0x08001439   Thumb Code    74  serialportapi.o(i.SerialPrint)
    SerialPrintln                            0x0800148d   Thumb Code    32  serialportapi.o(i.SerialPrintln)
    SerialRead                               0x080014b1   Thumb Code    52  serialportapi.o(i.SerialRead)
    StringAddchar                            0x080015d9   Thumb Code    24  stringapiext.o(i.StringAddchar)
    StringIndex                              0x080015f1   Thumb Code    28  stringapiext.o(i.StringIndex)
    StringLenth                              0x0800160d   Thumb Code    12  stringapiext.o(i.StringLenth)
    StringSubstring                          0x08001619   Thumb Code    64  stringapiext.o(i.StringSubstring)
    SysTick_CLKSourceConfig                  0x08001659   Thumb Code    40  misc.o(i.SysTick_CLKSourceConfig)
    SysTick_Handler                          0x08001681   Thumb Code     2  stm32f10x_it.o(i.SysTick_Handler)
    SystemInit                               0x08001685   Thumb Code    78  system_stm32f10x.o(i.SystemInit)
    TIM2_IRQHandler                          0x080016e5   Thumb Code    26  stm32f10x_it.o(i.TIM2_IRQHandler)
    TIM2_Init                                0x080016ff   Thumb Code    72  interface.o(i.TIM2_Init)
    TIM_ClearITPendingBit                    0x08001747   Thumb Code     6  stm32f10x_tim.o(i.TIM_ClearITPendingBit)
    TIM_Cmd                                  0x0800174d   Thumb Code    24  stm32f10x_tim.o(i.TIM_Cmd)
    TIM_GetITStatus                          0x08001765   Thumb Code    34  stm32f10x_tim.o(i.TIM_GetITStatus)
    TIM_ITConfig                             0x08001787   Thumb Code    18  stm32f10x_tim.o(i.TIM_ITConfig)
    TIM_TimeBaseInit                         0x08001799   Thumb Code   122  stm32f10x_tim.o(i.TIM_TimeBaseInit)
    U1_PutChar                               0x0800183d   Thumb Code    28  uart.o(i.U1_PutChar)
    USART1Conf                               0x0800185d   Thumb Code   172  uart.o(i.USART1Conf)
    USART1_IRQHandler                        0x08001911   Thumb Code    40  stm32f10x_it.o(i.USART1_IRQHandler)
    USART2Conf                               0x0800193d   Thumb Code   168  uart.o(i.USART2Conf)
    USART2_IRQHandler                        0x080019ed   Thumb Code    62  stm32f10x_it.o(i.USART2_IRQHandler)
    USART_ClearFlag                          0x08001a39   Thumb Code    18  stm32f10x_usart.o(i.USART_ClearFlag)
    USART_ClearITPendingBit                  0x08001a4b   Thumb Code    30  stm32f10x_usart.o(i.USART_ClearITPendingBit)
    USART_Cmd                                0x08001a69   Thumb Code    24  stm32f10x_usart.o(i.USART_Cmd)
    USART_GetFlagStatus                      0x08001a81   Thumb Code    26  stm32f10x_usart.o(i.USART_GetFlagStatus)
    USART_GetITStatus                        0x08001a9b   Thumb Code    84  stm32f10x_usart.o(i.USART_GetITStatus)
    USART_ITConfig                           0x08001aef   Thumb Code    74  stm32f10x_usart.o(i.USART_ITConfig)
    USART_Init                               0x08001b39   Thumb Code   210  stm32f10x_usart.o(i.USART_Init)
    USART_ReceiveData                        0x08001c11   Thumb Code    10  stm32f10x_usart.o(i.USART_ReceiveData)
    USART_SendData                           0x08001c1b   Thumb Code     8  stm32f10x_usart.o(i.USART_SendData)
    UartBegin                                0x08001c25   Thumb Code    26  serialportapi.o(i.UartBegin)
    UsageFault_Handler                       0x08001c49   Thumb Code     4  stm32f10x_it.o(i.UsageFault_Handler)
    W25QXX_Erase_Sector                      0x08001c4d   Thumb Code    70  w25qxx.o(i.W25QXX_Erase_Sector)
    W25QXX_Init                              0x08001ca5   Thumb Code    74  w25qxx.o(i.W25QXX_Init)
    W25QXX_Read                              0x08001cfd   Thumb Code    74  w25qxx.o(i.W25QXX_Read)
    W25QXX_ReadID                            0x08001d4d   Thumb Code    64  w25qxx.o(i.W25QXX_ReadID)
    W25QXX_ReadSR                            0x08001d95   Thumb Code    36  w25qxx.o(i.W25QXX_ReadSR)
    W25QXX_Wait_Busy                         0x08001dc1   Thumb Code    18  w25qxx.o(i.W25QXX_Wait_Busy)
    W25QXX_Write                             0x08001dd5   Thumb Code   180  w25qxx.o(i.W25QXX_Write)
    W25QXX_Write_Enable                      0x08001e8d   Thumb Code    24  w25qxx.o(i.W25QXX_Write_Enable)
    W25QXX_Write_NoCheck                     0x08001ead   Thumb Code    70  w25qxx.o(i.W25QXX_Write_NoCheck)
    W25QXX_Write_Page                        0x08001ef5   Thumb Code    80  w25qxx.o(i.W25QXX_Write_Page)
    __0printf$8                              0x08001f49   Thumb Code    22  printf8.o(i.__0printf$8)
    __1printf$8                              0x08001f49   Thumb Code     0  printf8.o(i.__0printf$8)
    __2printf                                0x08001f49   Thumb Code     0  printf8.o(i.__0printf$8)
    __0sprintf$8                             0x08001f69   Thumb Code    34  printf8.o(i.__0sprintf$8)
    __1sprintf$8                             0x08001f69   Thumb Code     0  printf8.o(i.__0sprintf$8)
    __2sprintf                               0x08001f69   Thumb Code     0  printf8.o(i.__0sprintf$8)
    __aeabi_errno_addr                       0x08001f91   Thumb Code     4  errno.o(i.__aeabi_errno_addr)
    __rt_errno_addr                          0x08001f91   Thumb Code     0  errno.o(i.__aeabi_errno_addr)
    __scatterload_copy                       0x08001f99   Thumb Code    14  handlers.o(i.__scatterload_copy)
    __scatterload_null                       0x08001fa7   Thumb Code     2  handlers.o(i.__scatterload_null)
    __scatterload_zeroinit                   0x08001fa9   Thumb Code    14  handlers.o(i.__scatterload_zeroinit)
    delay                                    0x08002425   Thumb Code    24  sim800c.o(i.delay)
    delay_init                               0x0800243d   Thumb Code    50  delay.o(i.delay_init)
    delay_ms                                 0x08002481   Thumb Code    72  delay.o(i.delay_ms)
    eAT                                      0x080024cd   Thumb Code    24  sim800c.o(i.eAT)
    eATCIFSR                                 0x080024ed   Thumb Code    78  sim800c.o(i.eATCIFSR)
    eATCIICR                                 0x08002551   Thumb Code    26  sim800c.o(i.eATCIICR)
    eATCSQ                                   0x0800257d   Thumb Code    58  sim800c.o(i.eATCSQ)
    eATFTPQUIT                               0x080025d1   Thumb Code    42  sim800c.o(i.eATFTPQUIT)
    fputc                                    0x08002611   Thumb Code    24  uart.o(i.fputc)
    iap_load_app                             0x0800262d   Thumb Code    36  iap.o(i.iap_load_app)
    iap_write_appbin                         0x08002659   Thumb Code    98  iap.o(i.iap_write_appbin)
    main                                     0x080026c1   Thumb Code   598  main.o(i.main)
    millis                                   0x08002b19   Thumb Code     6  sim800c.o(i.millis)
    qATCGATT                                 0x08002b25   Thumb Code    58  sim800c.o(i.qATCGATT)
    qATCPIN                                  0x08002b81   Thumb Code    60  sim800c.o(i.qATCPIN)
    qATCREG0                                 0x08002bd9   Thumb Code    66  sim800c.o(i.qATCREG0)
    recvFind                                 0x08002c35   Thumb Code    40  sim800c.o(i.recvFind)
    recvFindAndFilter                        0x08002c61   Thumb Code   128  sim800c.o(i.recvFindAndFilter)
    recvString                               0x08002d01   Thumb Code    82  sim800c.o(i.recvString)
    rx_empty                                 0x08002d53   Thumb Code     8  sim800c.o(i.rx_empty)
    sATCIPMODE                               0x08002d5d   Thumb Code    36  sim800c.o(i.sATCIPMODE)
    sATCPOWD                                 0x08002d91   Thumb Code    38  sim800c.o(i.sATCPOWD)
    sATCSTT                                  0x08002dd9   Thumb Code    42  sim800c.o(i.sATCSTT)
    sATFTPCID                                0x08002e15   Thumb Code    46  sim800c.o(i.sATFTPCID)
    sATFTPGET                                0x08002e5d   Thumb Code   194  sim800c.o(i.sATFTPGET)
    sATFTPGETNAME                            0x08002fbd   Thumb Code    46  sim800c.o(i.sATFTPGETNAME)
    sATFTPGETPATH                            0x08003009   Thumb Code    46  sim800c.o(i.sATFTPGETPATH)
    sATFTPPW                                 0x08003055   Thumb Code    46  sim800c.o(i.sATFTPPW)
    sATFTPSERV                               0x0800309d   Thumb Code    46  sim800c.o(i.sATFTPSERV)
    sATFTPUN                                 0x080030e5   Thumb Code    46  sim800c.o(i.sATFTPUN)
    sATSAPBR1                                0x0800312d   Thumb Code    52  sim800c.o(i.sATSAPBR1)
    sATSAPBR2                                0x08003181   Thumb Code    46  sim800c.o(i.sATSAPBR2)
    stringFindAndFilter                      0x080031c5   Thumb Code   112  sim800c.o(i.stringFindAndFilter)
    timer1msINT                              0x0800325d   Thumb Code    12  sim800c.o(i.timer1msINT)
    __ctype_table                            0x0800326c   Data         129  ctype_o.o(.constdata)
    Region$$Table$$Base                      0x080032f4   Number         0  anon$$obj.o(Region$$Table)
    Region$$Table$$Limit                     0x08003314   Number         0  anon$$obj.o(Region$$Table)
    app_temp_len                             0x20000000   Data           4  main.o(.data)
    http_buf                                 0x20000004   Data           2  main.o(.data)
    SystemCoreClock                          0x20000008   Data           4  system_stm32f10x.o(.data)
    AHBPrescTable                            0x2000000c   Data          16  system_stm32f10x.o(.data)
    W25QXX_TYPE                              0x2000001c   Data           2  w25qxx.o(.data)
    USART_RX_STA                             0x20000024   Data           2  uart.o(.data)
    USART_RX_CNT                             0x20000026   Data           2  uart.o(.data)
    __stdout                                 0x20000028   Data           4  uart.o(.data)
    jump2app                                 0x20000040   Data           4  iap.o(.data)
    _buffer_overflow                         0x20000046   Data           1  serialportapi.o(.data)
    sys_tick                                 0x20000050   Data           4  sim800c.o(.data)
    sim_csq                                  0x20000054   Data           1  sim800c.o(.data)
    sim_loc                                  0x20000058   Data           4  sim800c.o(.data)
    sim_ci                                   0x2000005c   Data           4  sim800c.o(.data)
    app_temp                                 0x20000064   Data        1024  main.o(.bss)
    flash_buf                                0x20000464   Data          10  main.o(.bss)
    STMFLASH_BUF                             0x2000046e   Data        2048  stmflash.o(.bss)
    data_rec                                 0x20000c6e   Data         512  sim800c.o(.bss)
    sim_ip                                   0x20000e6e   Data          15  sim800c.o(.bss)
    sim_imei                                 0x20000e7d   Data          16  sim800c.o(.bss)
    USART_RX_BUF                             0x20001000   Data        1024  uart.o(.ARM.__AT_0x20001000)
    W25QXX_BUFFER                            0x20001400   Data        4096  w25qxx.o(.bss)
    iapbuf                                   0x20002400   Data        2048  iap.o(.bss)
    __initial_sp                             0x20003800   Data           0  startup_stm32f10x_md.o(STACK)



==============================================================================

Memory Map of the image

  Image Entry point : 0x080000ed

  Load Region LR_IROM1 (Base: 0x08000000, Size: 0x00003378, Max: 0x00010000, ABSOLUTE)

    Execution Region ER_IROM1 (Base: 0x08000000, Size: 0x00003314, Max: 0x00010000, ABSOLUTE)

    Base Addr    Size         Type   Attr      Idx    E Section Name        Object

    0x08000000   0x000000ec   Data   RO          691    RESET               startup_stm32f10x_md.o
    0x080000ec   0x00000000   Code   RO         2928  * .ARM.Collect$$$$00000000  mc_w.l(entry.o)
    0x080000ec   0x00000004   Code   RO         3208    .ARM.Collect$$$$00000001  mc_w.l(entry2.o)
    0x080000f0   0x00000004   Code   RO         3211    .ARM.Collect$$$$00000004  mc_w.l(entry5.o)
    0x080000f4   0x00000000   Code   RO         3213    .ARM.Collect$$$$00000008  mc_w.l(entry7b.o)
    0x080000f4   0x00000000   Code   RO         3215    .ARM.Collect$$$$0000000A  mc_w.l(entry8b.o)
    0x080000f4   0x00000008   Code   RO         3216    .ARM.Collect$$$$0000000B  mc_w.l(entry9a.o)
    0x080000fc   0x00000000   Code   RO         3218    .ARM.Collect$$$$0000000D  mc_w.l(entry10a.o)
    0x080000fc   0x00000000   Code   RO         3220    .ARM.Collect$$$$0000000F  mc_w.l(entry11a.o)
    0x080000fc   0x00000004   Code   RO         3209    .ARM.Collect$$$$00002712  mc_w.l(entry2.o)
    0x08000100   0x00000006   Code   RO          537    .emb_text           sys.o
    0x08000106   0x00000002   PAD
    0x08000108   0x00000024   Code   RO          692    .text               startup_stm32f10x_md.o
    0x0800012c   0x00000024   Code   RO         2931    .text               mc_w.l(memseta.o)
    0x08000150   0x00000024   Code   RO         2933    .text               mc_w.l(strstr.o)
    0x08000174   0x00000018   Code   RO         2935    .text               mc_w.l(strncpy.o)
    0x0800018c   0x0000000e   Code   RO         2939    .text               mc_w.l(strlen.o)
    0x0800019a   0x0000001c   Code   RO         2941    .text               mc_w.l(strcmp.o)
    0x080001b6   0x00000012   Code   RO         2943    .text               mc_w.l(strcpy.o)
    0x080001c8   0x0000001a   Code   RO         3206    .text               mc_w.l(atoi.o)
    0x080001e2   0x00000062   Code   RO         3224    .text               mc_w.l(uldiv.o)
    0x08000244   0x00000070   Code   RO         3233    .text               mc_w.l(strtol.o)
    0x080002b4   0x00000024   Code   RO         3246    .text               mc_w.l(init.o)
    0x080002d8   0x0000001e   Code   RO         3248    .text               mc_w.l(llshl.o)
    0x080002f6   0x00000020   Code   RO         3250    .text               mc_w.l(llushr.o)
    0x08000316   0x00000002   PAD
    0x08000318   0x00000008   Code   RO         3254    .text               mc_w.l(ctype_o.o)
    0x08000320   0x0000009e   Code   RO         3282    .text               mc_w.l(_strtoul.o)
    0x080003be   0x0000001c   Code   RO         3286    .text               mc_w.l(_chval.o)
    0x080003da   0x00000004   Code   RO          166    i.BusFault_Handler  stm32f10x_it.o
    0x080003de   0x00000002   PAD
    0x080003e0   0x00000208   Code   RO         2331    i.CheckState        sim800c.o
    0x080005e8   0x0000000c   Code   RO         2332    i.ClearRecBuf       sim800c.o
    0x080005f4   0x0000001c   Code   RO         2264    i.ClearRxBuf        serialportapi.o
    0x08000610   0x00000070   Code   RO         2333    i.ConectTest        sim800c.o
    0x08000680   0x00000002   Code   RO          167    i.DebugMon_Handler  stm32f10x_it.o
    0x08000682   0x00000002   PAD
    0x08000684   0x0000004c   Code   RO         1351    i.FLASH_ErasePage   stm32f10x_flash.o
    0x080006d0   0x00000034   Code   RO         1352    i.FLASH_GetBank1Status  stm32f10x_flash.o
    0x08000704   0x00000014   Code   RO         1361    i.FLASH_Lock        stm32f10x_flash.o
    0x08000718   0x00000040   Code   RO         1364    i.FLASH_ProgramHalfWord  stm32f10x_flash.o
    0x08000758   0x00000018   Code   RO         1369    i.FLASH_Unlock      stm32f10x_flash.o
    0x08000770   0x00000026   Code   RO         1373    i.FLASH_WaitForLastOperation  stm32f10x_flash.o
    0x08000796   0x00000002   PAD
    0x08000798   0x0000023c   Code   RO         2334    i.FtpInit           sim800c.o
    0x080009d4   0x00000234   Code   RO            1    i.GPIO_Configuration  main.o
    0x08000c08   0x00000116   Code   RO          858    i.GPIO_Init         stm32f10x_gpio.o
    0x08000d1e   0x00000002   PAD
    0x08000d20   0x00000090   Code   RO          860    i.GPIO_PinRemapConfig  stm32f10x_gpio.o
    0x08000db0   0x00000004   Code   RO          865    i.GPIO_ResetBits    stm32f10x_gpio.o
    0x08000db4   0x00000004   Code   RO          866    i.GPIO_SetBits      stm32f10x_gpio.o
    0x08000db8   0x00000010   Code   RO            2    i.GPRS_USART        main.o
    0x08000dc8   0x00000064   Code   RO         2335    i.GSMInit           sim800c.o
    0x08000e2c   0x00000060   Code   RO         2336    i.GSM_restart       sim800c.o
    0x08000e8c   0x00000004   Code   RO          168    i.HardFault_Handler  stm32f10x_it.o
    0x08000e90   0x0000003c   Code   RO          323    i.KEY_Init          key.o
    0x08000ecc   0x0000004c   Code   RO          311    i.LED_Init          led.o
    0x08000f18   0x00000004   Code   RO          169    i.MemManage_Handler  stm32f10x_it.o
    0x08000f1c   0x00000002   Code   RO          170    i.NMI_Handler       stm32f10x_it.o
    0x08000f1e   0x00000048   Code   RO            3    i.NVIC_Configuration  main.o
    0x08000f66   0x00000002   PAD
    0x08000f68   0x00000070   Code   RO          696    i.NVIC_Init         misc.o
    0x08000fd8   0x00000014   Code   RO          697    i.NVIC_PriorityGroupConfig  misc.o
    0x08000fec   0x00000002   Code   RO          171    i.PendSV_Handler    stm32f10x_it.o
    0x08000fee   0x00000002   PAD
    0x08000ff0   0x00000020   Code   RO          968    i.RCC_APB1PeriphClockCmd  stm32f10x_rcc.o
    0x08001010   0x00000020   Code   RO          970    i.RCC_APB2PeriphClockCmd  stm32f10x_rcc.o
    0x08001030   0x000000d4   Code   RO          978    i.RCC_GetClocksFreq  stm32f10x_rcc.o
    0x08001104   0x00000094   Code   RO          381    i.SPI2_Init         spi.o
    0x08001198   0x00000054   Code   RO          382    i.SPI2_ReadWriteByte  spi.o
    0x080011ec   0x00000028   Code   RO          383    i.SPI2_SetSpeed     spi.o
    0x08001214   0x00000018   Code   RO         1525    i.SPI_Cmd           stm32f10x_spi.o
    0x0800122c   0x00000012   Code   RO         1533    i.SPI_I2S_GetFlagStatus  stm32f10x_spi.o
    0x0800123e   0x00000006   Code   RO         1536    i.SPI_I2S_ReceiveData  stm32f10x_spi.o
    0x08001244   0x00000004   Code   RO         1537    i.SPI_I2S_SendData  stm32f10x_spi.o
    0x08001248   0x0000003c   Code   RO         1538    i.SPI_Init          stm32f10x_spi.o
    0x08001284   0x00000022   Code   RO          342    i.STMFLASH_Read     stmflash.o
    0x080012a6   0x00000006   Code   RO          343    i.STMFLASH_ReadHalfWord  stmflash.o
    0x080012ac   0x000000e8   Code   RO          344    i.STMFLASH_Write    stmflash.o
    0x08001394   0x00000026   Code   RO          345    i.STMFLASH_Write_NoCheck  stmflash.o
    0x080013ba   0x00000002   Code   RO          172    i.SVC_Handler       stm32f10x_it.o
    0x080013bc   0x00000024   Code   RO         2265    i.SerialAvailable   serialportapi.o
    0x080013e0   0x00000058   Code   RO         2266    i.SerialInt         serialportapi.o
    0x08001438   0x00000054   Code   RO         2267    i.SerialPrint       serialportapi.o
    0x0800148c   0x00000024   Code   RO         2268    i.SerialPrintln     serialportapi.o
    0x080014b0   0x00000040   Code   RO         2269    i.SerialRead        serialportapi.o
    0x080014f0   0x00000008   Code   RO          277    i.SetSysClock       system_stm32f10x.o
    0x080014f8   0x000000e0   Code   RO          278    i.SetSysClockTo72   system_stm32f10x.o
    0x080015d8   0x00000018   Code   RO         2886    i.StringAddchar     stringapiext.o
    0x080015f0   0x0000001c   Code   RO         2887    i.StringIndex       stringapiext.o
    0x0800160c   0x0000000c   Code   RO         2889    i.StringLenth       stringapiext.o
    0x08001618   0x00000040   Code   RO         2890    i.StringSubstring   stringapiext.o
    0x08001658   0x00000028   Code   RO          700    i.SysTick_CLKSourceConfig  misc.o
    0x08001680   0x00000002   Code   RO          173    i.SysTick_Handler   stm32f10x_it.o
    0x08001682   0x00000002   PAD
    0x08001684   0x00000060   Code   RO          280    i.SystemInit        system_stm32f10x.o
    0x080016e4   0x0000001a   Code   RO          174    i.TIM2_IRQHandler   stm32f10x_it.o
    0x080016fe   0x00000048   Code   RO         2236    i.TIM2_Init         interface.o
    0x08001746   0x00000006   Code   RO         1675    i.TIM_ClearITPendingBit  stm32f10x_tim.o
    0x0800174c   0x00000018   Code   RO         1680    i.TIM_Cmd           stm32f10x_tim.o
    0x08001764   0x00000022   Code   RO         1701    i.TIM_GetITStatus   stm32f10x_tim.o
    0x08001786   0x00000012   Code   RO         1705    i.TIM_ITConfig      stm32f10x_tim.o
    0x08001798   0x000000a4   Code   RO         1751    i.TIM_TimeBaseInit  stm32f10x_tim.o
    0x0800183c   0x00000020   Code   RO          566    i.U1_PutChar        uart.o
    0x0800185c   0x000000b4   Code   RO          577    i.USART1Conf        uart.o
    0x08001910   0x0000002c   Code   RO          175    i.USART1_IRQHandler  stm32f10x_it.o
    0x0800193c   0x000000b0   Code   RO          578    i.USART2Conf        uart.o
    0x080019ec   0x0000004c   Code   RO          176    i.USART2_IRQHandler  stm32f10x_it.o
    0x08001a38   0x00000012   Code   RO         1166    i.USART_ClearFlag   stm32f10x_usart.o
    0x08001a4a   0x0000001e   Code   RO         1167    i.USART_ClearITPendingBit  stm32f10x_usart.o
    0x08001a68   0x00000018   Code   RO         1170    i.USART_Cmd         stm32f10x_usart.o
    0x08001a80   0x0000001a   Code   RO         1173    i.USART_GetFlagStatus  stm32f10x_usart.o
    0x08001a9a   0x00000054   Code   RO         1174    i.USART_GetITStatus  stm32f10x_usart.o
    0x08001aee   0x0000004a   Code   RO         1176    i.USART_ITConfig    stm32f10x_usart.o
    0x08001b38   0x000000d8   Code   RO         1177    i.USART_Init        stm32f10x_usart.o
    0x08001c10   0x0000000a   Code   RO         1184    i.USART_ReceiveData  stm32f10x_usart.o
    0x08001c1a   0x00000008   Code   RO         1187    i.USART_SendData    stm32f10x_usart.o
    0x08001c22   0x00000002   PAD
    0x08001c24   0x00000024   Code   RO         2272    i.UartBegin         serialportapi.o
    0x08001c48   0x00000004   Code   RO          177    i.UsageFault_Handler  stm32f10x_it.o
    0x08001c4c   0x00000058   Code   RO          409    i.W25QXX_Erase_Sector  w25qxx.o
    0x08001ca4   0x00000058   Code   RO          410    i.W25QXX_Init       w25qxx.o
    0x08001cfc   0x00000050   Code   RO          412    i.W25QXX_Read       w25qxx.o
    0x08001d4c   0x00000048   Code   RO          413    i.W25QXX_ReadID     w25qxx.o
    0x08001d94   0x0000002c   Code   RO          414    i.W25QXX_ReadSR     w25qxx.o
    0x08001dc0   0x00000012   Code   RO          416    i.W25QXX_Wait_Busy  w25qxx.o
    0x08001dd2   0x00000002   PAD
    0x08001dd4   0x000000b8   Code   RO          417    i.W25QXX_Write      w25qxx.o
    0x08001e8c   0x00000020   Code   RO          419    i.W25QXX_Write_Enable  w25qxx.o
    0x08001eac   0x00000046   Code   RO          420    i.W25QXX_Write_NoCheck  w25qxx.o
    0x08001ef2   0x00000002   PAD
    0x08001ef4   0x00000054   Code   RO          421    i.W25QXX_Write_Page  w25qxx.o
    0x08001f48   0x00000020   Code   RO         3152    i.__0printf$8       mc_w.l(printf8.o)
    0x08001f68   0x00000028   Code   RO         3154    i.__0sprintf$8      mc_w.l(printf8.o)
    0x08001f90   0x00000008   Code   RO         3226    i.__aeabi_errno_addr  mc_w.l(errno.o)
    0x08001f98   0x0000000e   Code   RO         3290    i.__scatterload_copy  mc_w.l(handlers.o)
    0x08001fa6   0x00000002   Code   RO         3291    i.__scatterload_null  mc_w.l(handlers.o)
    0x08001fa8   0x0000000e   Code   RO         3292    i.__scatterload_zeroinit  mc_w.l(handlers.o)
    0x08001fb6   0x00000002   PAD
    0x08001fb8   0x00000410   Code   RO         3159    i._printf_core      mc_w.l(printf8.o)
    0x080023c8   0x00000024   Code   RO         3160    i._printf_post_padding  mc_w.l(printf8.o)
    0x080023ec   0x0000002e   Code   RO         3161    i._printf_pre_padding  mc_w.l(printf8.o)
    0x0800241a   0x0000000a   Code   RO         3163    i._sputc            mc_w.l(printf8.o)
    0x08002424   0x00000018   Code   RO         2344    i.delay             sim800c.o
    0x0800243c   0x00000044   Code   RO          511    i.delay_init        delay.o
    0x08002480   0x0000004c   Code   RO          512    i.delay_ms          delay.o
    0x080024cc   0x00000020   Code   RO         2346    i.eAT               sim800c.o
    0x080024ec   0x00000064   Code   RO         2347    i.eATCIFSR          sim800c.o
    0x08002550   0x0000002c   Code   RO         2348    i.eATCIICR          sim800c.o
    0x0800257c   0x00000054   Code   RO         2351    i.eATCSQ            sim800c.o
    0x080025d0   0x00000040   Code   RO         2355    i.eATFTPQUIT        sim800c.o
    0x08002610   0x0000001c   Code   RO          581    i.fputc             uart.o
    0x0800262c   0x0000002c   Code   RO         2212    i.iap_load_app      iap.o
    0x08002658   0x00000068   Code   RO         2213    i.iap_write_appbin  iap.o
    0x080026c0   0x00000458   Code   RO            4    i.main              main.o
    0x08002b18   0x0000000c   Code   RO         2365    i.millis            sim800c.o
    0x08002b24   0x0000005c   Code   RO         2366    i.qATCGATT          sim800c.o
    0x08002b80   0x00000058   Code   RO         2368    i.qATCPIN           sim800c.o
    0x08002bd8   0x0000005c   Code   RO         2369    i.qATCREG0          sim800c.o
    0x08002c34   0x0000002c   Code   RO         2374    i.recvFind          sim800c.o
    0x08002c60   0x000000a0   Code   RO         2375    i.recvFindAndFilter  sim800c.o
    0x08002d00   0x00000052   Code   RO         2377    i.recvString        sim800c.o
    0x08002d52   0x00000008   Code   RO         2380    i.rx_empty          sim800c.o
    0x08002d5a   0x00000002   PAD
    0x08002d5c   0x00000034   Code   RO         2382    i.sATCIPMODE        sim800c.o
    0x08002d90   0x00000048   Code   RO         2387    i.sATCPOWD          sim800c.o
    0x08002dd8   0x0000003c   Code   RO         2389    i.sATCSTT           sim800c.o
    0x08002e14   0x00000048   Code   RO         2400    i.sATFTPCID         sim800c.o
    0x08002e5c   0x00000160   Code   RO         2401    i.sATFTPGET         sim800c.o
    0x08002fbc   0x0000004c   Code   RO         2402    i.sATFTPGETNAME     sim800c.o
    0x08003008   0x0000004c   Code   RO         2403    i.sATFTPGETPATH     sim800c.o
    0x08003054   0x00000048   Code   RO         2404    i.sATFTPPW          sim800c.o
    0x0800309c   0x00000048   Code   RO         2405    i.sATFTPSERV        sim800c.o
    0x080030e4   0x00000048   Code   RO         2406    i.sATFTPUN          sim800c.o
    0x0800312c   0x00000054   Code   RO         2411    i.sATSAPBR1         sim800c.o
    0x08003180   0x00000044   Code   RO         2412    i.sATSAPBR2         sim800c.o
    0x080031c4   0x00000098   Code   RO         2417    i.stringFindAndFilter  sim800c.o
    0x0800325c   0x00000010   Code   RO         2418    i.timer1msINT       sim800c.o
    0x0800326c   0x00000081   Data   RO         3255    .constdata          mc_w.l(ctype_o.o)
    0x080032ed   0x00000003   PAD
    0x080032f0   0x00000004   Data   RO         3256    .constdata          mc_w.l(ctype_o.o)
    0x080032f4   0x00000020   Data   RO         3288    Region$$Table       anon$$obj.o


    Execution Region RW_IRAM1 (Base: 0x20000000, Size: 0x00003800, Max: 0x00005000, ABSOLUTE)

    Base Addr    Size         Type   Attr      Idx    E Section Name        Object

    0x20000000   0x00000006   Data   RW            6    .data               main.o
    0x20000006   0x00000002   PAD
    0x20000008   0x00000014   Data   RW          281    .data               system_stm32f10x.o
    0x2000001c   0x00000002   Data   RW          424    .data               w25qxx.o
    0x2000001e   0x00000004   Data   RW          514    .data               delay.o
    0x20000022   0x00000002   PAD
    0x20000024   0x00000008   Data   RW          583    .data               uart.o
    0x2000002c   0x00000014   Data   RW          998    .data               stm32f10x_rcc.o
    0x20000040   0x00000004   Data   RW         2215    .data               iap.o
    0x20000044   0x0000000c   Data   RW         2274    .data               serialportapi.o
    0x20000050   0x00000010   Data   RW         2421    .data               sim800c.o
    0x20000060   0x00000004   Data   RW         3229    .data               mc_w.l(errno.o)
    0x20000064   0x0000040a   Zero   RW            5    .bss                main.o
    0x2000046e   0x00000800   Zero   RW          347    .bss                stmflash.o
    0x20000c6e   0x0000021f   Zero   RW         2419    .bss                sim800c.o
    0x20000e8d   0x00000173   PAD
    0x20001000   0x00000400   Zero   RW          582    .ARM.__AT_0x20001000  uart.o
    0x20001400   0x00001000   Zero   RW          423    .bss                w25qxx.o
    0x20002400   0x00000800   Zero   RW         2214    .bss                iap.o
    0x20002c00   0x00000400   Zero   RW         2273    .bss                serialportapi.o
    0x20003000   0x00000800   Zero   RW          689    STACK               startup_stm32f10x_md.o


==============================================================================

Image component sizes


      Code (inc. data)   RO Data    RW Data    ZI Data      Debug   Object Name

       144         22          0          4          0       1152   delay.o
       148         14          0          4       2048       1884   iap.o
        72          0          0          0          0        504   interface.o
        60          8          0          0          0        483   key.o
        76          8          0          0          0        487   led.o
      1764        530          0          6       1034     268617   main.o
       172         22          0          0          0       2009   misc.o
       372         74          0         12       1024       4825   serialportapi.o
      3634       1306          0         16        543      21940   sim800c.o
       272         18          0          0          0       1729   spi.o
        36          8        236          0       2048        784   startup_stm32f10x_md.o
       274         30          0          0          0       3314   stm32f10x_flash.o
       430          6          0          0          0       3790   stm32f10x_gpio.o
       172         18          0          0          0     206696   stm32f10x_it.o
       276         32          0         20          0       4370   stm32f10x_rcc.o
       112          0          0          0          0       3734   stm32f10x_spi.o
       246         42          0          0          0       3466   stm32f10x_tim.o
       490          6          0          0          0       7185   stm32f10x_usart.o
       310         10          0          0       2048       3377   stmflash.o
       128          0          0          0          0       2438   stringapiext.o
         6          0          0          0          0        364   sys.o
       328         28          0         20          0       2025   system_stm32f10x.o
       416         24          0          8       1024       4408   uart.o
       760         70          0          2       4096       6541   w25qxx.o

    ----------------------------------------------------------------------
     10722       2276        268         96      14236     556122   Object Totals
         0          0         32          0          0          0   (incl. Generated)
        24          0          0          4        371          0   (incl. Padding)

    ----------------------------------------------------------------------

      Code (inc. data)   RO Data    RW Data    ZI Data      Debug   Library Member Name

        28          0          0          0          0         68   _chval.o
       158          0          0          0          0         92   _strtoul.o
        26          0          0          0          0         80   atoi.o
         8          4        133          0          0         68   ctype_o.o
         0          0          0          0          0          0   entry.o
         0          0          0          0          0          0   entry10a.o
         0          0          0          0          0          0   entry11a.o
         8          4          0          0          0          0   entry2.o
         4          0          0          0          0          0   entry5.o
         0          0          0          0          0          0   entry7b.o
         0          0          0          0          0          0   entry8b.o
         8          4          0          0          0          0   entry9a.o
         8          4          0          4          0         68   errno.o
        30          0          0          0          0          0   handlers.o
        36          8          0          0          0         68   init.o
        30          0          0          0          0         68   llshl.o
        32          0          0          0          0         68   llushr.o
        36          0          0          0          0        108   memseta.o
      1204         60          0          0          0        504   printf8.o
        28          0          0          0          0         76   strcmp.o
        18          0          0          0          0         68   strcpy.o
        14          0          0          0          0         68   strlen.o
        24          0          0          0          0         76   strncpy.o
        36          0          0          0          0         80   strstr.o
       112          0          0          0          0         88   strtol.o
        98          0          0          0          0         92   uldiv.o

    ----------------------------------------------------------------------
      1950         84        136          4          0       1740   Library Totals
         4          0          3          0          0          0   (incl. Padding)

    ----------------------------------------------------------------------

      Code (inc. data)   RO Data    RW Data    ZI Data      Debug   Library Name

      1946         84        133          4          0       1740   mc_w.l

    ----------------------------------------------------------------------
      1950         84        136          4          0       1740   Library Totals

    ----------------------------------------------------------------------

==============================================================================


      Code (inc. data)   RO Data    RW Data    ZI Data      Debug   

     12672       2360        404        100      14236     550682   Grand Totals
     12672       2360        404        100      14236     550682   ELF Image Totals
     12672       2360        404        100          0          0   ROM Totals

==============================================================================

    Total RO  Size (Code + RO Data)                13076 (  12.77kB)
    Total RW  Size (RW Data + ZI Data)             14336 (  14.00kB)
    Total ROM Size (Code + RO Data + RW Data)      13176 (  12.87kB)

==============================================================================

